***** External Functions *****
1    AddFontRegistrationToLog                           isrt.obl(Misc.obs)
2    AppSearch                                          isrt.obl(Driver.obs)
3    AskDestPath                                        isrt.obl(AskDestPathDlg.obs)
4    AskOptions                                         isrt.obl(AskOptionsDlg.obs)
5    CCPSearch                                          isrt.obl(Driver.obs)
6    ChangeDirectory                                    isrt.obl(Files.obs)
7    CloseFile                                          isrt.obl(Files.obs)
8    CmdGetHwndDlg                                      isrt.obl(CustomDialog.obs)
9    ComponentAddFileToLog                              isrt.obl(component.obs)
10   ComponentCompareSizeRequired                       isrt.obl(component.obs)
11   ComponentGetData                                   isrt.obl(component.obs)
12   ComponentGetTotalCost                              isrt.obl(component.obs)
13   ComponentIsItemSelected                            isrt.obl(component.obs)
14   ComponentListItems                                 isrt.obl(component.obs)
15   ComponentSelectItem                                isrt.obl(component.obs)
16   ComponentTreeInit                                  isrt.obl(Dialogs.obs)
17   CreateDir                                          isrt.obl(Files.obs)
18   CreateFile                                         isrt.obl(Files.obs)
19   CreateInstallationInfo                             isrt.obl(Registry.obs)
20   CreateRegistrySet                                  isrt.obl(Feature.obs)
21   CtrlGetCurSel                                      isrt.obl(CustomDialog.obs)
22   CtrlGetNotificationCode                            isrt.obl(CustomDialog.obs)
23   CtrlGetState                                       isrt.obl(CustomDialog.obs)
24   CtrlGetSubCommand                                  isrt.obl(CustomDialog.obs)
25   CtrlGetText                                        isrt.obl(CustomDialog.obs)
26   CtrlSelectText                                     isrt.obl(CustomDialog.obs)
27   CtrlSetCurSel                                      isrt.obl(CustomDialog.obs)
28   CtrlSetList                                        isrt.obl(CustomDialog.obs)
29   CtrlSetMLEText                                     isrt.obl(CustomDialog.obs)
30   CtrlSetState                                       isrt.obl(CustomDialog.obs)
31   CtrlSetText                                        isrt.obl(CustomDialog.obs)
32   DRMINSTALLERPRO.DRMInstallPRO                      isrt.obl(Activation.obs)
33   DRMINSTALLERPRO.DRMUnInstallPRO                    isrt.obl(Activation.obs)
34   DefineDialog                                       isrt.obl(CustomDialog.obs)
35   Delay                                              isrt.obl(Misc.obs)
36   DeleteFile                                         isrt.obl(Files.obs)
37   DeleteSingleFile                                   isrt.obl(Files.obs)
38   DialogSetDefaultFont                               isrt.obl(Dialogs.obs)
39   DialogSetFont                                      isrt.obl(Dialogs.obs)
40   DialogSetInfo                                      isrt.obl(Dialogs.obs)
41   Disable                                            isrt.obl(Enable.obs)
42   DllSizeOf                                          isrt.obl(Str.obs)
43   Do                                                 isrt.obl(Misc.obs)
44   Enable                                             isrt.obl(Enable.obs)
45   EndCurrentDialog                                   isrt.obl(Dialogs.obs)
46   EndDialog                                          isrt.obl(CustomDialog.obs)
47   EnterDisk                                          isrt.obl(EnterDisk.obs)
48   EnterPassword                                      isrt.obl(EnterPasswordDlg.obs)
49   ExistsDir                                          isrt.obl(Files.obs)
50   ExistsDisk                                         isrt.obl(Files.obs)
51   ExitInstall                                        isrt.obl(Driver.obs)
52   EzDefineDialog                                     isrt.obl(CustomDialog.obs)
53   FeatureAddFileToLog                                isrt.obl(Feature.obs)
54   FeatureCompareSizeRequired                         isrt.obl(Feature.obs)
55   FeatureErrorInfo                                   isrt.obl(Feature.obs)
56   FeatureFilterLanguage                              isrt.obl(Feature.obs)
57   FeatureFilterOS                                    isrt.obl(Feature.obs)
58   FeatureGetData                                     isrt.obl(Feature.obs)
59   FeatureGetTotalCost                                isrt.obl(Feature.obs)
60   FeatureIsItemSelected                              isrt.obl(Feature.obs)
61   FeatureListItems                                   isrt.obl(Feature.obs)
62   FeaturePatch                                       isrt.obl(Feature.obs)
63   FeatureReinstall                                   isrt.obl(Feature.obs)
64   FeatureRemoveAllInLogOnly                          isrt.obl(Feature.obs)
65   FeatureRemoveAllInMedia                            isrt.obl(Feature.obs)
66   FeatureRemoveAllInMediaAndLog                      isrt.obl(Feature.obs)
67   FeatureSaveTarget                                  isrt.obl(Feature.obs)
68   FeatureSelectItem                                  isrt.obl(Feature.obs)
69   FeatureSelectNew                                   isrt.obl(Feature.obs)
70   FeatureTransferData                                isrt.obl(Feature.obs)
71   FeatureUpdate                                      isrt.obl(Feature.obs)
72   FeatureValidate                                    isrt.obl(Feature.obs)
73   FinalConstruct                                     ifx.obl(EventsPriv.obs)
74   FinalRelease                                       ifx.obl(EventsPriv.obs)
75   FindFile                                           isrt.obl(Files.obs)
76   FormatMessage                                      isrt.obl(Misc.obs)
77   GDI32.AddFontResource                              Setup.obs
78   GDI32.CreateRectRgn                                Setup.obs
79   GDI32.GetDeviceCaps                                Setup.obs
80   GDI32.RemoveFontResource                           Setup.obs
81   GetAddRemove                                       isrt.obl(SysVars.obs)
82   GetBillboard                                       isrt.obl(SysVars.obs)
83   GetCurrentDialogName                               isrt.obl(Dialogs.obs)
84   GetCurrentDir                                      isrt.obl(Files.obs)
85   GetDialogTitle                                     isrt.obl(Dialogs.obs)
86   GetDir                                             isrt.obl(Str.obs)
87   GetDisk                                            isrt.obl(Str.obs)
88   GetDiskSpace                                       isrt.obl(GSI.obs)
89   GetDiskSpaceEx                                     isrt.obl(GSI.obs)
90   GetEnabledIServices                                isrt.obl(SysVars.obs)
91   GetEngineDir                                       isrt.obl(SysVars.obs)
92   GetErrorMsg                                        isrt.obl(Dialogs.obs)
93   GetErrorTitle                                      isrt.obl(Dialogs.obs)
94   GetExtents                                         isrt.obl(GSI.obs)
95   GetFolderApplications                              isrt.obl(SysVars.obs)
96   GetFolderFonts                                     isrt.obl(SysVars.obs)
97   GetISRes                                           isrt.obl(SysVars.obs)
98   GetInstallScriptMSI                                isrt.obl(SysVars.obs)
99   GetInstanceGUID                                    isrt.obl(SysVars.obs)
100  GetKeyPathWinCurrVerAuto                           isrt.obl(SysVars.obs)
101  GetLog                                             isrt.obl(SysVars.obs)
102  GetLogEx                                           isrt.obl(SysVars.obs)
103  GetMaintOption                                     isrt.obl(SysVars.obs)
104  GetMaintenance                                     isrt.obl(SysVars.obs)
105  GetMultiInstanceCount                              isrt.obl(SysVars.obs)
106  GetOpenFileMode                                    isrt.obl(Files.obs)
107  GetPackageLocation                                 isrt.obl(SysVars.obs)
108  GetProductGUID                                     isrt.obl(SysVars.obs)
109  GetProfString                                      isrt.obl(Profile.obs)
110  GetProgramFiles                                    isrt.obl(SysVars.obs)
111  GetRemoveAllMode                                   isrt.obl(SysVars.obs)
112  GetRemoveOnly                                      isrt.obl(SysVars.obs)
113  GetSelectedLanguage                                isrt.obl(SysVars.obs)
114  GetSelectedTreeComponent                           isrt.obl(CmptView.obs)
115  GetShowPasswordDialog                              isrt.obl(SysVars.obs)
116  GetSupportDir                                      isrt.obl(SysVars.obs)
117  GetSystemInfo                                      isrt.obl(GSI.obs)
118  GetTempFolder                                      isrt.obl(SysVars.obs)
119  GetTrueTypeFontFileInfo                            isrt.obl(Misc.obs)
120  GetUserSelectableAuto                              isrt.obl(SysVars.obs)
121  GetWinDir                                          isrt.obl(SysVars.obs)
122  GetWinSysDir                                       isrt.obl(SysVars.obs)
123  GetWindowHandle                                    isrt.obl(Misc.obs)
124  HIBYTE                                             isrt.obl(Misc.obs)
125  HIWORD                                             isrt.obl(Misc.obs)
126  ISDeterminePlatform                                isrt.obl(OsInfo.obs)
127  ISMIF32.InstallStatusMIF                           isrt.obl(MIF.obs)
128  ISRT.ComponentViewSetInfoEx                        isrt.obl(Dialogs.obs)
129  ISRT.EnableHourGlass                               isrt.obl(Enable.obs)
130  ISRT.GetCPUType                                    isrt.obl(GSI.obs)
131  ISRT.GetFontSub                                    isrt.obl(Dialogs.obs)
132  ISRT.GetHandle                                     Setup.obs
133  ISRT.GetPorts                                      isrt.obl(GSI.obs)
134  ISRT.IsEmpty                                       Setup.obs
135  ISRT.IsNTAdmin                                     isrt.obl(Is.obs)
136  ISRT.IsObject                                      Setup.obs
137  ISRT.IsPowerUser                                   isrt.obl(Is.obs)
138  ISRT.LangLoadString                                isrt.obl(SDINT.obs)
139  ISRT.MessageBeepP                                  Setup.obs
140  ISRT.PathCompactPathPixel                          isrt.obl(CustomDialog.obs)
141  ISRT.PathGetDir                                    isrt.obl(Str.obs)
142  ISRT.PathGetDrive                                  isrt.obl(Str.obs)
143  ISRT.PathGetFile                                   isrt.obl(Files.obs)
144  ISRT.PathGetFileExt                                isrt.obl(Str.obs)
145  ISRT.PathGetFileName                               isrt.obl(Str.obs)
146  ISRT.PathGetPath                                   isrt.obl(Str.obs)
147  ISRT.PathGetSpecialFolder                          isrt.obl(SysVars.obs)
148  ISRT.PathIsValidSyntax                             isrt.obl(Is.obs)
149  ISRT._AppSearch                                    Setup.obs
150  ISRT._BrowseForFolder                              isrt.obl(SelectDir.obs)
151  ISRT._CCPSearch                                    Setup.obs
152  ISRT._CleanupInet                                  isrt.obl(MIO.obs)
153  ISRT._CloseFile                                    isrt.obl(Files.obs)
154  ISRT._CmdGetHwndDlg                                isrt.obl(CustomDialog.obs)
155  ISRT._ComponentCompareSizeRequired                 isrt.obl(Feature.obs)
156  ISRT._ComponentErrorInfo                           isrt.obl(Feature.obs)
157  ISRT._ComponentFilterLanguage                      isrt.obl(Feature.obs)
158  ISRT._ComponentFilterOS                            isrt.obl(Feature.obs)
159  ISRT._ComponentGetData                             isrt.obl(Feature.obs)
160  ISRT._ComponentGetTotalCost                        isrt.obl(Feature.obs)
161  ISRT._ComponentGetTotalCostEx                      isrt.obl(SdComponentTreeDlg.obs)
162  ISRT._ComponentIsItemSelected                      isrt.obl(Feature.obs)
163  ISRT._ComponentListItems                           isrt.obl(Feature.obs)
164  ISRT._ComponentPatch                               isrt.obl(Feature.obs)
165  ISRT._ComponentReinstall                           isrt.obl(Feature.obs)
166  ISRT._ComponentRemoveAll                           isrt.obl(Feature.obs)
167  ISRT._ComponentRemoveAllInLogOnly                  isrt.obl(Feature.obs)
168  ISRT._ComponentSaveTarget                          isrt.obl(Feature.obs)
169  ISRT._ComponentSelectItem                          isrt.obl(Feature.obs)
170  ISRT._ComponentSelectNew                           isrt.obl(Feature.obs)
171  ISRT._ComponentTransferData                        isrt.obl(Feature.obs)
172  ISRT._ComponentUpdate                              isrt.obl(Feature.obs)
173  ISRT._ComponentValidate                            isrt.obl(Feature.obs)
174  ISRT._CreateDir                                    isrt.obl(Files.obs)
175  ISRT._CreateRegistrySet                            isrt.obl(Feature.obs)
176  ISRT._CtrlGetNotificationCode                      isrt.obl(CustomDialog.obs)
177  ISRT._CtrlGetSubCommand                            isrt.obl(CustomDialog.obs)
178  ISRT._CtrlSetMLERichText                           isrt.obl(CustomDialog.obs)
179  ISRT._DefineDialog                                 isrt.obl(CustomDialog.obs)
180  ISRT._DialogSetFont                                isrt.obl(Dialogs.obs)
181  ISRT._DisableStatus                                isrt.obl(Enable.obs)
182  ISRT._DoSprintf                                    isrt.obl(MsgBox.obs)
183  ISRT._EnableDialogCache                            isrt.obl(Enable.obs)
184  ISRT._EnablePrevDialog                             SQLRT.obl(SQLBrowse.obs)
185  ISRT._EnableSkins                                  isrt.obl(Enable.obs)
186  ISRT._EnableStatus                                 isrt.obl(Enable.obs)
187  ISRT._EndDialog                                    isrt.obl(CustomDialog.obs)
188  ISRT._ExistsDir                                    isrt.obl(Files.obs)
189  ISRT._ExistsDisk                                   isrt.obl(Files.obs)
190  ISRT._ExistsFile                                   isrt.obl(Files.obs)
191  ISRT._ExitInstall                                  Setup.obs
192  ISRT._GetCurrentDialogName                         isrt.obl(Dialogs.obs)
193  ISRT._GetDiskSpaceEx                               isrt.obl(GSI.obs)
194  ISRT._GetDiskSpaceExEx                             isrt.obl(SdComponentTreeDlg.obs)
195  ISRT._GetGlobalMemorySize                          isrt.obl(GSI.obs)
196  ISRT._GetSelectedTreeComponent                     isrt.obl(CmptView.obs)
197  ISRT._GetSupportDir                                isrt.obl(SysVars.obs)
198  ISRT._GetTrueTypeFontFileInfo                      isrt.obl(Misc.obs)
199  ISRT._InetEndofTransfer                            isrt.obl(iftw.obs)
200  ISRT._InetGetNextDisk                              isrt.obl(iftw.obs)
201  ISRT._InitInstall                                  Setup.obs
202  ISRT._IsFontTypefaceNameAvailable                  isrt.obl(Is.obs)
203  ISRT._IsSkinLoaded                                 isrt.obl(Is.obs)
204  ISRT._IsWindowsME                                  isrt.obl(GSI.obs)
205  ISRT._ListAddItem                                  isrt.obl(scrlist.obs)
206  ISRT._ListAddString                                isrt.obl(scrlist.obs)
207  ISRT._ListCount                                    isrt.obl(scrlist.obs)
208  ISRT._ListCreate                                   isrt.obl(scrlist.obs)
209  ISRT._ListCurrentString                            isrt.obl(scrlist.obs)
210  ISRT._ListDeleteItem                               isrt.obl(scrlist.obs)
211  ISRT._ListDeleteString                             isrt.obl(scrlist.obs)
212  ISRT._ListDestroy                                  isrt.obl(scrlist.obs)
213  ISRT._ListFindString                               isrt.obl(scrlist.obs)
214  ISRT._ListGetFirstItem                             isrt.obl(scrlist.obs)
215  ISRT._ListGetFirstString                           isrt.obl(scrlist.obs)
216  ISRT._ListGetNextItem                              isrt.obl(scrlist.obs)
217  ISRT._ListGetNextString                            isrt.obl(scrlist.obs)
218  ISRT._ListGetType                                  isrt.obl(scrlist.obs)
219  ISRT._ListReadFromFile                             isrt.obl(scrlist.obs)
220  ISRT._ListSetIndex                                 isrt.obl(scrlist.obs)
221  ISRT._MediaGetInfo                                 isrt.obl(Feature.obs)
222  ISRT._OnUninstPriv                                 Setup.obs
223  ISRT._OpenFile                                     isrt.obl(Files.obs)
224  ISRT._Preprogram                                   Setup.obs
225  ISRT._PrintFile                                    isrt.obl(Files.obs)
226  ISRT._Rebooted                                     Setup.obs
227  ISRT._RegCreateKey                                 isrt.obl(Registry.obs)
228  ISRT._RegDeleteValue                               isrt.obl(Registry.obs)
229  ISRT._RegEnableTextSubs                            isrt.obl(Enable.obs)
230  ISRT._RegIsRemoteRegConnected                      isrt.obl(Is.obs)
231  ISRT._RegQueryKeyBinaryValue                       isrt.obl(Registry.obs)
232  ISRT._RegQueryKeyValue                             isrt.obl(Registry.obs)
233  ISRT._RegSetKeyBinaryValue                         isrt.obl(Registry.obs)
234  ISRT._RegSetKeyValue                               isrt.obl(Registry.obs)
235  ISRT._ReleaseDialog                                isrt.obl(CustomDialog.obs)
236  ISRT._SetAltMainImage                              isrt.obl(Dialogs.obs)
237  ISRT._SetDisplayEffect                             isrt.obl(ui.obs)
238  ISRT._SetPaletteFile                               isrt.obl(MIO.obs)
239  ISRT._SetSilentSdShowMsg                           isrt.obl(Enable.obs)
240  ISRT._SetTitle                                     isrt.obl(ui.obs)
241  ISRT._SetupInet                                    isrt.obl(MIO.obs)
242  ISRT._SetupTraceWrite                              isrt.obl(Misc.obs)
243  ISRT._ShowObjWizardPages                           isrt.obl(Objects.obs)
244  ISRT._ShowWizardPages                              Setup.obs
245  ISRT._StatusUpdate                                 isrt.obl(ui.obs)
246  ISRT._TreeViewCreate                               isrt.obl(CmptView.obs)
247  ISRT._WaitOnDialog                                 isrt.obl(CustomDialog.obs)
248  ISRT._WriteLine                                    isrt.obl(Files.obs)
249  ISRT.__CreateObjectContext                         isrt.obl(ISRTInit.obs)
250  ISRT.__GetCmdLineOptions                           isrt.obl(ISRTInit.obs)
251  ISRT.__GetContextGUID                              isrt.obl(ISRTInit.obs)
252  ISRT.__GetEnabledIServices                         isrt.obl(SysVars.obs)
253  ISRT.__GetFileRegistrar                            isrt.obl(ISRTInit.obs)
254  ISRT.__GetInfo                                     isrt.obl(ISRTInit.obs)
255  ISRT.__GetInstallGuid                              isrt.obl(SysVars.obs)
256  ISRT.__GetLog                                      isrt.obl(SysVars.obs)
257  ISRT.__GetLogDB                                    isrt.obl(ISRTInit.obs)
258  ISRT.__GetLogEx                                    isrt.obl(SysVars.obs)
259  ISRT.__GetMainWindow                               Setup.obs
260  ISRT.__GetMaintOption                              isrt.obl(SysVars.obs)
261  ISRT.__GetMaintenanceMode                          isrt.obl(SysVars.obs)
262  ISRT.__GetObjects                                  isrt.obl(ISRTInit.obs)
263  ISRT.__GetProductGuid                              isrt.obl(SysVars.obs)
264  ISRT.__GetProgress                                 Setup.obs
265  ISRT.__GetReboot                                   isrt.obl(ISRTInit.obs)
266  ISRT.__GetRemoveAllMode                            isrt.obl(SysVars.obs)
267  ISRT.__GetTextSub                                  isrt.obl(ISRTInit.obs)
268  ISRT.__GetUpdateMode                               isrt.obl(SysVars.obs)
269  ISRT.__GetUser                                     isrt.obl(MIO.obs)
270  ISRT.__ISRTGetPropertyBag                          ifx.obl(PersistPropertyBag.obs)
271  ISRT.__ISRTReleasePropertyBag                      ifx.obl(PersistPropertyBag.obs)
272  ISRT.__LoadString                                  isrt.obl(LoadStr.obs)
273  ISRT.__PutEnabledIServices                         isrt.obl(Enable.obs)
274  ISRT.__ReleaseObjectContext                        isrt.obl(ISRTInit.obs)
275  ISRT.__RestoreMainLog                              isrt.obl(ISRTInit.obs)
276  ISRT.__RestoreMainLogEx                            isrt.obl(ISRTInit.obs)
277  ISRT.__SetComponentLog                             isrt.obl(ISRTInit.obs)
278  ISRT.__SetUpdateMode                               isrt.obl(SysVars.obs)
279  ISRTHandleScriptException                          isrt.obl(Misc.obs)
280  ISRTOnUninstPriv                                   isrt.obl(Driver.obs)
281  ISRTPreprogram                                     isrt.obl(Driver.obs)
282  IfxFilterComponents                                ifx.obl(EventsSetupPriv.obs)
283  IfxFinalConstruct                                  ifx.obl(EventsSetupPriv.obs)
284  IfxFinalRelease                                    ifx.obl(EventsSetupPriv.obs)
285  IfxInitProperties                                  ifx.obl(PersistPropertyBag.obs)
286  IfxOnAbortInstall                                  ifx.obl(EventsPriv.obs)
287  IfxOnAppSearch                                     ifx.obl(EventsPriv.obs)
288  IfxOnCCPSearch                                     ifx.obl(EventsPriv.obs)
289  IfxOnCanceling                                     ifx.obl(EventsPriv.obs)
290  IfxOnDisk1Installed                                ifx.obl(EventsSetupPriv.obs)
291  IfxOnDisk1Installing                               ifx.obl(EventsSetupPriv.obs)
292  IfxOnExitInstall                                   ifx.obl(EventsSetupPriv.obs)
293  IfxOnFileError                                     ifx.obl(EventsSetupPriv.obs)
294  IfxOnFileLocked                                    ifx.obl(EventsSetupPriv.obs)
295  IfxOnFileReadOnly                                  ifx.obl(EventsSetupPriv.obs)
296  IfxOnGeneralScriptOp                               ifx.obl(EventsPriv.obs)
297  IfxOnHelp                                          ifx.obl(EventsPriv.obs)
298  IfxOnInitInstall                                   ifx.obl(EventsSetupPriv.obs)
299  IfxOnInternetError                                 ifx.obl(EventsSetupPriv.obs)
300  IfxOnMD5Error                                      ifx.obl(EventsSetupPriv.obs)
301  IfxOnNextDisk                                      ifx.obl(EventsSetupPriv.obs)
302  IfxOnRebooted                                      ifx.obl(EventsPriv.obs)
303  IfxOnRemovingSharedFile                            ifx.obl(EventsSetupPriv.obs)
304  IfxOnShowWizardPages                               ifx.obl(EventsSetupPriv.obs)
305  IfxOnTransferred                                   ifx.obl(EventsPriv.obs)
306  IfxOnTransferring                                  ifx.obl(EventsSetupPriv.obs)
307  IfxOnUnhandledException                            ifx.obl(EventsPriv.obs)
308  IfxOnUninst                                        ifx.obl(EventsSetupPriv.obs)
309  IfxOnUninstPriv                                    ifx.obl(EventsSetupPriv.obs)
310  IfxPostprogram                                     ifx.obl(EventsSetupPriv.obs)
311  IfxPreprogram                                      ifx.obl(EventsSetupPriv.obs)
312  IfxReadProperties                                  ifx.obl(PersistPropertyBag.obs)
313  IfxRunAfterReboot                                  ifx.obl(EventsSetupPriv.obs)
314  IfxWriteProperties                                 ifx.obl(PersistPropertyBag.obs)
315  InetEndofTransfer                                  isrt.obl(iftw.obs)
316  InetNextDisk                                       isrt.obl(iftw.obs)
317  InitInstall                                        isrt.obl(Driver.obs)
318  InitProperties                                     ifx.obl(PersistPropertyBag.obs)
319  Is                                                 isrt.obl(Is.obs)
320  IsInetInstall                                      isrt.obl(iftw.obs)
321  KERNEL.GetModuleHandle                             Setup.obs
322  KERNEL32.CloseHandle                               Setup.obs
323  KERNEL32.CreateFileA                               Setup.obs
324  KERNEL32.DeleteFileA                               Setup.obs
325  KERNEL32.FindClose                                 Setup.obs
326  KERNEL32.FindFirstFileA                            Setup.obs
327  KERNEL32.FindNextFileA                             Setup.obs
328  KERNEL32.FormatMessageA                            Setup.obs
329  KERNEL32.FreeLibrary                               Setup.obs
330  KERNEL32.GetCurrentDirectoryA                      Setup.obs
331  KERNEL32.GetDriveType                              Setup.obs
332  KERNEL32.GetFileAttributesA                        Setup.obs
333  KERNEL32.GetLocalTime                              Setup.obs
334  KERNEL32.GetLocaleInfo                             Setup.obs
335  KERNEL32.GetPrivateProfileString                   Setup.obs
336  KERNEL32.GetPrivateProfileStringA                  Setup.obs
337  KERNEL32.GetProcAddress                            Setup.obs
338  KERNEL32.GetProfileStringA                         Setup.obs
339  KERNEL32.GetShortPathNameA                         Setup.obs
340  KERNEL32.GetSystemDefaultLCID                      Setup.obs
341  KERNEL32.GetSystemDefaultLangID                    Setup.obs
342  KERNEL32.GetSystemDefaultUILanguage                Setup.obs
343  KERNEL32.GetTickCount                              Setup.obs
344  KERNEL32.GetUserDefaultLangID                      Setup.obs
345  KERNEL32.GetVersion                                Setup.obs
346  KERNEL32.GetVersionEx                              Setup.obs
347  KERNEL32.GetVolumeInformation                      Setup.obs
348  KERNEL32.GetWindowsDirectory                       Setup.obs
349  KERNEL32.LoadLibraryA                              Setup.obs
350  KERNEL32.SetCurrentDirectoryA                      Setup.obs
351  KERNEL32.SetFileAttributesA                        Setup.obs
352  KERNEL32.Sleep                                     Setup.obs
353  KERNEL32.WritePrivateProfileString                 Setup.obs
354  KERNEL32.WritePrivateProfileStringA                Setup.obs
355  KERNEL32.WriteProfileStringA                       Setup.obs
356  KERNEL32.lstrlen                                   Setup.obs
357  LOBYTE                                             isrt.obl(Misc.obs)
358  LOWORD                                             isrt.obl(Misc.obs)
359  LaunchAppAndWaitInitStartupInfo                    isrt.obl(Extend.obs)
360  ListAddItem                                        isrt.obl(scrlist.obs)
361  ListAddString                                      isrt.obl(scrlist.obs)
362  ListCount                                          isrt.obl(scrlist.obs)
363  ListCreate                                         isrt.obl(scrlist.obs)
364  ListCurrentString                                  isrt.obl(scrlist.obs)
365  ListDeleteItem                                     isrt.obl(scrlist.obs)
366  ListDeleteString                                   isrt.obl(scrlist.obs)
367  ListDestroy                                        isrt.obl(scrlist.obs)
368  ListFindString                                     isrt.obl(scrlist.obs)
369  ListGetFirstItem                                   isrt.obl(scrlist.obs)
370  ListGetFirstString                                 isrt.obl(scrlist.obs)
371  ListGetNextItem                                    isrt.obl(scrlist.obs)
372  ListGetNextString                                  isrt.obl(scrlist.obs)
373  ListGetType                                        isrt.obl(scrlist.obs)
374  ListReadFromFile                                   isrt.obl(scrlist.obs)
375  ListSetIndex                                       isrt.obl(scrlist.obs)
376  ListValid                                          isrt.obl(scrlist.obs)
377  ListValidType                                      isrt.obl(scrlist.obs)
378  LoadStringFromStringTable                          isrt.obl(Str.obs)
379  LogReadCustomNumber                                isrt.obl(Misc.obs)
380  LogReadCustomString                                isrt.obl(Misc.obs)
381  LogReadCustomVariant                               isrt.obl(Misc.obs)
382  LogWriteCustomNumber                               isrt.obl(Misc.obs)
383  LogWriteCustomString                               isrt.obl(Misc.obs)
384  LogWriteCustomVariant                              isrt.obl(Misc.obs)
385  LongPathToQuote                                    isrt.obl(Str.obs)
386  LongPathToShortPath                                isrt.obl(Str.obs)
387  MAKELONG                                           isrt.obl(Misc.obs)
388  MIFCreateMIFFile                                   isrt.obl(MIF.obs)
389  MIFDeleteMIFFile                                   isrt.obl(MIF.obs)
390  MIFInitialize                                      isrt.obl(MIF.obs)
391  MIFSetInformation                                  isrt.obl(MIF.obs)
392  MIFUnInitialize                                    isrt.obl(MIF.obs)
393  MIFWasSetInformationCalled                         isrt.obl(MIF.obs)
394  MIOShutdown                                        isrt.obl(MIO.obs)
395  MIOStartup                                         isrt.obl(MIO.obs)
396  MaintenanceStart                                   isrt.obl(Registry.obs)
397  MediaGetData                                       isrt.obl(Feature.obs)
398  MediaGetDataEx                                     isrt.obl(Feature.obs)
399  MessageBeep                                        isrt.obl(Misc.obs)
400  MessageBox                                         isrt.obl(MsgBox.obs)
401  MessageBoxEx                                       isrt.obl(MsgBox.obs)
402  OnAbort                                            ifx.obl(EventsSetup.obs)
403  OnAppSearch                                        ifx.obl(EventsSetup.obs)
404  OnBegin                                            ifx.obl(EventsSetup.obs)
405  OnCCPSearch                                        ifx.obl(EventsSetup.obs)
406  OnCanceling                                        Setup.obs
407  OnCheckMediaPassword                               ifx.obl(EventsSetup.obs)
408  OnComponentError                                   ifx.obl(EventsSetup.obs)
409  OnCustomizeUninstInfo                              ifx.obl(EventsSetup.obs)
410  OnEnd                                              ifx.obl(EventsSetup.obs)
411  OnFileError                                        ifx.obl(EventsSetup.obs)
412  OnFileLocked                                       ifx.obl(EventsSetup.obs)
413  OnFileReadOnly                                     ifx.obl(EventsSetup.obs)
414  OnFilterComponents                                 ifx.obl(EventsSetup.obs)
415  OnFirstUIAfter                                     ifx.obl(EventsSetup.obs)
416  OnFirstUIBefore                                    Setup.obs
417  OnHelp                                             ifx.obl(EventsSetup.obs)
418  OnIISCheckRequirements                             ifx.obl(EventsPriv.obs)
419  OnIISComponentInstalled                            ifx.obl(EventsPriv.obs)
420  OnIISInitialize                                    ifx.obl(EventsPriv.obs)
421  OnIISUninitialize                                  ifx.obl(EventsPriv.obs)
422  OnIISVRootUninstalling                             ifx.obl(EventsPriv.obs)
423  OnInstallDRMService                                isrt.obl(Activation.obs)
424  OnInstalledFile                                    ifx.obl(EventsSetup.obs)
425  OnInstalledFontFile                                ifx.obl(EventsSetup.obs)
426  OnInstallingFile                                   ifx.obl(EventsSetup.obs)
427  OnInternetError                                    ifx.obl(EventsSetup.obs)
428  OnMD5Error                                         ifx.obl(EventsSetup.obs)
429  OnMaintUIAfter                                     ifx.obl(EventsSetup.obs)
430  OnMaintUIBefore                                    ifx.obl(EventsSetup.obs)
431  OnMoveData                                         ifx.obl(EventsSetup.obs)
432  OnMoved                                            ifx.obl(EventsSetup.obs)
433  OnMoving                                           ifx.obl(EventsSetup.obs)
434  OnNetApiCreateUserAccount                          ifx.obl(EventsSetup.obs)
435  OnNetApiCreateUserAccountInternal                  isrt.obl(NetApiRT.obs)
436  OnNextDisk                                         ifx.obl(EventsSetup.obs)
437  OnRebooted                                         ifx.obl(EventsSetup.obs)
438  OnRemovingSharedFile                               ifx.obl(EventsSetup.obs)
439  OnSQLBatchScripts                                  SQLRT.obl(SQLRT.obs)
440  OnSQLComponentInstalled                            Setup.obs
441  OnSQLComponentUninstalled                          SQLRT.obl(SQLRT.obs)
442  OnSQLServerInitialize                              SQLRT.obl(SQLRT.obs)
443  OnSQLServerInitializeMaint                         SQLRT.obl(SQLRT.obs)
444  OnSelfRegistrationError                            ifx.obl(EventsSetup.obs)
445  OnSetTARGETDIR                                     ifx.obl(EventsSetup.obs)
446  OnSetUpdateMode                                    ifx.obl(EventsSetup.obs)
447  OnShowUI                                           ifx.obl(EventsSetup.obs)
448  OnUnInstallDRMService                              isrt.obl(Activation.obs)
449  OnUnhandledException                               ifx.obl(EventsPriv.obs)
450  OnUninstall                                        ifx.obl(EventsSetup.obs)
451  OnUninstalledFile                                  ifx.obl(EventsSetup.obs)
452  OnUninstallingFile                                 ifx.obl(EventsSetup.obs)
453  OnUninstallingFontFile                             ifx.obl(EventsSetup.obs)
454  OnUpdateUIAfter                                    ifx.obl(EventsSetup.obs)
455  OnUpdateUIBefore                                   ifx.obl(EventsSetup.obs)
456  OnXMLComponentInstalled                            ifx.obl(EventsPriv.obs)
457  OnXMLComponentUninstalling                         ifx.obl(EventsPriv.obs)
458  OnXMLInitialize                                    ifx.obl(EventsPriv.obs)
459  OnXMLUninitialize                                  ifx.obl(EventsPriv.obs)
460  OpenFileMode                                       isrt.obl(Files.obs)
461  PCRestoreInit                                      isrt.obl(PCRestore.obs)
462  PCRestoreOnAbort                                   isrt.obl(PCRestore.obs)
463  PCRestoreOnBegin                                   isrt.obl(PCRestore.obs)
464  PCRestoreOnExit                                    isrt.obl(PCRestore.obs)
465  ParsePath                                          isrt.obl(Str.obs)
466  Postprogram                                        ifx.obl(EventsSetupPriv.obs)
467  Preprogram                                         ifx.obl(EventsSetupPriv.obs)
468  PrintFile                                          isrt.obl(Files.obs)
469  ProgDefGroupType                                   isrt.obl(Shell.obs)
470  ProgGetGroupType                                   isrt.obl(Shell.obs)
471  PthFixPath                                         isrt.obl(Pth.obs)
472  PthIsAbsPath                                       isrt.obl(Pth.obs)
473  ReadProperties                                     ifx.obl(PersistPropertyBag.obs)
474  Rebooted                                           isrt.obl(Driver.obs)
475  RegDBDeleteValue                                   isrt.obl(Registry.obs)
476  RegDBGetItem                                       isrt.obl(Registry.obs)
477  RegDBQueryValue                                    isrt.obl(Registry.obs)
478  RegDBSetItem                                       isrt.obl(Registry.obs)
479  RegDBSetKeyValueEx                                 isrt.obl(Registry.obs)
480  RegDBSetValue                                      isrt.obl(Registry.obs)
481  RegDBSetVersion                                    isrt.obl(Registry.obs)
482  RegisterFontResource                               isrt.obl(Misc.obs)
483  ReleaseDialog                                      isrt.obl(CustomDialog.obs)
484  SQLBrowse                                          SQLRT.obl(SQLBrowse.obs)
485  SQLRT.ISSQLServerAddToBatchInstall                 Setup.obs
486  SQLRT.ISSQLServerAddToBatchUninstall               Setup.obs
487  SQLRT.ISSQLServerComponentInstall                  Setup.obs
488  SQLRT.ISSQLServerComponentUninstall                Setup.obs
489  SQLRT.ISSQLServerConnect2                          Setup.obs
490  SQLRT.ISSQLServerGetBatchMode                      Setup.obs
491  SQLRT.ISSQLServerGetComponentScriptError           Setup.obs
492  SQLRT.ISSQLServerGetConnectionAuthentication       Setup.obs
493  SQLRT.ISSQLServerGetConnectionInfo                 Setup.obs
494  SQLRT.ISSQLServerGetConnections                    Setup.obs
495  SQLRT.ISSQLServerGetInstallText                    Setup.obs
496  SQLRT.ISSQLServerGetLastError                      Setup.obs
497  SQLRT.ISSQLServerGetNextComponentInBatch           Setup.obs
498  SQLRT.ISSQLServerGetServers                        Setup.obs
499  SQLRT.ISSQLServerGetUninstallText                  Setup.obs
500  SQLRT.ISSQLServerInitialize                        Setup.obs
501  SQLRT.ISSQLServerLogUninstallComponent             Setup.obs
502  SQLRT.ISSQLServerPutConnectionAuthentication       Setup.obs
503  SQLRT.ISSQLServerPutConnectionInfo                 Setup.obs
504  SQLRTComponentInstall                              SQLRT.obl(SQLRT.obs)
505  SQLRTComponentUninstall                            SQLRT.obl(SQLRT.obs)
506  SQLRTConnect2                                      SQLRT.obl(SQLRT.obs)
507  SQLRTGetBatchList                                  SQLRT.obl(SQLRT.obs)
508  SQLRTGetBatchMode                                  SQLRT.obl(SQLRT.obs)
509  SQLRTGetComponentScriptError                       SQLRT.obl(SQLRT.obs)
510  SQLRTGetConnectionAuthentication                   SQLRT.obl(SQLRT.obs)
511  SQLRTGetConnectionInfo                             SQLRT.obl(SQLRT.obs)
512  SQLRTGetConnections                                SQLRT.obl(SQLRT.obs)
513  SQLRTGetLastError                                  SQLRT.obl(SQLRT.obs)
514  SQLRTGetServers                                    SQLRT.obl(SQLRT.obs)
515  SQLRTInitialize                                    SQLRT.obl(SQLRT.obs)
516  SQLRTPutConnectionAuthentication                   SQLRT.obl(SQLRT.obs)
517  SQLRTPutConnectionInfo                             SQLRT.obl(SQLRT.obs)
518  SQLServerSelectLogin                               SQLRT.obl(SQLServerSelectLoginDlg.obs)
519  SQLServerSelectLoginEx                             SQLRT.obl(SQLServerSelectLoginDlg.obs)
520  SdCloseDlg                                         isrt.obl(SDINT.obs)
521  SdComponentDlgCheckSpace                           isrt.obl(SDINT.obs)
522  SdDlgToTop                                         isrt.obl(SDINT.obs)
523  SdDoStdButton                                      isrt.obl(SDINT.obs)
524  SdEnablement                                       isrt.obl(SDINT.obs)
525  SdError                                            isrt.obl(SDINT.obs)
526  SdExceptionsInit                                   isrt.obl(SdExceptions.obs)
527  SdFeatureTree                                      isrt.obl(SdComponentTreeDlg.obs)
528  SdFinish                                           isrt.obl(SdFinishDlg.obs)
529  SdFinishReboot                                     isrt.obl(SdFinishRebootDlg.obs)
530  SdFinishUpdateEx                                   isrt.obl(SdFinishUpdate.obs)
531  SdGeneralInit                                      isrt.obl(SDINT.obs)
532  SdInit                                             isrt.obl(SDINT.obs)
533  SdIsStdButton                                      isrt.obl(SDINT.obs)
534  SdLicense2Rtf                                      isrt.obl(SdLicense2Dlg.obs)
535  SdLoadString                                       isrt.obl(SDINT.obs)
536  SdMakeName                                         isrt.obl(SDINT.obs)
537  SdPlugInProductName                                isrt.obl(SDINT.obs)
538  SdSetDlgTitle                                      isrt.obl(SDINT.obs)
539  SdSetStatic                                        isrt.obl(SDINT.obs)
540  SdShowDlgEdit1                                     isrt.obl(SdShowDlgEdit1Dlg.obs)
541  SdStartCopy2                                       isrt.obl(SdStartCopy2Dlg.obs)
542  SdSubstituteProductInfo                            isrt.obl(SDINT.obs)
543  SdUnInit                                           isrt.obl(SDINT.obs)
544  SdWelcome                                          isrt.obl(SdWelcomeDlg.obs)
545  SdWelcomeMaint                                     isrt.obl(SdWelcomeMaintDlg.obs)
546  SelectDir                                          isrt.obl(SelectDir.obs)
547  SelectDirNoLog                                     isrt.obl(SelectDir.obs)
548  SendMessage                                        isrt.obl(Misc.obs)
549  ServiceInitParams                                  isrt.obl(Service.obs)
550  SetCmdLine                                         isrt.obl(SysVars.obs)
551  SetDialogTitle                                     isrt.obl(Dialogs.obs)
552  SetDisplayEffect                                   isrt.obl(ui.obs)
553  SetExtendedErrInfo                                 isrt.obl(IsUtil.obs)
554  SetFolderDesktop                                   isrt.obl(SysVars.obs)
555  SetFolderPrograms                                  isrt.obl(SysVars.obs)
556  SetFolderStartMenu                                 isrt.obl(SysVars.obs)
557  SetFolderStartup                                   isrt.obl(SysVars.obs)
558  SetStatus                                          ifx.obl(EventsSetupPriv.obs)
559  SetStatusEx                                        ifx.obl(EventsSetupPriv.obs)
560  SetStatusWindow                                    isrt.obl(ui.obs)
561  SetTitle                                           isrt.obl(ui.obs)
562  SetupTraceWrite                                    isrt.obl(Misc.obs)
563  ShowObjWizardPages                                 isrt.obl(Objects.obs)
564  ShowWizardPages                                    isrt.obl(Driver.obs)
565  SilentCreateFile                                   isrt.obl(Silent.obs)
566  SilentDoGeneralInfo                                isrt.obl(Silent.obs)
567  SilentFailed                                       isrt.obl(Silent.obs)
568  SilentFinish                                       isrt.obl(Silent.obs)
569  SilentInit                                         isrt.obl(Silent.obs)
570  SilentLogWriteData                                 isrt.obl(Silent.obs)
571  SilentReadData                                     isrt.obl(Silent.obs)
572  SilentSetInfo                                      isrt.obl(Silent.obs)
573  SilentSetMode                                      isrt.obl(Silent.obs)
574  SilentWriteData                                    isrt.obl(Silent.obs)
575  Sprintf                                            isrt.obl(Str.obs)
576  SprintfBox                                         isrt.obl(MsgBox.obs)
577  StatusUpdate                                       isrt.obl(ui.obs)
578  StrAddLastSlash                                    isrt.obl(Str.obs)
579  StrFindEx                                          isrt.obl(Str.obs)
580  StrGetTokens                                       isrt.obl(Str.obs)
581  StrLength                                          isrt.obl(Str.obs)
582  StrRemoveLastSlash                                 isrt.obl(Str.obs)
583  StrRemoveSpaces                                    isrt.obl(Str.obs)
584  StrReplace                                         isrt.obl(Str.obs)
585  StrToNumHex                                        isrt.obl(Str.obs)
586  StrToUpper                                         isrt.obl(Str.obs)
587  SysVarsInit                                        isrt.obl(SysVars.obs)
588  SysVarsTrace                                       isrt.obl(SysVars.obs)
589  SysVarsUnInit                                      isrt.obl(SysVars.obs)
590  System                                             isrt.obl(Misc.obs)
591  TextSubGetValue                                    isrt.obl(TextSub.obs)
592  TextSubParseTextSub                                isrt.obl(TextSub.obs)
593  TextSubSetValue                                    isrt.obl(TextSub.obs)
594  TreeViewCreate                                     isrt.obl(CmptView.obs)
595  USER.EnableWindow                                  Setup.obs
596  USER.GetClassName                                  Setup.obs
597  USER.GetDC                                         Setup.obs
598  USER.GetDlgItem                                    Setup.obs
599  USER.GetFocus                                      Setup.obs
600  USER.GetWindowLong                                 Setup.obs
601  USER.IsIconic                                      Setup.obs
602  USER.IsWindow                                      Setup.obs
603  USER.IsWindowVisible                               Setup.obs
604  USER.PostMessage                                   Setup.obs
605  USER.ReleaseDC                                     Setup.obs
606  USER.SendMessageA                                  Setup.obs
607  USER.SetFocus                                      Setup.obs
608  USER.SetForegroundWindow                           Setup.obs
609  USER.SetWindowPos                                  Setup.obs
610  USER.SetWindowText                                 Setup.obs
611  USER.ShowWindow                                    Setup.obs
612  USER32.CharUpperBuffA                              Setup.obs
613  USER32.DispatchMessage                             Setup.obs
614  USER32.GetSystemMetrics                            Setup.obs
615  USER32.GetWindowText                               Setup.obs
616  USER32.GetWindowTextLength                         Setup.obs
617  USER32.InvalidateRect                              Setup.obs
618  USER32.MessageBoxA                                 Setup.obs
619  USER32.PeekMessageA                                Setup.obs
620  USER32.SendMessageA                                Setup.obs
621  USER32.SetWindowLong                               Setup.obs
622  USER32.SetWindowRgn                                Setup.obs
623  USER32.TranslateMessage                            Setup.obs
624  UpdateServiceCheckForUpdates                       isrt.obl(ISUpdateService.obs)
625  UpdateServiceInit                                  isrt.obl(ISUpdateService.obs)
626  UpdateServiceRegisterAfterReboot                   isrt.obl(ISUpdateService.obs)
627  UpdateServiceRegisterProductEx                     isrt.obl(ISUpdateService.obs)
628  VarInit                                            isrt.obl(SysVars.obs)
629  VarRestore                                         isrt.obl(SysVars.obs)
630  VarSave                                            isrt.obl(SysVars.obs)
631  VerProductCompareVersions                          isrt.obl(version.obs)
632  VerProductGetInstalledVersion                      isrt.obl(version.obs)
633  VerProductIsVersionSupported                       isrt.obl(version.obs)
634  VerProductNumToStr                                 isrt.obl(version.obs)
635  VerProductStrToNum                                 isrt.obl(version.obs)
636  VerProductVerFromVerParts                          isrt.obl(version.obs)
637  VerProductVerPartsFromVer                          isrt.obl(version.obs)
638  WaitOnDialog                                       isrt.obl(CustomDialog.obs)
639  WizardDirection                                    ifx.obl(EventsSetupPriv.obs)
640  WriteLine                                          isrt.obl(Files.obs)
641  WriteProfInt                                       isrt.obl(Profile.obs)
642  WriteProfString                                    isrt.obl(Profile.obs)
643  WriteProperties                                    ifx.obl(PersistPropertyBag.obs)
644  __ISRTDoExit                                       isrt.obl(Misc.obs)
645  __ISRTInit                                         isrt.obl(ISRTInit.obs)
646  __ISRTRestoreMainLog                               isrt.obl(ISRTInit.obs)
647  __ISRTRestoreMainLogEx                             isrt.obl(ISRTInit.obs)
648  __ISRTSetComponentLog                              isrt.obl(ISRTInit.obs)
649  __ISRTUnInit                                       isrt.obl(ISRTInit.obs)
650  __LoadIScriptString                                isrt.obl(LoadStr.obs)
651  program                                            ifx.obl(EventsSetupPriv.obs)
652  sfc.SRSetRestorePoint                              Setup.obs


***** External Variables *****
1    ADDREMOVE                                          isrt.obl(DebugSymbols.obs)
2    ADDREMOVE_COMBINEDBUTTON                           Setup.obs
3    ADDREMOVE_HIDECHANGEOPTION                         Setup.obs
4    ADDREMOVE_HIDEREMOVEOPTION                         Setup.obs
5    ADDREMOVE_HIDEREPAIROPTION                         Setup.obs
6    ADDREMOVE_STRING_REMOVEONLY                        Setup.obs
7    ADDREMOVE_SYSTEMCOMPONENT                          Setup.obs
8    ADMINUSER                                          Setup.obs
9    ALLUSERS                                           Setup.obs
10   BATCH_INSTALL                                      Setup.obs
11   CMDLINE                                            isrt.obl(DebugSymbols.obs)
12   COMMONFILES                                        isrt.obl(DebugSymbols.obs)
13   DISABLE_ALLUSERBTN                                 Setup.obs
14   DISABLE_PERUSERBTN                                 Setup.obs
15   DISK1TARGET                                        Setup.obs
16   ENABLED_ISERVICES                                  isrt.obl(DebugSymbols.obs)
17   ENGINECOMMONDIR                                    isrt.obl(DebugSymbols.obs)
18   ENGINEDIR                                          isrt.obl(DebugSymbols.obs)
19   ERRORFILENAME                                      Setup.obs
20   Err                                                Setup.obs
21   FILETIME                                           Setup.obs
22   FIND_DATA                                          Setup.obs
23   FOLDER_APPDATA                                     isrt.obl(DebugSymbols.obs)
24   FOLDER_COMMON_APPDATA                              isrt.obl(DebugSymbols.obs)
25   FOLDER_DESKTOP                                     isrt.obl(DebugSymbols.obs)
26   FOLDER_FONTS                                       isrt.obl(DebugSymbols.obs)
27   FOLDER_LOCAL_APPDATA                               isrt.obl(DebugSymbols.obs)
28   FOLDER_PERSONAL                                    isrt.obl(DebugSymbols.obs)
29   FOLDER_PROGRAMS                                    isrt.obl(DebugSymbols.obs)
30   FOLDER_STARTMENU                                   isrt.obl(DebugSymbols.obs)
31   FOLDER_STARTUP                                     isrt.obl(DebugSymbols.obs)
32   FOLDER_TEMP                                        isrt.obl(DebugSymbols.obs)
33   FileRegistrar                                      Setup.obs
34   HKEYCURRENTROOTKEY                                 Setup.obs
35   IFX_COMPANY_NAME                                   Setup.obs
36   IFX_DISK1INSTALLED                                 Setup.obs
37   IFX_INITIALIZED                                    Setup.obs
38   IFX_INSTALLED_DISPLAY_VERSION                      Setup.obs
39   IFX_INSTALLED_VERSION                              Setup.obs
40   IFX_KEYPATH_PRODUCT_INFO                           Setup.obs
41   IFX_MULTI_INSTANCE_SUFFIX                          Setup.obs
42   IFX_PRODUCT_COMMENTS                               Setup.obs
43   IFX_PRODUCT_DISPLAY_NAME                           Setup.obs
44   IFX_PRODUCT_DISPLAY_VERSION                        Setup.obs
45   IFX_PRODUCT_ICON                                   Setup.obs
46   IFX_PRODUCT_KEY                                    Setup.obs
47   IFX_PRODUCT_NAME                                   Setup.obs
48   IFX_PRODUCT_README                                 Setup.obs
49   IFX_PRODUCT_REGISTEREDCOMPANY                      Setup.obs
50   IFX_PRODUCT_REGISTEREDOWNER                        Setup.obs
51   IFX_PRODUCT_REGISTEREDSERIALNUM                    Setup.obs
52   IFX_PRODUCT_SUPPORT_CONTACT                        Setup.obs
53   IFX_PRODUCT_SUPPORT_PHONE                          Setup.obs
54   IFX_PRODUCT_SUPPORT_URL                            Setup.obs
55   IFX_PRODUCT_UPDATE_URL                             Setup.obs
56   IFX_PRODUCT_URL                                    Setup.obs
57   IFX_PRODUCT_VERSION                                Setup.obs
58   IFX_SETUP_TITLE                                    Setup.obs
59   IFX_SUPPORTED_VERSIONS                             Setup.obs
60   IISROOTFOLDER                                      isrt.obl(DebugSymbols.obs)
61   INSTALLSCRIPTMSI                                   isrt.obl(DebugSymbols.obs)
62   INSTANCE_GUID                                      isrt.obl(DebugSymbols.obs)
63   ISRES                                              isrt.obl(DebugSymbols.obs)
64   ISUSER                                             isrt.obl(DebugSymbols.obs)
65   ISUTIL_FUNCTION_ACTUAL_ERROR                       Setup.obs
66   ISUTIL_LINE_NUMBER                                 Setup.obs
67   ISUTIL_SCRIPT_FILE                                 Setup.obs
68   ISVERSION                                          isrt.obl(DebugSymbols.obs)
69   InetSRCDIR                                         Setup.obs
70   LAAW_PARAMETERS                                    Setup.obs
71   LAAW_STARTUPINFO                                   Setup.obs
72   LAST_RESULT                                        Setup.obs
73   LogDB                                              Setup.obs
74   MAINTENANCE                                        isrt.obl(DebugSymbols.obs)
75   MAINT_OPTION                                       isrt.obl(DebugSymbols.obs)
76   MEDIA                                              Setup.obs
77   MEDIA_INFO                                         isrt.obl(Feature.obs)
78   MODE                                               Setup.obs
79   MSG                                                Setup.obs
80   MULTI_INSTANCE_COUNT                               isrt.obl(DebugSymbols.obs)
81   MainWindow                                         Setup.obs
82   NOTHING                                            Setup.obs
83   OSINFO_PLATFORM_INFO                               Setup.obs
84   OSVERSIONINFO                                      Setup.obs
85   OSVERSIONINFOEX                                    Setup.obs
86   Objects                                            Setup.obs
87   PACKAGE_LOCATION                                   isrt.obl(DebugSymbols.obs)
88   POINT                                              Setup.obs
89   PRIVILEGED                                         Setup.obs
90   PRODUCT_GUID                                       isrt.obl(DebugSymbols.obs)
91   PROGRAMFILES                                       isrt.obl(DebugSymbols.obs)
92   RECT                                               Setup.obs
93   REMOVEALLMODE                                      isrt.obl(DebugSymbols.obs)
94   REMOVEONLY                                         isrt.obl(DebugSymbols.obs)
95   Reboot                                             Setup.obs
96   SELECTED_LANGUAGE                                  isrt.obl(DebugSymbols.obs)
97   SERVICE_IS_PARAMS                                  Setup.obs
98   SHELL_OBJECT_FOLDER                                Setup.obs
99   SHOW_PASSWORD_DIALOG                               isrt.obl(DebugSymbols.obs)
100  SRCDIR                                             Setup.obs
101  SRCDISK                                            isrt.obl(DebugSymbols.obs)
102  STARTUPINFO                                        Setup.obs
103  SUPPORTDIR                                         isrt.obl(DebugSymbols.obs)
104  SYSTEMTIME                                         Setup.obs
105  SetupInfo                                          Setup.obs
106  StatusDlg                                          Setup.obs
107  TARGETDIR                                          Setup.obs
108  TARGETDISK                                         isrt.obl(DebugSymbols.obs)
109  TextSub                                            Setup.obs
110  UNINST                                             Setup.obs
111  UNINSTALLKEY                                       Setup.obs
112  UNINSTALL_DISPLAYNAME                              Setup.obs
113  UNINSTALL_STRING                                   Setup.obs
114  UPDATEMODE                                         Setup.obs
115  WINDIR                                             isrt.obl(DebugSymbols.obs)
116  WINDISK                                            isrt.obl(DebugSymbols.obs)
117  WINSYSDIR                                          isrt.obl(DebugSymbols.obs)
118  WINSYSDISK                                         isrt.obl(DebugSymbols.obs)
119  _FONTFILEINFO                                      Setup.obs
120  _INT64                                             Setup.obs
121  _LAAW_PARAMETERS                                   Setup.obs
122  _RESTOREINFO_                                      Setup.obs
123  _RESTOREPTINFO                                     Setup.obs
124  _SERVICE_IS_PARAMS                                 Setup.obs
125  _SMGRSTATUS                                        Setup.obs
126  _SMGSTATUS_                                        Setup.obs
127  _WIN9X                                             Setup.obs
128  _WINNT                                             Setup.obs
129  __SYSTEMINFORMATION                                Setup.obs
130  __hContext                                         SQLRT.obl(SQLRT.obs)
131  __objGlobalTextSub                                 Setup.obs
132  __szGUID                                           isrt.obl(ISRTInit.obs)
133  bBackButton                                        Setup.obs
134  bCancelButton                                      Setup.obs
135  bEnterDiskBeep                                     SQLRT.obl(SQLBrowse.obs)
136  bFinishButton                                      Setup.obs
137  bIFXLFNoToAll                                      Setup.obs
138  bIFXLFOnRebootToAll                                Setup.obs
139  bIFXLFYesToAll                                     Setup.obs
140  bIFXMD5IgnoreToAll                                 Setup.obs
141  bIFXRONoToAll                                      Setup.obs
142  bIFXROYesToAll                                     Setup.obs
143  bIFXSFNoToAll                                      Setup.obs
144  bIFXSFYesToAll                                     Setup.obs
145  bIfxPCHInitialized                                 Setup.obs
146  bIfxPCHOn                                          Setup.obs
147  bInstall16                                         Setup.obs
148  bNextButton                                        Setup.obs
149  bSdInit                                            Setup.obs
150  bViewCmptKunits                                    Setup.obs
151  bViewCmptUseDecimal                                Setup.obs
152  g_bSQLRTInitialized                                Setup.obs
153  g_bSuppressMissingStringWarning                    isrt.obl(Enable.obs)
154  nIfxPCHType                                        Setup.obs
155  szAppKey                                           Setup.obs
156  szSdProduct                                        Setup.obs
157  szSdStr_NotEnoughSpace                             Setup.obs
