***** External Functions *****
1    AddFontRegistrationToLog                           isrt.obl(Misc.obs)
2    AppSearch                                          isrt.obl(Driver.obs)
3    AskDestPath                                        isrt.obl(AskDestPathDlg.obs)
4    CCPSearch                                          isrt.obl(Driver.obs)
5    ChangeDirectory                                    isrt.obl(Files.obs)
6    CloseFile                                          isrt.obl(Files.obs)
7    CmdGetHwndDlg                                      isrt.obl(CustomDialog.obs)
8    ComponentAddFileToLog                              isrt.obl(component.obs)
9    ComponentCompareSizeRequired                       isrt.obl(component.obs)
10   ComponentGetData                                   isrt.obl(component.obs)
11   ComponentGetTotalCost                              isrt.obl(component.obs)
12   ComponentIsItemSelected                            isrt.obl(component.obs)
13   ComponentListItems                                 isrt.obl(component.obs)
14   ComponentSelectItem                                isrt.obl(component.obs)
15   ComponentTreeInit                                  isrt.obl(Dialogs.obs)
16   CreateDir                                          isrt.obl(Files.obs)
17   CreateFile                                         isrt.obl(Files.obs)
18   CreateInstallationInfo                             isrt.obl(Registry.obs)
19   CreateRegistrySet                                  isrt.obl(Feature.obs)
20   CtrlGetNotificationCode                            isrt.obl(CustomDialog.obs)
21   CtrlGetState                                       isrt.obl(CustomDialog.obs)
22   CtrlGetSubCommand                                  isrt.obl(CustomDialog.obs)
23   CtrlGetText                                        isrt.obl(CustomDialog.obs)
24   CtrlSelectText                                     isrt.obl(CustomDialog.obs)
25   CtrlSetMLEText                                     isrt.obl(CustomDialog.obs)
26   CtrlSetState                                       isrt.obl(CustomDialog.obs)
27   CtrlSetText                                        isrt.obl(CustomDialog.obs)
28   DRMINSTALLERPRO.DRMInstallPRO                      isrt.obl(Activation.obs)
29   DRMINSTALLERPRO.DRMUnInstallPRO                    isrt.obl(Activation.obs)
30   DefineDialog                                       isrt.obl(CustomDialog.obs)
31   Delay                                              isrt.obl(Misc.obs)
32   DeleteFile                                         isrt.obl(Files.obs)
33   DeleteSingleFile                                   isrt.obl(Files.obs)
34   DialogSetDefaultFont                               isrt.obl(Dialogs.obs)
35   DialogSetFont                                      isrt.obl(Dialogs.obs)
36   DialogSetInfo                                      isrt.obl(Dialogs.obs)
37   Disable                                            isrt.obl(Enable.obs)
38   DllSizeOf                                          isrt.obl(Str.obs)
39   Do                                                 isrt.obl(Misc.obs)
40   Enable                                             isrt.obl(Enable.obs)
41   EndCurrentDialog                                   isrt.obl(Dialogs.obs)
42   EndDialog                                          isrt.obl(CustomDialog.obs)
43   EnterDisk                                          isrt.obl(EnterDisk.obs)
44   EnterPassword                                      isrt.obl(EnterPasswordDlg.obs)
45   ExistsDir                                          isrt.obl(Files.obs)
46   ExistsDisk                                         isrt.obl(Files.obs)
47   ExitInstall                                        isrt.obl(Driver.obs)
48   EzDefineDialog                                     isrt.obl(CustomDialog.obs)
49   FeatureAddFileToLog                                isrt.obl(Feature.obs)
50   FeatureCompareSizeRequired                         isrt.obl(Feature.obs)
51   FeatureErrorInfo                                   isrt.obl(Feature.obs)
52   FeatureFilterLanguage                              isrt.obl(Feature.obs)
53   FeatureFilterOS                                    isrt.obl(Feature.obs)
54   FeatureGetData                                     isrt.obl(Feature.obs)
55   FeatureGetTotalCost                                isrt.obl(Feature.obs)
56   FeatureIsItemSelected                              isrt.obl(Feature.obs)
57   FeatureListItems                                   isrt.obl(Feature.obs)
58   FeaturePatch                                       isrt.obl(Feature.obs)
59   FeatureReinstall                                   isrt.obl(Feature.obs)
60   FeatureRemoveAllInLogOnly                          isrt.obl(Feature.obs)
61   FeatureRemoveAllInMedia                            isrt.obl(Feature.obs)
62   FeatureRemoveAllInMediaAndLog                      isrt.obl(Feature.obs)
63   FeatureSaveTarget                                  isrt.obl(Feature.obs)
64   FeatureSelectItem                                  isrt.obl(Feature.obs)
65   FeatureSelectNew                                   isrt.obl(Feature.obs)
66   FeatureTransferData                                isrt.obl(Feature.obs)
67   FeatureUpdate                                      isrt.obl(Feature.obs)
68   FeatureValidate                                    isrt.obl(Feature.obs)
69   FinalConstruct                                     ifx.obl(EventsPriv.obs)
70   FinalRelease                                       ifx.obl(EventsPriv.obs)
71   FindFile                                           isrt.obl(Files.obs)
72   FormatMessage                                      isrt.obl(Misc.obs)
73   GDI32.AddFontResource                              Setup.obs
74   GDI32.CreateRectRgn                                Setup.obs
75   GDI32.GetDeviceCaps                                Setup.obs
76   GDI32.RemoveFontResource                           Setup.obs
77   GetAddRemove                                       isrt.obl(SysVars.obs)
78   GetBillboard                                       isrt.obl(SysVars.obs)
79   GetCurrentDialogName                               isrt.obl(Dialogs.obs)
80   GetCurrentDir                                      isrt.obl(Files.obs)
81   GetDialogTitle                                     isrt.obl(Dialogs.obs)
82   GetDir                                             isrt.obl(Str.obs)
83   GetDisk                                            isrt.obl(Str.obs)
84   GetDiskSpace                                       isrt.obl(GSI.obs)
85   GetDiskSpaceEx                                     isrt.obl(GSI.obs)
86   GetEnabledIServices                                isrt.obl(SysVars.obs)
87   GetEngineDir                                       isrt.obl(SysVars.obs)
88   GetErrorMsg                                        isrt.obl(Dialogs.obs)
89   GetErrorTitle                                      isrt.obl(Dialogs.obs)
90   GetExtents                                         isrt.obl(GSI.obs)
91   GetFolderApplications                              isrt.obl(SysVars.obs)
92   GetFolderFonts                                     isrt.obl(SysVars.obs)
93   GetISRes                                           isrt.obl(SysVars.obs)
94   GetInstallScriptMSI                                isrt.obl(SysVars.obs)
95   GetInstanceGUID                                    isrt.obl(SysVars.obs)
96   GetKeyPathWinCurrVerAuto                           isrt.obl(SysVars.obs)
97   GetLog                                             isrt.obl(SysVars.obs)
98   GetLogEx                                           isrt.obl(SysVars.obs)
99   GetMaintOption                                     isrt.obl(SysVars.obs)
100  GetMaintenance                                     isrt.obl(SysVars.obs)
101  GetMultiInstanceCount                              isrt.obl(SysVars.obs)
102  GetOpenFileMode                                    isrt.obl(Files.obs)
103  GetPackageLocation                                 isrt.obl(SysVars.obs)
104  GetProductGUID                                     isrt.obl(SysVars.obs)
105  GetProfSectionKeyCount                             isrt.obl(Profile.obs)
106  GetProfString                                      isrt.obl(Profile.obs)
107  GetProfStringList                                  isrt.obl(Profile.obs)
108  GetProgramFiles                                    isrt.obl(SysVars.obs)
109  GetRemoveAllMode                                   isrt.obl(SysVars.obs)
110  GetRemoveOnly                                      isrt.obl(SysVars.obs)
111  GetSelectedLanguage                                isrt.obl(SysVars.obs)
112  GetSelectedTreeComponent                           isrt.obl(CmptView.obs)
113  GetShowPasswordDialog                              isrt.obl(SysVars.obs)
114  GetSupportDir                                      isrt.obl(SysVars.obs)
115  GetSystemInfo                                      isrt.obl(GSI.obs)
116  GetTempFolder                                      isrt.obl(SysVars.obs)
117  GetTrueTypeFontFileInfo                            isrt.obl(Misc.obs)
118  GetUserSelectableAuto                              isrt.obl(SysVars.obs)
119  GetWinDir                                          isrt.obl(SysVars.obs)
120  GetWinSysDir                                       isrt.obl(SysVars.obs)
121  GetWindowHandle                                    isrt.obl(Misc.obs)
122  HIBYTE                                             isrt.obl(Misc.obs)
123  HIWORD                                             isrt.obl(Misc.obs)
124  ISDeterminePlatform                                isrt.obl(OsInfo.obs)
125  ISMIF32.InstallStatusMIF                           isrt.obl(MIF.obs)
126  ISRT.ComponentViewSetInfoEx                        isrt.obl(Dialogs.obs)
127  ISRT.EnableHourGlass                               isrt.obl(Enable.obs)
128  ISRT.GetCPUType                                    isrt.obl(GSI.obs)
129  ISRT.GetFontSub                                    isrt.obl(Dialogs.obs)
130  ISRT.GetHandle                                     Setup.obs
131  ISRT.GetPorts                                      isrt.obl(GSI.obs)
132  ISRT.IsEmpty                                       Setup.obs
133  ISRT.IsNTAdmin                                     isrt.obl(Is.obs)
134  ISRT.IsObject                                      Setup.obs
135  ISRT.IsPowerUser                                   isrt.obl(Is.obs)
136  ISRT.LangLoadString                                isrt.obl(SDINT.obs)
137  ISRT.MessageBeepP                                  Setup.obs
138  ISRT.PathCompactPathPixel                          isrt.obl(CustomDialog.obs)
139  ISRT.PathGetDir                                    isrt.obl(Str.obs)
140  ISRT.PathGetDrive                                  isrt.obl(Str.obs)
141  ISRT.PathGetFile                                   isrt.obl(Files.obs)
142  ISRT.PathGetFileExt                                isrt.obl(Str.obs)
143  ISRT.PathGetFileName                               isrt.obl(Str.obs)
144  ISRT.PathGetLongFromShort                          isrt.obl(Str.obs)
145  ISRT.PathGetPath                                   isrt.obl(Str.obs)
146  ISRT.PathGetSpecialFolder                          isrt.obl(SysVars.obs)
147  ISRT.PathIsValidSyntax                             isrt.obl(Is.obs)
148  ISRT._AppSearch                                    Setup.obs
149  ISRT._BrowseForFolder                              isrt.obl(SelectDir.obs)
150  ISRT._CCPSearch                                    Setup.obs
151  ISRT._CleanupInet                                  isrt.obl(MIO.obs)
152  ISRT._CloseFile                                    isrt.obl(Files.obs)
153  ISRT._CmdGetHwndDlg                                isrt.obl(CustomDialog.obs)
154  ISRT._ComponentCompareSizeRequired                 isrt.obl(Feature.obs)
155  ISRT._ComponentErrorInfo                           isrt.obl(Feature.obs)
156  ISRT._ComponentFilterLanguage                      isrt.obl(Feature.obs)
157  ISRT._ComponentFilterOS                            isrt.obl(Feature.obs)
158  ISRT._ComponentGetData                             isrt.obl(Feature.obs)
159  ISRT._ComponentGetTotalCost                        isrt.obl(Feature.obs)
160  ISRT._ComponentGetTotalCostEx                      isrt.obl(SdComponentTreeDlg.obs)
161  ISRT._ComponentIsItemSelected                      isrt.obl(Feature.obs)
162  ISRT._ComponentListItems                           isrt.obl(Feature.obs)
163  ISRT._ComponentPatch                               isrt.obl(Feature.obs)
164  ISRT._ComponentReinstall                           isrt.obl(Feature.obs)
165  ISRT._ComponentRemoveAll                           isrt.obl(Feature.obs)
166  ISRT._ComponentRemoveAllInLogOnly                  isrt.obl(Feature.obs)
167  ISRT._ComponentSaveTarget                          isrt.obl(Feature.obs)
168  ISRT._ComponentSelectItem                          isrt.obl(Feature.obs)
169  ISRT._ComponentSelectNew                           isrt.obl(Feature.obs)
170  ISRT._ComponentTransferData                        isrt.obl(Feature.obs)
171  ISRT._ComponentUpdate                              isrt.obl(Feature.obs)
172  ISRT._ComponentValidate                            isrt.obl(Feature.obs)
173  ISRT._CreateDir                                    isrt.obl(Files.obs)
174  ISRT._CreateRegistrySet                            isrt.obl(Feature.obs)
175  ISRT._CtrlGetNotificationCode                      isrt.obl(CustomDialog.obs)
176  ISRT._CtrlGetSubCommand                            isrt.obl(CustomDialog.obs)
177  ISRT._CtrlSetMLERichText                           isrt.obl(CustomDialog.obs)
178  ISRT._DefineDialog                                 isrt.obl(CustomDialog.obs)
179  ISRT._DialogSetFont                                isrt.obl(Dialogs.obs)
180  ISRT._DisableStatus                                isrt.obl(Enable.obs)
181  ISRT._DoSprintf                                    isrt.obl(MsgBox.obs)
182  ISRT._EnableDialogCache                            isrt.obl(Enable.obs)
183  ISRT._EnablePrevDialog                             isrt.obl(AskDestPathDlg.obs)
184  ISRT._EnableSkins                                  isrt.obl(Enable.obs)
185  ISRT._EnableStatus                                 isrt.obl(Enable.obs)
186  ISRT._EndDialog                                    isrt.obl(CustomDialog.obs)
187  ISRT._ExistsDir                                    isrt.obl(Files.obs)
188  ISRT._ExistsDisk                                   isrt.obl(Files.obs)
189  ISRT._ExistsFile                                   isrt.obl(Files.obs)
190  ISRT._ExitInstall                                  Setup.obs
191  ISRT._GetCurrentDialogName                         isrt.obl(Dialogs.obs)
192  ISRT._GetDiskSpaceEx                               isrt.obl(GSI.obs)
193  ISRT._GetDiskSpaceExEx                             isrt.obl(SdComponentTreeDlg.obs)
194  ISRT._GetGlobalMemorySize                          isrt.obl(GSI.obs)
195  ISRT._GetSelectedTreeComponent                     isrt.obl(CmptView.obs)
196  ISRT._GetSupportDir                                isrt.obl(SysVars.obs)
197  ISRT._GetTrueTypeFontFileInfo                      isrt.obl(Misc.obs)
198  ISRT._InetEndofTransfer                            isrt.obl(iftw.obs)
199  ISRT._InetGetNextDisk                              isrt.obl(iftw.obs)
200  ISRT._InitInstall                                  Setup.obs
201  ISRT._IsFontTypefaceNameAvailable                  isrt.obl(Is.obs)
202  ISRT._IsSkinLoaded                                 isrt.obl(Is.obs)
203  ISRT._IsWindowsME                                  isrt.obl(GSI.obs)
204  ISRT._ListAddItem                                  isrt.obl(scrlist.obs)
205  ISRT._ListAddString                                isrt.obl(scrlist.obs)
206  ISRT._ListCount                                    isrt.obl(scrlist.obs)
207  ISRT._ListCreate                                   isrt.obl(scrlist.obs)
208  ISRT._ListCurrentString                            isrt.obl(scrlist.obs)
209  ISRT._ListDeleteItem                               isrt.obl(scrlist.obs)
210  ISRT._ListDeleteString                             isrt.obl(scrlist.obs)
211  ISRT._ListDestroy                                  isrt.obl(scrlist.obs)
212  ISRT._ListFindString                               isrt.obl(scrlist.obs)
213  ISRT._ListGetFirstItem                             isrt.obl(scrlist.obs)
214  ISRT._ListGetFirstString                           isrt.obl(scrlist.obs)
215  ISRT._ListGetNextItem                              isrt.obl(scrlist.obs)
216  ISRT._ListGetNextString                            isrt.obl(scrlist.obs)
217  ISRT._ListGetType                                  isrt.obl(scrlist.obs)
218  ISRT._ListReadFromFile                             isrt.obl(scrlist.obs)
219  ISRT._ListSetIndex                                 isrt.obl(scrlist.obs)
220  ISRT._MediaGetInfo                                 isrt.obl(Feature.obs)
221  ISRT._OnUninstPriv                                 Setup.obs
222  ISRT._OpenFile                                     isrt.obl(Files.obs)
223  ISRT._Preprogram                                   Setup.obs
224  ISRT._PrintFile                                    isrt.obl(Files.obs)
225  ISRT._Rebooted                                     Setup.obs
226  ISRT._RegCreateKey                                 isrt.obl(Registry.obs)
227  ISRT._RegDeleteValue                               isrt.obl(Registry.obs)
228  ISRT._RegEnableTextSubs                            isrt.obl(Enable.obs)
229  ISRT._RegEnum                                      isrt.obl(Registry.obs)
230  ISRT._RegExistsKey                                 isrt.obl(Registry.obs)
231  ISRT._RegIsRemoteRegConnected                      isrt.obl(Is.obs)
232  ISRT._RegQueryKeyBinaryValue                       isrt.obl(Registry.obs)
233  ISRT._RegQueryKeyValue                             isrt.obl(Registry.obs)
234  ISRT._RegSetKeyBinaryValue                         isrt.obl(Registry.obs)
235  ISRT._RegSetKeyValue                               isrt.obl(Registry.obs)
236  ISRT._ReleaseDialog                                isrt.obl(CustomDialog.obs)
237  ISRT._SdShowMsg                                    isrt.obl(SDSMSG.obs)
238  ISRT._SetAltMainImage                              isrt.obl(Dialogs.obs)
239  ISRT._SetDisplayEffect                             isrt.obl(ui.obs)
240  ISRT._SetPaletteFile                               isrt.obl(MIO.obs)
241  ISRT._SetSilentSdShowMsg                           isrt.obl(Enable.obs)
242  ISRT._SetTitle                                     isrt.obl(ui.obs)
243  ISRT._SetupInet                                    isrt.obl(MIO.obs)
244  ISRT._SetupTraceWrite                              isrt.obl(Misc.obs)
245  ISRT._ShowObjWizardPages                           isrt.obl(Objects.obs)
246  ISRT._ShowWizardPages                              Setup.obs
247  ISRT._StatusUpdate                                 isrt.obl(ui.obs)
248  ISRT._TreeViewCreate                               isrt.obl(CmptView.obs)
249  ISRT._WaitOnDialog                                 isrt.obl(CustomDialog.obs)
250  ISRT._WriteLine                                    isrt.obl(Files.obs)
251  ISRT.__CreateObjectContext                         isrt.obl(ISRTInit.obs)
252  ISRT.__GetCmdLineOptions                           isrt.obl(ISRTInit.obs)
253  ISRT.__GetContextGUID                              isrt.obl(ISRTInit.obs)
254  ISRT.__GetEnabledIServices                         isrt.obl(SysVars.obs)
255  ISRT.__GetFileRegistrar                            isrt.obl(ISRTInit.obs)
256  ISRT.__GetInfo                                     isrt.obl(ISRTInit.obs)
257  ISRT.__GetInstallGuid                              isrt.obl(SysVars.obs)
258  ISRT.__GetLog                                      isrt.obl(SysVars.obs)
259  ISRT.__GetLogDB                                    isrt.obl(ISRTInit.obs)
260  ISRT.__GetLogEx                                    isrt.obl(SysVars.obs)
261  ISRT.__GetMainWindow                               Setup.obs
262  ISRT.__GetMaintOption                              isrt.obl(SysVars.obs)
263  ISRT.__GetMaintenanceMode                          isrt.obl(SysVars.obs)
264  ISRT.__GetObjects                                  isrt.obl(ISRTInit.obs)
265  ISRT.__GetProductGuid                              isrt.obl(SysVars.obs)
266  ISRT.__GetProgress                                 Setup.obs
267  ISRT.__GetReboot                                   isrt.obl(ISRTInit.obs)
268  ISRT.__GetRemoveAllMode                            isrt.obl(SysVars.obs)
269  ISRT.__GetTextSub                                  isrt.obl(ISRTInit.obs)
270  ISRT.__GetUpdateMode                               isrt.obl(SysVars.obs)
271  ISRT.__GetUser                                     isrt.obl(MIO.obs)
272  ISRT.__ISRTGetPropertyBag                          ifx.obl(PersistPropertyBag.obs)
273  ISRT.__ISRTReleasePropertyBag                      ifx.obl(PersistPropertyBag.obs)
274  ISRT.__LoadString                                  isrt.obl(LoadStr.obs)
275  ISRT.__PutEnabledIServices                         isrt.obl(Enable.obs)
276  ISRT.__ReleaseObjectContext                        isrt.obl(ISRTInit.obs)
277  ISRT.__RestoreMainLog                              isrt.obl(ISRTInit.obs)
278  ISRT.__RestoreMainLogEx                            isrt.obl(ISRTInit.obs)
279  ISRT.__SetComponentLog                             isrt.obl(ISRTInit.obs)
280  ISRT.__SetUpdateMode                               isrt.obl(SysVars.obs)
281  ISRTHandleScriptException                          isrt.obl(Misc.obs)
282  ISRTOnUninstPriv                                   isrt.obl(Driver.obs)
283  ISRTPreprogram                                     isrt.obl(Driver.obs)
284  IfxFilterComponents                                ifx.obl(EventsSetupPriv.obs)
285  IfxFinalConstruct                                  ifx.obl(EventsSetupPriv.obs)
286  IfxFinalRelease                                    ifx.obl(EventsSetupPriv.obs)
287  IfxInitProperties                                  ifx.obl(PersistPropertyBag.obs)
288  IfxOnAbortInstall                                  ifx.obl(EventsPriv.obs)
289  IfxOnAppSearch                                     ifx.obl(EventsPriv.obs)
290  IfxOnCCPSearch                                     ifx.obl(EventsPriv.obs)
291  IfxOnCanceling                                     ifx.obl(EventsPriv.obs)
292  IfxOnDisk1Installed                                ifx.obl(EventsSetupPriv.obs)
293  IfxOnDisk1Installing                               ifx.obl(EventsSetupPriv.obs)
294  IfxOnExitInstall                                   ifx.obl(EventsSetupPriv.obs)
295  IfxOnFileError                                     ifx.obl(EventsSetupPriv.obs)
296  IfxOnFileLocked                                    ifx.obl(EventsSetupPriv.obs)
297  IfxOnFileReadOnly                                  ifx.obl(EventsSetupPriv.obs)
298  IfxOnGeneralScriptOp                               ifx.obl(EventsPriv.obs)
299  IfxOnHelp                                          ifx.obl(EventsPriv.obs)
300  IfxOnInitInstall                                   ifx.obl(EventsSetupPriv.obs)
301  IfxOnInternetError                                 ifx.obl(EventsSetupPriv.obs)
302  IfxOnMD5Error                                      ifx.obl(EventsSetupPriv.obs)
303  IfxOnNextDisk                                      ifx.obl(EventsSetupPriv.obs)
304  IfxOnRebooted                                      ifx.obl(EventsPriv.obs)
305  IfxOnRemovingSharedFile                            ifx.obl(EventsSetupPriv.obs)
306  IfxOnShowWizardPages                               ifx.obl(EventsSetupPriv.obs)
307  IfxOnTransferred                                   ifx.obl(EventsPriv.obs)
308  IfxOnTransferring                                  ifx.obl(EventsSetupPriv.obs)
309  IfxOnUnhandledException                            ifx.obl(EventsPriv.obs)
310  IfxOnUninst                                        ifx.obl(EventsSetupPriv.obs)
311  IfxOnUninstPriv                                    ifx.obl(EventsSetupPriv.obs)
312  IfxPostprogram                                     ifx.obl(EventsSetupPriv.obs)
313  IfxPreprogram                                      ifx.obl(EventsSetupPriv.obs)
314  IfxReadProperties                                  ifx.obl(PersistPropertyBag.obs)
315  IfxRunAfterReboot                                  ifx.obl(EventsSetupPriv.obs)
316  IfxWriteProperties                                 ifx.obl(PersistPropertyBag.obs)
317  InetEndofTransfer                                  isrt.obl(iftw.obs)
318  InetNextDisk                                       isrt.obl(iftw.obs)
319  InitInstall                                        isrt.obl(Driver.obs)
320  InitProperties                                     ifx.obl(PersistPropertyBag.obs)
321  Is                                                 isrt.obl(Is.obs)
322  IsInetInstall                                      isrt.obl(iftw.obs)
323  KERNEL.GetModuleHandle                             Setup.obs
324  KERNEL32.CloseHandle                               Setup.obs
325  KERNEL32.CreateFileA                               Setup.obs
326  KERNEL32.CreateProcess                             Setup.obs
327  KERNEL32.DeleteFileA                               Setup.obs
328  KERNEL32.FindClose                                 Setup.obs
329  KERNEL32.FindFirstFileA                            Setup.obs
330  KERNEL32.FindNextFileA                             Setup.obs
331  KERNEL32.FormatMessageA                            Setup.obs
332  KERNEL32.FreeLibrary                               Setup.obs
333  KERNEL32.GetCurrentDirectoryA                      Setup.obs
334  KERNEL32.GetDriveType                              Setup.obs
335  KERNEL32.GetExitCodeProcess                        Setup.obs
336  KERNEL32.GetFileAttributesA                        Setup.obs
337  KERNEL32.GetLocalTime                              Setup.obs
338  KERNEL32.GetLocaleInfo                             Setup.obs
339  KERNEL32.GetPrivateProfileSectionA                 Setup.obs
340  KERNEL32.GetPrivateProfileString                   Setup.obs
341  KERNEL32.GetPrivateProfileStringA                  Setup.obs
342  KERNEL32.GetProcAddress                            Setup.obs
343  KERNEL32.GetProfileStringA                         Setup.obs
344  KERNEL32.GetShortPathNameA                         Setup.obs
345  KERNEL32.GetSystemDefaultLCID                      Setup.obs
346  KERNEL32.GetSystemDefaultLangID                    Setup.obs
347  KERNEL32.GetSystemDefaultUILanguage                Setup.obs
348  KERNEL32.GetTickCount                              Setup.obs
349  KERNEL32.GetUserDefaultLangID                      Setup.obs
350  KERNEL32.GetVersion                                Setup.obs
351  KERNEL32.GetVersionEx                              Setup.obs
352  KERNEL32.GetVolumeInformation                      Setup.obs
353  KERNEL32.GetWindowsDirectory                       Setup.obs
354  KERNEL32.LoadLibraryA                              Setup.obs
355  KERNEL32.SetCurrentDirectoryA                      Setup.obs
356  KERNEL32.SetFileAttributesA                        Setup.obs
357  KERNEL32.Sleep                                     Setup.obs
358  KERNEL32.WritePrivateProfileString                 Setup.obs
359  KERNEL32.WritePrivateProfileStringA                Setup.obs
360  KERNEL32.WriteProfileStringA                       Setup.obs
361  KERNEL32.lstrlen                                   Setup.obs
362  LOBYTE                                             isrt.obl(Misc.obs)
363  LOWORD                                             isrt.obl(Misc.obs)
364  LaunchAppAndWait                                   isrt.obl(Extend.obs)
365  LaunchAppAndWaitInitStartupInfo                    isrt.obl(Extend.obs)
366  ListAddItem                                        isrt.obl(scrlist.obs)
367  ListAddString                                      isrt.obl(scrlist.obs)
368  ListCount                                          isrt.obl(scrlist.obs)
369  ListCreate                                         isrt.obl(scrlist.obs)
370  ListCurrentString                                  isrt.obl(scrlist.obs)
371  ListDeleteItem                                     isrt.obl(scrlist.obs)
372  ListDeleteString                                   isrt.obl(scrlist.obs)
373  ListDestroy                                        isrt.obl(scrlist.obs)
374  ListFindString                                     isrt.obl(scrlist.obs)
375  ListGetFirstItem                                   isrt.obl(scrlist.obs)
376  ListGetFirstString                                 isrt.obl(scrlist.obs)
377  ListGetNextItem                                    isrt.obl(scrlist.obs)
378  ListGetNextString                                  isrt.obl(scrlist.obs)
379  ListGetType                                        isrt.obl(scrlist.obs)
380  ListReadFromFile                                   isrt.obl(scrlist.obs)
381  ListSetIndex                                       isrt.obl(scrlist.obs)
382  ListValid                                          isrt.obl(scrlist.obs)
383  ListValidType                                      isrt.obl(scrlist.obs)
384  LoadStringFromStringTable                          isrt.obl(Str.obs)
385  LogReadCustomString                                isrt.obl(Misc.obs)
386  LogReadCustomVariant                               isrt.obl(Misc.obs)
387  LogWriteCustomString                               isrt.obl(Misc.obs)
388  LogWriteCustomVariant                              isrt.obl(Misc.obs)
389  LongPathFromShortPath                              isrt.obl(Str.obs)
390  LongPathToQuote                                    isrt.obl(Str.obs)
391  LongPathToShortPath                                isrt.obl(Str.obs)
392  MAKELONG                                           isrt.obl(Misc.obs)
393  MIFCreateMIFFile                                   isrt.obl(MIF.obs)
394  MIFDeleteMIFFile                                   isrt.obl(MIF.obs)
395  MIFInitialize                                      isrt.obl(MIF.obs)
396  MIFSetInformation                                  isrt.obl(MIF.obs)
397  MIFUnInitialize                                    isrt.obl(MIF.obs)
398  MIFWasSetInformationCalled                         isrt.obl(MIF.obs)
399  MIOShutdown                                        isrt.obl(MIO.obs)
400  MIOStartup                                         isrt.obl(MIO.obs)
401  MaintenanceStart                                   isrt.obl(Registry.obs)
402  MediaGetData                                       isrt.obl(Feature.obs)
403  MediaGetDataEx                                     isrt.obl(Feature.obs)
404  MessageBeep                                        isrt.obl(Misc.obs)
405  MessageBox                                         isrt.obl(MsgBox.obs)
406  MessageBoxEx                                       isrt.obl(MsgBox.obs)
407  OnAbort                                            ifx.obl(EventsSetup.obs)
408  OnAppSearch                                        ifx.obl(EventsSetup.obs)
409  OnBegin                                            ifx.obl(EventsSetup.obs)
410  OnCCPSearch                                        ifx.obl(EventsSetup.obs)
411  OnCanceling                                        Setup.obs
412  OnCheckMediaPassword                               ifx.obl(EventsSetup.obs)
413  OnComponentError                                   ifx.obl(EventsSetup.obs)
414  OnCustomizeUninstInfo                              ifx.obl(EventsSetup.obs)
415  OnEnd                                              ifx.obl(EventsSetup.obs)
416  OnFileError                                        ifx.obl(EventsSetup.obs)
417  OnFileLocked                                       ifx.obl(EventsSetup.obs)
418  OnFileReadOnly                                     ifx.obl(EventsSetup.obs)
419  OnFilterComponents                                 ifx.obl(EventsSetup.obs)
420  OnFirstUIAfter                                     Setup.obs
421  OnFirstUIBefore                                    Setup.obs
422  OnHelp                                             ifx.obl(EventsSetup.obs)
423  OnIISCheckRequirements                             ifx.obl(EventsPriv.obs)
424  OnIISComponentInstalled                            ifx.obl(EventsPriv.obs)
425  OnIISInitialize                                    ifx.obl(EventsPriv.obs)
426  OnIISUninitialize                                  ifx.obl(EventsPriv.obs)
427  OnIISVRootUninstalling                             ifx.obl(EventsPriv.obs)
428  OnInstallDRMService                                isrt.obl(Activation.obs)
429  OnInstalledFile                                    ifx.obl(EventsSetup.obs)
430  OnInstalledFontFile                                ifx.obl(EventsSetup.obs)
431  OnInstallingFile                                   ifx.obl(EventsSetup.obs)
432  OnInternetError                                    ifx.obl(EventsSetup.obs)
433  OnLaunchAppAndWaitCallback                         isrt.obl(Extend.obs)
434  OnMD5Error                                         ifx.obl(EventsSetup.obs)
435  OnMaintUIAfter                                     ifx.obl(EventsSetup.obs)
436  OnMaintUIBefore                                    ifx.obl(EventsSetup.obs)
437  OnMoveData                                         ifx.obl(EventsSetup.obs)
438  OnMoved                                            ifx.obl(EventsSetup.obs)
439  OnMoving                                           ifx.obl(EventsSetup.obs)
440  OnNetApiCreateUserAccount                          ifx.obl(EventsSetup.obs)
441  OnNetApiCreateUserAccountInternal                  isrt.obl(NetApiRT.obs)
442  OnNextDisk                                         ifx.obl(EventsSetup.obs)
443  OnRebooted                                         ifx.obl(EventsSetup.obs)
444  OnRemovingSharedFile                               ifx.obl(EventsSetup.obs)
445  OnSQLBatchScripts                                  ifx.obl(EventsPriv.obs)
446  OnSQLComponentInstalled                            ifx.obl(EventsPriv.obs)
447  OnSQLComponentUninstalled                          ifx.obl(EventsPriv.obs)
448  OnSQLServerInitialize                              ifx.obl(EventsPriv.obs)
449  OnSQLServerInitializeMaint                         ifx.obl(EventsPriv.obs)
450  OnSelfRegistrationError                            ifx.obl(EventsSetup.obs)
451  OnSetTARGETDIR                                     ifx.obl(EventsSetup.obs)
452  OnSetUpdateMode                                    ifx.obl(EventsSetup.obs)
453  OnShowUI                                           ifx.obl(EventsSetup.obs)
454  OnUnInstallDRMService                              isrt.obl(Activation.obs)
455  OnUnhandledException                               ifx.obl(EventsPriv.obs)
456  OnUninstall                                        ifx.obl(EventsSetup.obs)
457  OnUninstalledFile                                  ifx.obl(EventsSetup.obs)
458  OnUninstallingFile                                 ifx.obl(EventsSetup.obs)
459  OnUninstallingFontFile                             ifx.obl(EventsSetup.obs)
460  OnUpdateUIAfter                                    ifx.obl(EventsSetup.obs)
461  OnUpdateUIBefore                                   ifx.obl(EventsSetup.obs)
462  OnXMLComponentInstalled                            ifx.obl(EventsPriv.obs)
463  OnXMLComponentUninstalling                         ifx.obl(EventsPriv.obs)
464  OnXMLInitialize                                    ifx.obl(EventsPriv.obs)
465  OnXMLUninitialize                                  ifx.obl(EventsPriv.obs)
466  OpenFileMode                                       isrt.obl(Files.obs)
467  PCRestoreInit                                      isrt.obl(PCRestore.obs)
468  PCRestoreOnAbort                                   isrt.obl(PCRestore.obs)
469  PCRestoreOnBegin                                   isrt.obl(PCRestore.obs)
470  PCRestoreOnExit                                    isrt.obl(PCRestore.obs)
471  ParsePath                                          isrt.obl(Str.obs)
472  Postprogram                                        ifx.obl(EventsSetupPriv.obs)
473  Preprogram                                         ifx.obl(EventsSetupPriv.obs)
474  PrintFile                                          isrt.obl(Files.obs)
475  ProgDefGroupType                                   isrt.obl(Shell.obs)
476  ProgGetGroupType                                   isrt.obl(Shell.obs)
477  PthFixPath                                         isrt.obl(Pth.obs)
478  PthIsAbsPath                                       isrt.obl(Pth.obs)
479  ReadProperties                                     ifx.obl(PersistPropertyBag.obs)
480  Rebooted                                           isrt.obl(Driver.obs)
481  RegDBDeleteValue                                   isrt.obl(Registry.obs)
482  RegDBGetDefaultRoot                                isrt.obl(SysVars.obs)
483  RegDBGetItem                                       isrt.obl(Registry.obs)
484  RegDBGetKeyValueEx                                 isrt.obl(Registry.obs)
485  RegDBKeyExist                                      isrt.obl(Registry.obs)
486  RegDBQueryKey                                      isrt.obl(Registry.obs)
487  RegDBQueryKeyCount                                 isrt.obl(Registry.obs)
488  RegDBQueryStringMultiStringCount                   isrt.obl(Registry.obs)
489  RegDBQueryValue                                    isrt.obl(Registry.obs)
490  RegDBSetDefaultRoot                                isrt.obl(SysVars.obs)
491  RegDBSetItem                                       isrt.obl(Registry.obs)
492  RegDBSetKeyValueEx                                 isrt.obl(Registry.obs)
493  RegDBSetValue                                      isrt.obl(Registry.obs)
494  RegDBSetVersion                                    isrt.obl(Registry.obs)
495  RegisterFontResource                               isrt.obl(Misc.obs)
496  ReleaseDialog                                      isrt.obl(CustomDialog.obs)
497  SdCloseDlg                                         isrt.obl(SDINT.obs)
498  SdComponentDlgCheckSpace                           isrt.obl(SDINT.obs)
499  SdDlgToTop                                         isrt.obl(SDINT.obs)
500  SdDoStdButton                                      isrt.obl(SDINT.obs)
501  SdEnablement                                       isrt.obl(SDINT.obs)
502  SdError                                            isrt.obl(SDINT.obs)
503  SdExceptionsInit                                   isrt.obl(SdExceptions.obs)
504  SdFeatureTree                                      isrt.obl(SdComponentTreeDlg.obs)
505  SdFinish                                           isrt.obl(SdFinishDlg.obs)
506  SdFinishReboot                                     isrt.obl(SdFinishRebootDlg.obs)
507  SdGeneralInit                                      isrt.obl(SDINT.obs)
508  SdInit                                             isrt.obl(SDINT.obs)
509  SdIsStdButton                                      isrt.obl(SDINT.obs)
510  SdLicense2Rtf                                      isrt.obl(SdLicense2Dlg.obs)
511  SdLoadString                                       isrt.obl(SDINT.obs)
512  SdMakeName                                         isrt.obl(SDINT.obs)
513  SdPlugInProductName                                isrt.obl(SDINT.obs)
514  SdSetDlgTitle                                      isrt.obl(SDINT.obs)
515  SdSetStatic                                        isrt.obl(SDINT.obs)
516  SdShowDlgEdit3                                     isrt.obl(SdShowDlgEdit3Dlg.obs)
517  SdShowMsg                                          isrt.obl(SDSMSG.obs)
518  SdStartCopy2                                       isrt.obl(SdStartCopy2Dlg.obs)
519  SdSubstituteProductInfo                            isrt.obl(SDINT.obs)
520  SdUnInit                                           isrt.obl(SDINT.obs)
521  SdWelcome                                          isrt.obl(SdWelcomeDlg.obs)
522  SdWelcomeMaint                                     isrt.obl(SdWelcomeMaintDlg.obs)
523  SelectDir                                          isrt.obl(SelectDir.obs)
524  SelectDirNoLog                                     isrt.obl(SelectDir.obs)
525  SendMessage                                        isrt.obl(Misc.obs)
526  ServiceInitParams                                  isrt.obl(Service.obs)
527  SetCmdLine                                         isrt.obl(SysVars.obs)
528  SetDialogTitle                                     isrt.obl(Dialogs.obs)
529  SetDisplayEffect                                   isrt.obl(ui.obs)
530  SetExtendedErrInfo                                 isrt.obl(IsUtil.obs)
531  SetFolderDesktop                                   isrt.obl(SysVars.obs)
532  SetFolderPrograms                                  isrt.obl(SysVars.obs)
533  SetFolderStartMenu                                 isrt.obl(SysVars.obs)
534  SetFolderStartup                                   isrt.obl(SysVars.obs)
535  SetStatus                                          ifx.obl(EventsSetupPriv.obs)
536  SetStatusEx                                        ifx.obl(EventsSetupPriv.obs)
537  SetStatusWindow                                    isrt.obl(ui.obs)
538  SetTitle                                           isrt.obl(ui.obs)
539  SetupTraceWrite                                    isrt.obl(Misc.obs)
540  ShowObjWizardPages                                 isrt.obl(Objects.obs)
541  ShowWizardPages                                    isrt.obl(Driver.obs)
542  SilentCreateFile                                   isrt.obl(Silent.obs)
543  SilentDoGeneralInfo                                isrt.obl(Silent.obs)
544  SilentFailed                                       isrt.obl(Silent.obs)
545  SilentFinish                                       isrt.obl(Silent.obs)
546  SilentInit                                         isrt.obl(Silent.obs)
547  SilentLogWriteData                                 isrt.obl(Silent.obs)
548  SilentReadData                                     isrt.obl(Silent.obs)
549  SilentSetInfo                                      isrt.obl(Silent.obs)
550  SilentSetMode                                      isrt.obl(Silent.obs)
551  SilentWriteData                                    isrt.obl(Silent.obs)
552  Sprintf                                            isrt.obl(Str.obs)
553  SprintfBox                                         isrt.obl(MsgBox.obs)
554  StatusUpdate                                       isrt.obl(ui.obs)
555  StrAddLastSlash                                    isrt.obl(Str.obs)
556  StrFindEx                                          isrt.obl(Str.obs)
557  StrGetTokens                                       isrt.obl(Str.obs)
558  StrLength                                          isrt.obl(Str.obs)
559  StrRemoveLastSlash                                 isrt.obl(Str.obs)
560  StrRemoveSpaces                                    isrt.obl(Str.obs)
561  StrReplace                                         isrt.obl(Str.obs)
562  StrToNumHex                                        isrt.obl(Str.obs)
563  StrToUpper                                         isrt.obl(Str.obs)
564  SysVarsInit                                        isrt.obl(SysVars.obs)
565  SysVarsTrace                                       isrt.obl(SysVars.obs)
566  SysVarsUnInit                                      isrt.obl(SysVars.obs)
567  System                                             isrt.obl(Misc.obs)
568  TextSubGetValue                                    isrt.obl(TextSub.obs)
569  TextSubParseTextSub                                isrt.obl(TextSub.obs)
570  TextSubSetValue                                    isrt.obl(TextSub.obs)
571  TreeViewCreate                                     isrt.obl(CmptView.obs)
572  USER.EnableWindow                                  Setup.obs
573  USER.GetClassName                                  Setup.obs
574  USER.GetDC                                         Setup.obs
575  USER.GetDlgItem                                    Setup.obs
576  USER.GetFocus                                      Setup.obs
577  USER.GetWindowLong                                 Setup.obs
578  USER.IsIconic                                      Setup.obs
579  USER.IsWindow                                      Setup.obs
580  USER.IsWindowVisible                               Setup.obs
581  USER.PostMessage                                   Setup.obs
582  USER.ReleaseDC                                     Setup.obs
583  USER.SendMessageA                                  Setup.obs
584  USER.SetFocus                                      Setup.obs
585  USER.SetForegroundWindow                           Setup.obs
586  USER.SetWindowPos                                  Setup.obs
587  USER.SetWindowText                                 Setup.obs
588  USER.ShowWindow                                    Setup.obs
589  USER32.CharUpperBuffA                              Setup.obs
590  USER32.DispatchMessage                             Setup.obs
591  USER32.GetSystemMetrics                            Setup.obs
592  USER32.GetWindowText                               Setup.obs
593  USER32.GetWindowTextLength                         Setup.obs
594  USER32.MessageBoxA                                 Setup.obs
595  USER32.MsgWaitForMultipleObjects                   Setup.obs
596  USER32.PeekMessageA                                Setup.obs
597  USER32.SendMessageA                                Setup.obs
598  USER32.SetWindowLong                               Setup.obs
599  USER32.SetWindowRgn                                Setup.obs
600  USER32.TranslateMessage                            Setup.obs
601  UpdateServiceInit                                  isrt.obl(ISUpdateService.obs)
602  UpdateServiceRegisterAfterReboot                   isrt.obl(ISUpdateService.obs)
603  UpdateServiceRegisterProductEx                     isrt.obl(ISUpdateService.obs)
604  VarInit                                            isrt.obl(SysVars.obs)
605  VarRestore                                         isrt.obl(SysVars.obs)
606  VarSave                                            isrt.obl(SysVars.obs)
607  VerProductCompareVersions                          isrt.obl(version.obs)
608  VerProductGetInstalledVersion                      isrt.obl(version.obs)
609  VerProductIsVersionSupported                       isrt.obl(version.obs)
610  VerProductNumToStr                                 isrt.obl(version.obs)
611  VerProductStrToNum                                 isrt.obl(version.obs)
612  VerProductVerFromVerParts                          isrt.obl(version.obs)
613  VerProductVerPartsFromVer                          isrt.obl(version.obs)
614  WaitOnDialog                                       isrt.obl(CustomDialog.obs)
615  WizardDirection                                    ifx.obl(EventsSetupPriv.obs)
616  WriteLine                                          isrt.obl(Files.obs)
617  WriteProfInt                                       isrt.obl(Profile.obs)
618  WriteProfString                                    isrt.obl(Profile.obs)
619  WriteProperties                                    ifx.obl(PersistPropertyBag.obs)
620  __ISRTDoExit                                       isrt.obl(Misc.obs)
621  __ISRTInit                                         isrt.obl(ISRTInit.obs)
622  __ISRTRestoreMainLog                               isrt.obl(ISRTInit.obs)
623  __ISRTRestoreMainLogEx                             isrt.obl(ISRTInit.obs)
624  __ISRTSetComponentLog                              isrt.obl(ISRTInit.obs)
625  __ISRTUnInit                                       isrt.obl(ISRTInit.obs)
626  __LoadIScriptString                                isrt.obl(LoadStr.obs)
627  program                                            ifx.obl(EventsSetupPriv.obs)
628  sfc.SRSetRestorePoint                              Setup.obs


***** External Variables *****
1    ADDREMOVE                                          isrt.obl(DebugSymbols.obs)
2    ADDREMOVE_COMBINEDBUTTON                           Setup.obs
3    ADDREMOVE_HIDECHANGEOPTION                         Setup.obs
4    ADDREMOVE_HIDEREMOVEOPTION                         Setup.obs
5    ADDREMOVE_HIDEREPAIROPTION                         Setup.obs
6    ADDREMOVE_STRING_REMOVEONLY                        Setup.obs
7    ADDREMOVE_SYSTEMCOMPONENT                          Setup.obs
8    ADMINUSER                                          Setup.obs
9    ALLUSERS                                           Setup.obs
10   BATCH_INSTALL                                      Setup.obs
11   CMDLINE                                            isrt.obl(DebugSymbols.obs)
12   COMMONFILES                                        isrt.obl(DebugSymbols.obs)
13   DISABLE_ALLUSERBTN                                 Setup.obs
14   DISABLE_PERUSERBTN                                 Setup.obs
15   DISK1TARGET                                        Setup.obs
16   ENABLED_ISERVICES                                  isrt.obl(DebugSymbols.obs)
17   ENGINECOMMONDIR                                    isrt.obl(DebugSymbols.obs)
18   ENGINEDIR                                          isrt.obl(DebugSymbols.obs)
19   ERRORFILENAME                                      Setup.obs
20   Err                                                Setup.obs
21   FILETIME                                           Setup.obs
22   FIND_DATA                                          Setup.obs
23   FOLDER_APPDATA                                     isrt.obl(DebugSymbols.obs)
24   FOLDER_COMMON_APPDATA                              isrt.obl(DebugSymbols.obs)
25   FOLDER_DESKTOP                                     isrt.obl(DebugSymbols.obs)
26   FOLDER_FONTS                                       isrt.obl(DebugSymbols.obs)
27   FOLDER_LOCAL_APPDATA                               isrt.obl(DebugSymbols.obs)
28   FOLDER_PERSONAL                                    isrt.obl(DebugSymbols.obs)
29   FOLDER_PROGRAMS                                    isrt.obl(DebugSymbols.obs)
30   FOLDER_STARTMENU                                   isrt.obl(DebugSymbols.obs)
31   FOLDER_STARTUP                                     isrt.obl(DebugSymbols.obs)
32   FOLDER_TEMP                                        isrt.obl(DebugSymbols.obs)
33   FileRegistrar                                      Setup.obs
34   HKEYCURRENTROOTKEY                                 Setup.obs
35   IFX_COMPANY_NAME                                   Setup.obs
36   IFX_DISK1INSTALLED                                 Setup.obs
37   IFX_INITIALIZED                                    Setup.obs
38   IFX_INSTALLED_DISPLAY_VERSION                      Setup.obs
39   IFX_INSTALLED_VERSION                              Setup.obs
40   IFX_KEYPATH_PRODUCT_INFO                           Setup.obs
41   IFX_MULTI_INSTANCE_SUFFIX                          Setup.obs
42   IFX_PRODUCT_COMMENTS                               Setup.obs
43   IFX_PRODUCT_DISPLAY_NAME                           Setup.obs
44   IFX_PRODUCT_DISPLAY_VERSION                        Setup.obs
45   IFX_PRODUCT_ICON                                   Setup.obs
46   IFX_PRODUCT_KEY                                    Setup.obs
47   IFX_PRODUCT_NAME                                   Setup.obs
48   IFX_PRODUCT_README                                 Setup.obs
49   IFX_PRODUCT_REGISTEREDCOMPANY                      Setup.obs
50   IFX_PRODUCT_REGISTEREDOWNER                        Setup.obs
51   IFX_PRODUCT_REGISTEREDSERIALNUM                    Setup.obs
52   IFX_PRODUCT_SUPPORT_CONTACT                        Setup.obs
53   IFX_PRODUCT_SUPPORT_PHONE                          Setup.obs
54   IFX_PRODUCT_SUPPORT_URL                            Setup.obs
55   IFX_PRODUCT_UPDATE_URL                             Setup.obs
56   IFX_PRODUCT_URL                                    Setup.obs
57   IFX_PRODUCT_VERSION                                Setup.obs
58   IFX_SETUP_TITLE                                    Setup.obs
59   IFX_SUPPORTED_VERSIONS                             Setup.obs
60   IISROOTFOLDER                                      isrt.obl(DebugSymbols.obs)
61   INSTALLSCRIPTMSI                                   isrt.obl(DebugSymbols.obs)
62   INSTANCE_GUID                                      isrt.obl(DebugSymbols.obs)
63   ISRES                                              isrt.obl(DebugSymbols.obs)
64   ISUSER                                             isrt.obl(DebugSymbols.obs)
65   ISUTIL_FUNCTION_ACTUAL_ERROR                       Setup.obs
66   ISUTIL_LINE_NUMBER                                 Setup.obs
67   ISUTIL_SCRIPT_FILE                                 Setup.obs
68   ISVERSION                                          isrt.obl(DebugSymbols.obs)
69   InetSRCDIR                                         Setup.obs
70   LAAW_PARAMETERS                                    Setup.obs
71   LAAW_PROCESS_INFORMATION                           Setup.obs
72   LAAW_STARTUPINFO                                   Setup.obs
73   LAST_RESULT                                        Setup.obs
74   LogDB                                              Setup.obs
75   MAINTENANCE                                        isrt.obl(DebugSymbols.obs)
76   MAINT_OPTION                                       isrt.obl(DebugSymbols.obs)
77   MEDIA                                              Setup.obs
78   MEDIA_INFO                                         isrt.obl(Feature.obs)
79   MODE                                               Setup.obs
80   MSG                                                Setup.obs
81   MULTI_INSTANCE_COUNT                               isrt.obl(DebugSymbols.obs)
82   MainWindow                                         Setup.obs
83   NOTHING                                            Setup.obs
84   OSINFO_PLATFORM_INFO                               Setup.obs
85   OSVERSIONINFO                                      Setup.obs
86   OSVERSIONINFOEX                                    Setup.obs
87   Objects                                            Setup.obs
88   PACKAGE_LOCATION                                   isrt.obl(DebugSymbols.obs)
89   POINT                                              Setup.obs
90   PRIVILEGED                                         Setup.obs
91   PROCESS_INFORMATION                                Setup.obs
92   PRODUCT_GUID                                       isrt.obl(DebugSymbols.obs)
93   PROGRAMFILES                                       isrt.obl(DebugSymbols.obs)
94   RECT                                               Setup.obs
95   REMOVEALLMODE                                      isrt.obl(DebugSymbols.obs)
96   REMOVEONLY                                         isrt.obl(DebugSymbols.obs)
97   Reboot                                             Setup.obs
98   SELECTED_LANGUAGE                                  isrt.obl(DebugSymbols.obs)
99   SERVICE_IS_PARAMS                                  Setup.obs
100  SHELL_OBJECT_FOLDER                                Setup.obs
101  SHOW_PASSWORD_DIALOG                               isrt.obl(DebugSymbols.obs)
102  SRCDIR                                             Setup.obs
103  SRCDISK                                            isrt.obl(DebugSymbols.obs)
104  STARTUPINFO                                        Setup.obs
105  SUPPORTDIR                                         isrt.obl(DebugSymbols.obs)
106  SYSTEMTIME                                         Setup.obs
107  SetupInfo                                          Setup.obs
108  StatusDlg                                          Setup.obs
109  TARGETDIR                                          Setup.obs
110  TARGETDISK                                         isrt.obl(DebugSymbols.obs)
111  TextSub                                            Setup.obs
112  UNINST                                             Setup.obs
113  UNINSTALLKEY                                       Setup.obs
114  UNINSTALL_DISPLAYNAME                              Setup.obs
115  UNINSTALL_STRING                                   Setup.obs
116  UPDATEMODE                                         Setup.obs
117  WINDIR                                             isrt.obl(DebugSymbols.obs)
118  WINDISK                                            isrt.obl(DebugSymbols.obs)
119  WINSYSDIR                                          isrt.obl(DebugSymbols.obs)
120  WINSYSDISK                                         isrt.obl(DebugSymbols.obs)
121  _FONTFILEINFO                                      Setup.obs
122  _INT64                                             Setup.obs
123  _LAAW_PARAMETERS                                   Setup.obs
124  _LAAW_TEMP_DATA                                    isrt.obl(Extend.obs)
125  _RESTOREINFO_                                      Setup.obs
126  _RESTOREPTINFO                                     Setup.obs
127  _SERVICE_IS_PARAMS                                 Setup.obs
128  _SMGRSTATUS                                        Setup.obs
129  _SMGSTATUS_                                        Setup.obs
130  _WIN9X                                             Setup.obs
131  _WINNT                                             Setup.obs
132  __SYSTEMINFORMATION                                Setup.obs
133  __hContext                                         isrt.obl(Activation.obs)
134  __objGlobalTextSub                                 Setup.obs
135  __szGUID                                           isrt.obl(ISRTInit.obs)
136  bBackButton                                        Setup.obs
137  bCancelButton                                      Setup.obs
138  bEnterDiskBeep                                     isrt.obl(AskDestPathDlg.obs)
139  bFinishButton                                      Setup.obs
140  bIFXLFNoToAll                                      Setup.obs
141  bIFXLFOnRebootToAll                                Setup.obs
142  bIFXLFYesToAll                                     Setup.obs
143  bIFXMD5IgnoreToAll                                 Setup.obs
144  bIFXRONoToAll                                      Setup.obs
145  bIFXROYesToAll                                     Setup.obs
146  bIFXSFNoToAll                                      Setup.obs
147  bIFXSFYesToAll                                     Setup.obs
148  bIfxPCHInitialized                                 Setup.obs
149  bIfxPCHOn                                          Setup.obs
150  bInstall16                                         Setup.obs
151  bNextButton                                        Setup.obs
152  bSdInit                                            Setup.obs
153  bViewCmptKunits                                    Setup.obs
154  bViewCmptUseDecimal                                Setup.obs
155  g_bSuppressMissingStringWarning                    isrt.obl(Enable.obs)
156  nIfxPCHType                                        Setup.obs
157  szAppKey                                           Setup.obs
158  szSdProduct                                        Setup.obs
159  szSdStr_NotEnoughSpace                             Setup.obs
