***** External Functions *****
1    AddFontRegistrationToLog                           isrt.obl(Misc.obs)
2    AppSearch                                          isrt.obl(Driver.obs)
3    CCPSearch                                          isrt.obl(Driver.obs)
4    ChangeDirectory                                    isrt.obl(Files.obs)
5    CloseFile                                          isrt.obl(Files.obs)
6    CmdGetHwndDlg                                      isrt.obl(CustomDialog.obs)
7    ComponentAddFileToLog                              isrt.obl(component.obs)
8    ComponentCompareSizeRequired                       isrt.obl(component.obs)
9    ComponentGetData                                   isrt.obl(component.obs)
10   ComponentGetTotalCost                              isrt.obl(component.obs)
11   ComponentIsItemSelected                            isrt.obl(component.obs)
12   ComponentListItems                                 isrt.obl(component.obs)
13   ComponentSelectItem                                isrt.obl(component.obs)
14   ComponentTreeInit                                  isrt.obl(Dialogs.obs)
15   CreateDir                                          isrt.obl(Files.obs)
16   CreateFile                                         isrt.obl(Files.obs)
17   CreateInstallationInfo                             isrt.obl(Registry.obs)
18   CreateRegistrySet                                  isrt.obl(Feature.obs)
19   CtrlGetNotificationCode                            isrt.obl(CustomDialog.obs)
20   CtrlGetState                                       isrt.obl(CustomDialog.obs)
21   CtrlGetSubCommand                                  isrt.obl(CustomDialog.obs)
22   CtrlGetText                                        isrt.obl(CustomDialog.obs)
23   CtrlSelectText                                     isrt.obl(CustomDialog.obs)
24   CtrlSetMLEText                                     isrt.obl(CustomDialog.obs)
25   CtrlSetState                                       isrt.obl(CustomDialog.obs)
26   CtrlSetText                                        isrt.obl(CustomDialog.obs)
27   DRMINSTALLERPRO.DRMInstallPRO                      isrt.obl(Activation.obs)
28   DRMINSTALLERPRO.DRMUnInstallPRO                    isrt.obl(Activation.obs)
29   DefineDialog                                       isrt.obl(CustomDialog.obs)
30   Delay                                              isrt.obl(Misc.obs)
31   DeleteFile                                         isrt.obl(Files.obs)
32   DeleteSingleFile                                   isrt.obl(Files.obs)
33   DialogSetDefaultFont                               isrt.obl(Dialogs.obs)
34   DialogSetFont                                      isrt.obl(Dialogs.obs)
35   DialogSetInfo                                      isrt.obl(Dialogs.obs)
36   Disable                                            isrt.obl(Enable.obs)
37   DllSizeOf                                          isrt.obl(Str.obs)
38   Do                                                 isrt.obl(Misc.obs)
39   Enable                                             isrt.obl(Enable.obs)
40   EndCurrentDialog                                   isrt.obl(Dialogs.obs)
41   EndDialog                                          isrt.obl(CustomDialog.obs)
42   EnterDisk                                          isrt.obl(EnterDisk.obs)
43   EnterPassword                                      isrt.obl(EnterPasswordDlg.obs)
44   ExistsDir                                          isrt.obl(Files.obs)
45   ExistsDisk                                         isrt.obl(Files.obs)
46   ExitInstall                                        isrt.obl(Driver.obs)
47   EzDefineDialog                                     isrt.obl(CustomDialog.obs)
48   FeatureAddFileToLog                                isrt.obl(Feature.obs)
49   FeatureCompareSizeRequired                         isrt.obl(Feature.obs)
50   FeatureErrorInfo                                   isrt.obl(Feature.obs)
51   FeatureFilterLanguage                              isrt.obl(Feature.obs)
52   FeatureFilterOS                                    isrt.obl(Feature.obs)
53   FeatureGetData                                     isrt.obl(Feature.obs)
54   FeatureGetTotalCost                                isrt.obl(Feature.obs)
55   FeatureIsItemSelected                              isrt.obl(Feature.obs)
56   FeatureListItems                                   isrt.obl(Feature.obs)
57   FeaturePatch                                       isrt.obl(Feature.obs)
58   FeatureReinstall                                   isrt.obl(Feature.obs)
59   FeatureRemoveAllInLogOnly                          isrt.obl(Feature.obs)
60   FeatureRemoveAllInMedia                            isrt.obl(Feature.obs)
61   FeatureRemoveAllInMediaAndLog                      isrt.obl(Feature.obs)
62   FeatureSaveTarget                                  isrt.obl(Feature.obs)
63   FeatureSelectItem                                  isrt.obl(Feature.obs)
64   FeatureSelectNew                                   isrt.obl(Feature.obs)
65   FeatureTransferData                                isrt.obl(Feature.obs)
66   FeatureUpdate                                      isrt.obl(Feature.obs)
67   FeatureValidate                                    isrt.obl(Feature.obs)
68   FinalConstruct                                     ifx.obl(EventsPriv.obs)
69   FinalRelease                                       ifx.obl(EventsPriv.obs)
70   FindFile                                           isrt.obl(Files.obs)
71   FormatMessage                                      isrt.obl(Misc.obs)
72   GDI32.AddFontResource                              Setup.obs
73   GDI32.CreateRectRgn                                Setup.obs
74   GDI32.GetDeviceCaps                                Setup.obs
75   GDI32.RemoveFontResource                           Setup.obs
76   GetAddRemove                                       isrt.obl(SysVars.obs)
77   GetBillboard                                       isrt.obl(SysVars.obs)
78   GetCurrentDialogName                               isrt.obl(Dialogs.obs)
79   GetCurrentDir                                      isrt.obl(Files.obs)
80   GetDialogTitle                                     isrt.obl(Dialogs.obs)
81   GetDir                                             isrt.obl(Str.obs)
82   GetDisk                                            isrt.obl(Str.obs)
83   GetDiskSpace                                       isrt.obl(GSI.obs)
84   GetDiskSpaceEx                                     isrt.obl(GSI.obs)
85   GetEnabledIServices                                isrt.obl(SysVars.obs)
86   GetEngineDir                                       isrt.obl(SysVars.obs)
87   GetEnvVar                                          isrt.obl(GSI.obs)
88   GetErrorMsg                                        isrt.obl(Dialogs.obs)
89   GetErrorTitle                                      isrt.obl(Dialogs.obs)
90   GetExtents                                         isrt.obl(GSI.obs)
91   GetFolderApplications                              isrt.obl(SysVars.obs)
92   GetFolderFonts                                     isrt.obl(SysVars.obs)
93   GetISRes                                           isrt.obl(SysVars.obs)
94   GetInstallScriptMSI                                isrt.obl(SysVars.obs)
95   GetInstanceGUID                                    isrt.obl(SysVars.obs)
96   GetKeyPathWinCurrVerAuto                           isrt.obl(SysVars.obs)
97   GetLog                                             isrt.obl(SysVars.obs)
98   GetLogEx                                           isrt.obl(SysVars.obs)
99   GetMaintOption                                     isrt.obl(SysVars.obs)
100  GetMaintenance                                     isrt.obl(SysVars.obs)
101  GetMultiInstanceCount                              isrt.obl(SysVars.obs)
102  GetOpenFileMode                                    isrt.obl(Files.obs)
103  GetPackageLocation                                 isrt.obl(SysVars.obs)
104  GetProductGUID                                     isrt.obl(SysVars.obs)
105  GetProfString                                      isrt.obl(Profile.obs)
106  GetProgramFiles                                    isrt.obl(SysVars.obs)
107  GetRemoveAllMode                                   isrt.obl(SysVars.obs)
108  GetRemoveOnly                                      isrt.obl(SysVars.obs)
109  GetSelectedLanguage                                isrt.obl(SysVars.obs)
110  GetSelectedTreeComponent                           isrt.obl(CmptView.obs)
111  GetShowPasswordDialog                              isrt.obl(SysVars.obs)
112  GetSupportDir                                      isrt.obl(SysVars.obs)
113  GetSystemInfo                                      isrt.obl(GSI.obs)
114  GetTempFolder                                      isrt.obl(SysVars.obs)
115  GetTrueTypeFontFileInfo                            isrt.obl(Misc.obs)
116  GetUserSelectableAuto                              isrt.obl(SysVars.obs)
117  GetWinDir                                          isrt.obl(SysVars.obs)
118  GetWinSysDir                                       isrt.obl(SysVars.obs)
119  GetWindowHandle                                    isrt.obl(Misc.obs)
120  HIBYTE                                             isrt.obl(Misc.obs)
121  HIWORD                                             isrt.obl(Misc.obs)
122  ISDeterminePlatform                                isrt.obl(OsInfo.obs)
123  ISMIF32.InstallStatusMIF                           isrt.obl(MIF.obs)
124  ISRT.ComponentViewSetInfoEx                        isrt.obl(Dialogs.obs)
125  ISRT.EnableHourGlass                               isrt.obl(Enable.obs)
126  ISRT.GetCPUType                                    isrt.obl(GSI.obs)
127  ISRT.GetFontSub                                    isrt.obl(Dialogs.obs)
128  ISRT.GetHandle                                     Setup.obs
129  ISRT.GetPorts                                      isrt.obl(GSI.obs)
130  ISRT.IsEmpty                                       Setup.obs
131  ISRT.IsNTAdmin                                     isrt.obl(Is.obs)
132  ISRT.IsObject                                      Setup.obs
133  ISRT.IsPowerUser                                   isrt.obl(Is.obs)
134  ISRT.LangLoadString                                isrt.obl(SDINT.obs)
135  ISRT.MessageBeepP                                  Setup.obs
136  ISRT.PathCompactPathPixel                          isrt.obl(CustomDialog.obs)
137  ISRT.PathGetDir                                    isrt.obl(Str.obs)
138  ISRT.PathGetDrive                                  isrt.obl(Str.obs)
139  ISRT.PathGetFile                                   isrt.obl(Files.obs)
140  ISRT.PathGetFileExt                                isrt.obl(Str.obs)
141  ISRT.PathGetFileName                               isrt.obl(Str.obs)
142  ISRT.PathGetPath                                   isrt.obl(Str.obs)
143  ISRT.PathGetSpecialFolder                          isrt.obl(SysVars.obs)
144  ISRT.PathIsValidSyntax                             isrt.obl(Is.obs)
145  ISRT._AppSearch                                    Setup.obs
146  ISRT._BrowseForFolder                              isrt.obl(SelectDir.obs)
147  ISRT._CCPSearch                                    Setup.obs
148  ISRT._CleanupInet                                  isrt.obl(MIO.obs)
149  ISRT._CloseFile                                    isrt.obl(Files.obs)
150  ISRT._CmdGetHwndDlg                                isrt.obl(CustomDialog.obs)
151  ISRT._ComponentCompareSizeRequired                 isrt.obl(Feature.obs)
152  ISRT._ComponentErrorInfo                           isrt.obl(Feature.obs)
153  ISRT._ComponentFilterLanguage                      isrt.obl(Feature.obs)
154  ISRT._ComponentFilterOS                            isrt.obl(Feature.obs)
155  ISRT._ComponentGetData                             isrt.obl(Feature.obs)
156  ISRT._ComponentGetTotalCost                        isrt.obl(Feature.obs)
157  ISRT._ComponentGetTotalCostEx                      isrt.obl(SdComponentTreeDlg.obs)
158  ISRT._ComponentIsItemSelected                      isrt.obl(Feature.obs)
159  ISRT._ComponentListItems                           isrt.obl(Feature.obs)
160  ISRT._ComponentPatch                               isrt.obl(Feature.obs)
161  ISRT._ComponentReinstall                           isrt.obl(Feature.obs)
162  ISRT._ComponentRemoveAll                           isrt.obl(Feature.obs)
163  ISRT._ComponentRemoveAllInLogOnly                  isrt.obl(Feature.obs)
164  ISRT._ComponentSaveTarget                          isrt.obl(Feature.obs)
165  ISRT._ComponentSelectItem                          isrt.obl(Feature.obs)
166  ISRT._ComponentSelectNew                           isrt.obl(Feature.obs)
167  ISRT._ComponentTransferData                        isrt.obl(Feature.obs)
168  ISRT._ComponentUpdate                              isrt.obl(Feature.obs)
169  ISRT._ComponentValidate                            isrt.obl(Feature.obs)
170  ISRT._CreateDir                                    isrt.obl(Files.obs)
171  ISRT._CreateRegistrySet                            isrt.obl(Feature.obs)
172  ISRT._CtrlGetNotificationCode                      isrt.obl(CustomDialog.obs)
173  ISRT._CtrlGetSubCommand                            isrt.obl(CustomDialog.obs)
174  ISRT._CtrlSetMLERichText                           isrt.obl(CustomDialog.obs)
175  ISRT._DefineDialog                                 isrt.obl(CustomDialog.obs)
176  ISRT._DialogSetFont                                isrt.obl(Dialogs.obs)
177  ISRT._DisableStatus                                isrt.obl(Enable.obs)
178  ISRT._DoSprintf                                    isrt.obl(MsgBox.obs)
179  ISRT._EnableDialogCache                            isrt.obl(Enable.obs)
180  ISRT._EnablePrevDialog                             isrt.obl(AskDestPathDlg.obs)
181  ISRT._EnableSkins                                  isrt.obl(Enable.obs)
182  ISRT._EnableStatus                                 isrt.obl(Enable.obs)
183  ISRT._EndDialog                                    isrt.obl(CustomDialog.obs)
184  ISRT._ExistsDir                                    isrt.obl(Files.obs)
185  ISRT._ExistsDisk                                   isrt.obl(Files.obs)
186  ISRT._ExistsFile                                   isrt.obl(Files.obs)
187  ISRT._ExitInstall                                  Setup.obs
188  ISRT._GetCurrentDialogName                         isrt.obl(Dialogs.obs)
189  ISRT._GetDiskSpaceEx                               isrt.obl(GSI.obs)
190  ISRT._GetDiskSpaceExEx                             isrt.obl(SdComponentTreeDlg.obs)
191  ISRT._GetGlobalMemorySize                          isrt.obl(GSI.obs)
192  ISRT._GetSelectedTreeComponent                     isrt.obl(CmptView.obs)
193  ISRT._GetSupportDir                                isrt.obl(SysVars.obs)
194  ISRT._GetTrueTypeFontFileInfo                      isrt.obl(Misc.obs)
195  ISRT._InetEndofTransfer                            isrt.obl(iftw.obs)
196  ISRT._InetGetNextDisk                              isrt.obl(iftw.obs)
197  ISRT._InitInstall                                  Setup.obs
198  ISRT._IsFontTypefaceNameAvailable                  isrt.obl(Is.obs)
199  ISRT._IsSkinLoaded                                 isrt.obl(Is.obs)
200  ISRT._IsWindowsME                                  isrt.obl(GSI.obs)
201  ISRT._ListAddItem                                  isrt.obl(scrlist.obs)
202  ISRT._ListAddString                                isrt.obl(scrlist.obs)
203  ISRT._ListCount                                    isrt.obl(scrlist.obs)
204  ISRT._ListCreate                                   isrt.obl(scrlist.obs)
205  ISRT._ListCurrentString                            isrt.obl(scrlist.obs)
206  ISRT._ListDeleteItem                               isrt.obl(scrlist.obs)
207  ISRT._ListDeleteString                             isrt.obl(scrlist.obs)
208  ISRT._ListDestroy                                  isrt.obl(scrlist.obs)
209  ISRT._ListFindString                               isrt.obl(scrlist.obs)
210  ISRT._ListGetFirstItem                             isrt.obl(scrlist.obs)
211  ISRT._ListGetFirstString                           isrt.obl(scrlist.obs)
212  ISRT._ListGetNextItem                              isrt.obl(scrlist.obs)
213  ISRT._ListGetNextString                            isrt.obl(scrlist.obs)
214  ISRT._ListGetType                                  isrt.obl(scrlist.obs)
215  ISRT._ListReadFromFile                             isrt.obl(scrlist.obs)
216  ISRT._ListSetIndex                                 isrt.obl(scrlist.obs)
217  ISRT._MediaGetInfo                                 isrt.obl(Feature.obs)
218  ISRT._OnUninstPriv                                 Setup.obs
219  ISRT._OpenFile                                     isrt.obl(Files.obs)
220  ISRT._Preprogram                                   Setup.obs
221  ISRT._PrintFile                                    isrt.obl(Files.obs)
222  ISRT._Rebooted                                     Setup.obs
223  ISRT._RegCreateKey                                 isrt.obl(Registry.obs)
224  ISRT._RegDeleteValue                               isrt.obl(Registry.obs)
225  ISRT._RegEnableTextSubs                            isrt.obl(Enable.obs)
226  ISRT._RegExistsKey                                 isrt.obl(Registry.obs)
227  ISRT._RegIsRemoteRegConnected                      isrt.obl(Is.obs)
228  ISRT._RegQueryKeyBinaryValue                       isrt.obl(Registry.obs)
229  ISRT._RegQueryKeyValue                             isrt.obl(Registry.obs)
230  ISRT._RegSetKeyBinaryValue                         isrt.obl(Registry.obs)
231  ISRT._RegSetKeyValue                               isrt.obl(Registry.obs)
232  ISRT._ReleaseDialog                                isrt.obl(CustomDialog.obs)
233  ISRT._SdShowMsg                                    isrt.obl(SDSMSG.obs)
234  ISRT._SetAltMainImage                              isrt.obl(Dialogs.obs)
235  ISRT._SetDisplayEffect                             isrt.obl(ui.obs)
236  ISRT._SetPaletteFile                               isrt.obl(MIO.obs)
237  ISRT._SetSilentSdShowMsg                           isrt.obl(Enable.obs)
238  ISRT._SetTitle                                     isrt.obl(ui.obs)
239  ISRT._SetupInet                                    isrt.obl(MIO.obs)
240  ISRT._SetupTraceWrite                              isrt.obl(Misc.obs)
241  ISRT._ShowObjWizardPages                           isrt.obl(Objects.obs)
242  ISRT._ShowWizardPages                              Setup.obs
243  ISRT._StatusUpdate                                 isrt.obl(ui.obs)
244  ISRT._TreeViewCreate                               isrt.obl(CmptView.obs)
245  ISRT._WaitOnDialog                                 isrt.obl(CustomDialog.obs)
246  ISRT._WriteLine                                    isrt.obl(Files.obs)
247  ISRT.__CreateObjectContext                         isrt.obl(ISRTInit.obs)
248  ISRT.__GetCmdLineOptions                           isrt.obl(ISRTInit.obs)
249  ISRT.__GetContextGUID                              isrt.obl(ISRTInit.obs)
250  ISRT.__GetEnabledIServices                         isrt.obl(SysVars.obs)
251  ISRT.__GetFileRegistrar                            isrt.obl(ISRTInit.obs)
252  ISRT.__GetInfo                                     isrt.obl(ISRTInit.obs)
253  ISRT.__GetInstallGuid                              isrt.obl(SysVars.obs)
254  ISRT.__GetLog                                      isrt.obl(SysVars.obs)
255  ISRT.__GetLogDB                                    isrt.obl(ISRTInit.obs)
256  ISRT.__GetLogEx                                    isrt.obl(SysVars.obs)
257  ISRT.__GetMainWindow                               Setup.obs
258  ISRT.__GetMaintOption                              isrt.obl(SysVars.obs)
259  ISRT.__GetMaintenanceMode                          isrt.obl(SysVars.obs)
260  ISRT.__GetObjects                                  isrt.obl(ISRTInit.obs)
261  ISRT.__GetProductGuid                              isrt.obl(SysVars.obs)
262  ISRT.__GetProgress                                 Setup.obs
263  ISRT.__GetReboot                                   isrt.obl(ISRTInit.obs)
264  ISRT.__GetRemoveAllMode                            isrt.obl(SysVars.obs)
265  ISRT.__GetTextSub                                  isrt.obl(ISRTInit.obs)
266  ISRT.__GetUpdateMode                               isrt.obl(SysVars.obs)
267  ISRT.__GetUser                                     isrt.obl(MIO.obs)
268  ISRT.__ISRTGetPropertyBag                          ifx.obl(PersistPropertyBag.obs)
269  ISRT.__ISRTReleasePropertyBag                      ifx.obl(PersistPropertyBag.obs)
270  ISRT.__LoadString                                  isrt.obl(LoadStr.obs)
271  ISRT.__PutEnabledIServices                         isrt.obl(Enable.obs)
272  ISRT.__ReleaseObjectContext                        isrt.obl(ISRTInit.obs)
273  ISRT.__RestoreMainLog                              isrt.obl(ISRTInit.obs)
274  ISRT.__RestoreMainLogEx                            isrt.obl(ISRTInit.obs)
275  ISRT.__SetComponentLog                             isrt.obl(ISRTInit.obs)
276  ISRT.__SetUpdateMode                               isrt.obl(SysVars.obs)
277  ISRTHandleScriptException                          isrt.obl(Misc.obs)
278  ISRTOnUninstPriv                                   isrt.obl(Driver.obs)
279  ISRTPreprogram                                     isrt.obl(Driver.obs)
280  IfxFilterComponents                                ifx.obl(EventsSetupPriv.obs)
281  IfxFinalConstruct                                  ifx.obl(EventsSetupPriv.obs)
282  IfxFinalRelease                                    ifx.obl(EventsSetupPriv.obs)
283  IfxInitProperties                                  ifx.obl(PersistPropertyBag.obs)
284  IfxOnAbortInstall                                  ifx.obl(EventsPriv.obs)
285  IfxOnAppSearch                                     ifx.obl(EventsPriv.obs)
286  IfxOnCCPSearch                                     ifx.obl(EventsPriv.obs)
287  IfxOnCanceling                                     ifx.obl(EventsPriv.obs)
288  IfxOnDisk1Installed                                ifx.obl(EventsSetupPriv.obs)
289  IfxOnDisk1Installing                               ifx.obl(EventsSetupPriv.obs)
290  IfxOnExitInstall                                   ifx.obl(EventsSetupPriv.obs)
291  IfxOnFileError                                     ifx.obl(EventsSetupPriv.obs)
292  IfxOnFileLocked                                    ifx.obl(EventsSetupPriv.obs)
293  IfxOnFileReadOnly                                  ifx.obl(EventsSetupPriv.obs)
294  IfxOnGeneralScriptOp                               ifx.obl(EventsPriv.obs)
295  IfxOnHelp                                          ifx.obl(EventsPriv.obs)
296  IfxOnInitInstall                                   ifx.obl(EventsSetupPriv.obs)
297  IfxOnInternetError                                 ifx.obl(EventsSetupPriv.obs)
298  IfxOnMD5Error                                      ifx.obl(EventsSetupPriv.obs)
299  IfxOnNextDisk                                      ifx.obl(EventsSetupPriv.obs)
300  IfxOnRebooted                                      ifx.obl(EventsPriv.obs)
301  IfxOnRemovingSharedFile                            ifx.obl(EventsSetupPriv.obs)
302  IfxOnShowWizardPages                               ifx.obl(EventsSetupPriv.obs)
303  IfxOnTransferred                                   ifx.obl(EventsPriv.obs)
304  IfxOnTransferring                                  ifx.obl(EventsSetupPriv.obs)
305  IfxOnUnhandledException                            ifx.obl(EventsPriv.obs)
306  IfxOnUninst                                        ifx.obl(EventsSetupPriv.obs)
307  IfxOnUninstPriv                                    ifx.obl(EventsSetupPriv.obs)
308  IfxPostprogram                                     ifx.obl(EventsSetupPriv.obs)
309  IfxPreprogram                                      ifx.obl(EventsSetupPriv.obs)
310  IfxReadProperties                                  ifx.obl(PersistPropertyBag.obs)
311  IfxRunAfterReboot                                  ifx.obl(EventsSetupPriv.obs)
312  IfxWriteProperties                                 ifx.obl(PersistPropertyBag.obs)
313  InetEndofTransfer                                  isrt.obl(iftw.obs)
314  InetNextDisk                                       isrt.obl(iftw.obs)
315  InitInstall                                        isrt.obl(Driver.obs)
316  InitProperties                                     ifx.obl(PersistPropertyBag.obs)
317  Is                                                 isrt.obl(Is.obs)
318  IsInetInstall                                      isrt.obl(iftw.obs)
319  KERNEL.GetModuleHandle                             Setup.obs
320  KERNEL32.CloseHandle                               Setup.obs
321  KERNEL32.CreateFileA                               Setup.obs
322  KERNEL32.DeleteFileA                               Setup.obs
323  KERNEL32.FindClose                                 Setup.obs
324  KERNEL32.FindFirstFileA                            Setup.obs
325  KERNEL32.FindNextFileA                             Setup.obs
326  KERNEL32.FormatMessageA                            Setup.obs
327  KERNEL32.FreeLibrary                               Setup.obs
328  KERNEL32.GetCurrentDirectoryA                      Setup.obs
329  KERNEL32.GetDriveType                              Setup.obs
330  KERNEL32.GetEnvironmentVariable                    Setup.obs
331  KERNEL32.GetFileAttributesA                        Setup.obs
332  KERNEL32.GetLocalTime                              Setup.obs
333  KERNEL32.GetLocaleInfo                             Setup.obs
334  KERNEL32.GetPrivateProfileString                   Setup.obs
335  KERNEL32.GetPrivateProfileStringA                  Setup.obs
336  KERNEL32.GetProcAddress                            Setup.obs
337  KERNEL32.GetProfileStringA                         Setup.obs
338  KERNEL32.GetShortPathNameA                         Setup.obs
339  KERNEL32.GetSystemDefaultLCID                      Setup.obs
340  KERNEL32.GetSystemDefaultLangID                    Setup.obs
341  KERNEL32.GetSystemDefaultUILanguage                Setup.obs
342  KERNEL32.GetTickCount                              Setup.obs
343  KERNEL32.GetUserDefaultLangID                      Setup.obs
344  KERNEL32.GetVersion                                Setup.obs
345  KERNEL32.GetVersionEx                              Setup.obs
346  KERNEL32.GetVolumeInformation                      Setup.obs
347  KERNEL32.GetWindowsDirectory                       Setup.obs
348  KERNEL32.LoadLibraryA                              Setup.obs
349  KERNEL32.SetCurrentDirectoryA                      Setup.obs
350  KERNEL32.SetFileAttributesA                        Setup.obs
351  KERNEL32.Sleep                                     Setup.obs
352  KERNEL32.WritePrivateProfileString                 Setup.obs
353  KERNEL32.WritePrivateProfileStringA                Setup.obs
354  KERNEL32.WriteProfileStringA                       Setup.obs
355  KERNEL32.lstrlen                                   Setup.obs
356  LOBYTE                                             isrt.obl(Misc.obs)
357  LOWORD                                             isrt.obl(Misc.obs)
358  LaunchAppAndWaitInitStartupInfo                    isrt.obl(Extend.obs)
359  ListAddItem                                        isrt.obl(scrlist.obs)
360  ListAddString                                      isrt.obl(scrlist.obs)
361  ListCount                                          isrt.obl(scrlist.obs)
362  ListCreate                                         isrt.obl(scrlist.obs)
363  ListCurrentString                                  isrt.obl(scrlist.obs)
364  ListDeleteItem                                     isrt.obl(scrlist.obs)
365  ListDeleteString                                   isrt.obl(scrlist.obs)
366  ListDestroy                                        isrt.obl(scrlist.obs)
367  ListFindString                                     isrt.obl(scrlist.obs)
368  ListGetFirstItem                                   isrt.obl(scrlist.obs)
369  ListGetFirstString                                 isrt.obl(scrlist.obs)
370  ListGetNextItem                                    isrt.obl(scrlist.obs)
371  ListGetNextString                                  isrt.obl(scrlist.obs)
372  ListGetType                                        isrt.obl(scrlist.obs)
373  ListReadFromFile                                   isrt.obl(scrlist.obs)
374  ListSetIndex                                       isrt.obl(scrlist.obs)
375  ListValid                                          isrt.obl(scrlist.obs)
376  ListValidType                                      isrt.obl(scrlist.obs)
377  LoadStringFromStringTable                          isrt.obl(Str.obs)
378  LogReadCustomString                                isrt.obl(Misc.obs)
379  LogReadCustomVariant                               isrt.obl(Misc.obs)
380  LogWriteCustomString                               isrt.obl(Misc.obs)
381  LogWriteCustomVariant                              isrt.obl(Misc.obs)
382  LongPathToQuote                                    isrt.obl(Str.obs)
383  LongPathToShortPath                                isrt.obl(Str.obs)
384  MAKELONG                                           isrt.obl(Misc.obs)
385  MIFCreateMIFFile                                   isrt.obl(MIF.obs)
386  MIFDeleteMIFFile                                   isrt.obl(MIF.obs)
387  MIFInitialize                                      isrt.obl(MIF.obs)
388  MIFSetInformation                                  isrt.obl(MIF.obs)
389  MIFUnInitialize                                    isrt.obl(MIF.obs)
390  MIFWasSetInformationCalled                         isrt.obl(MIF.obs)
391  MIOShutdown                                        isrt.obl(MIO.obs)
392  MIOStartup                                         isrt.obl(MIO.obs)
393  MaintenanceStart                                   isrt.obl(Registry.obs)
394  MediaGetData                                       isrt.obl(Feature.obs)
395  MediaGetDataEx                                     isrt.obl(Feature.obs)
396  MessageBeep                                        isrt.obl(Misc.obs)
397  MessageBox                                         isrt.obl(MsgBox.obs)
398  MessageBoxEx                                       isrt.obl(MsgBox.obs)
399  OnAbort                                            ifx.obl(EventsSetup.obs)
400  OnAppSearch                                        ifx.obl(EventsSetup.obs)
401  OnBegin                                            ifx.obl(EventsSetup.obs)
402  OnCCPSearch                                        ifx.obl(EventsSetup.obs)
403  OnCanceling                                        Setup.obs
404  OnCheckMediaPassword                               ifx.obl(EventsSetup.obs)
405  OnComponentError                                   ifx.obl(EventsSetup.obs)
406  OnCustomizeUninstInfo                              ifx.obl(EventsSetup.obs)
407  OnEnd                                              ifx.obl(EventsSetup.obs)
408  OnFileError                                        ifx.obl(EventsSetup.obs)
409  OnFileLocked                                       ifx.obl(EventsSetup.obs)
410  OnFileReadOnly                                     ifx.obl(EventsSetup.obs)
411  OnFilterComponents                                 ifx.obl(EventsSetup.obs)
412  OnFirstUIAfter                                     Setup.obs
413  OnFirstUIBefore                                    Setup.obs
414  OnHelp                                             ifx.obl(EventsSetup.obs)
415  OnIISCheckRequirements                             ifx.obl(EventsPriv.obs)
416  OnIISComponentInstalled                            ifx.obl(EventsPriv.obs)
417  OnIISInitialize                                    ifx.obl(EventsPriv.obs)
418  OnIISUninitialize                                  ifx.obl(EventsPriv.obs)
419  OnIISVRootUninstalling                             ifx.obl(EventsPriv.obs)
420  OnInstallDRMService                                isrt.obl(Activation.obs)
421  OnInstalledFile                                    ifx.obl(EventsSetup.obs)
422  OnInstalledFontFile                                ifx.obl(EventsSetup.obs)
423  OnInstallingFile                                   ifx.obl(EventsSetup.obs)
424  OnInternetError                                    ifx.obl(EventsSetup.obs)
425  OnMD5Error                                         ifx.obl(EventsSetup.obs)
426  OnMaintUIAfter                                     ifx.obl(EventsSetup.obs)
427  OnMaintUIBefore                                    ifx.obl(EventsSetup.obs)
428  OnMoveData                                         ifx.obl(EventsSetup.obs)
429  OnMoved                                            ifx.obl(EventsSetup.obs)
430  OnMoving                                           ifx.obl(EventsSetup.obs)
431  OnNetApiCreateUserAccount                          ifx.obl(EventsSetup.obs)
432  OnNetApiCreateUserAccountInternal                  isrt.obl(NetApiRT.obs)
433  OnNextDisk                                         ifx.obl(EventsSetup.obs)
434  OnRebooted                                         ifx.obl(EventsSetup.obs)
435  OnRemovingSharedFile                               ifx.obl(EventsSetup.obs)
436  OnSQLBatchScripts                                  ifx.obl(EventsPriv.obs)
437  OnSQLComponentInstalled                            ifx.obl(EventsPriv.obs)
438  OnSQLComponentUninstalled                          ifx.obl(EventsPriv.obs)
439  OnSQLServerInitialize                              ifx.obl(EventsPriv.obs)
440  OnSQLServerInitializeMaint                         ifx.obl(EventsPriv.obs)
441  OnSelfRegistrationError                            ifx.obl(EventsSetup.obs)
442  OnSetTARGETDIR                                     ifx.obl(EventsSetup.obs)
443  OnSetUpdateMode                                    ifx.obl(EventsSetup.obs)
444  OnShowUI                                           ifx.obl(EventsSetup.obs)
445  OnUnInstallDRMService                              isrt.obl(Activation.obs)
446  OnUnhandledException                               ifx.obl(EventsPriv.obs)
447  OnUninstall                                        ifx.obl(EventsSetup.obs)
448  OnUninstalledFile                                  ifx.obl(EventsSetup.obs)
449  OnUninstallingFile                                 ifx.obl(EventsSetup.obs)
450  OnUninstallingFontFile                             ifx.obl(EventsSetup.obs)
451  OnUpdateUIAfter                                    ifx.obl(EventsSetup.obs)
452  OnUpdateUIBefore                                   ifx.obl(EventsSetup.obs)
453  OnXMLComponentInstalled                            ifx.obl(EventsPriv.obs)
454  OnXMLComponentUninstalling                         ifx.obl(EventsPriv.obs)
455  OnXMLInitialize                                    ifx.obl(EventsPriv.obs)
456  OnXMLUninitialize                                  ifx.obl(EventsPriv.obs)
457  OpenFileMode                                       isrt.obl(Files.obs)
458  PCRestoreInit                                      isrt.obl(PCRestore.obs)
459  PCRestoreOnAbort                                   isrt.obl(PCRestore.obs)
460  PCRestoreOnBegin                                   isrt.obl(PCRestore.obs)
461  PCRestoreOnExit                                    isrt.obl(PCRestore.obs)
462  ParsePath                                          isrt.obl(Str.obs)
463  Postprogram                                        ifx.obl(EventsSetupPriv.obs)
464  Preprogram                                         ifx.obl(EventsSetupPriv.obs)
465  PrintFile                                          isrt.obl(Files.obs)
466  ProgDefGroupType                                   isrt.obl(Shell.obs)
467  ProgGetGroupType                                   isrt.obl(Shell.obs)
468  PthFixPath                                         isrt.obl(Pth.obs)
469  PthIsAbsPath                                       isrt.obl(Pth.obs)
470  ReadProperties                                     ifx.obl(PersistPropertyBag.obs)
471  Rebooted                                           isrt.obl(Driver.obs)
472  RegDBDeleteValue                                   isrt.obl(Registry.obs)
473  RegDBGetItem                                       isrt.obl(Registry.obs)
474  RegDBGetKeyValueEx                                 isrt.obl(Registry.obs)
475  RegDBKeyExist                                      isrt.obl(Registry.obs)
476  RegDBQueryValue                                    isrt.obl(Registry.obs)
477  RegDBSetDefaultRoot                                isrt.obl(SysVars.obs)
478  RegDBSetItem                                       isrt.obl(Registry.obs)
479  RegDBSetKeyValueEx                                 isrt.obl(Registry.obs)
480  RegDBSetValue                                      isrt.obl(Registry.obs)
481  RegDBSetVersion                                    isrt.obl(Registry.obs)
482  RegisterFontResource                               isrt.obl(Misc.obs)
483  ReleaseDialog                                      isrt.obl(CustomDialog.obs)
484  SdCloseDlg                                         isrt.obl(SDINT.obs)
485  SdComponentDlgCheckSpace                           isrt.obl(SDINT.obs)
486  SdDlgToTop                                         isrt.obl(SDINT.obs)
487  SdDoStdButton                                      isrt.obl(SDINT.obs)
488  SdEnablement                                       isrt.obl(SDINT.obs)
489  SdError                                            isrt.obl(SDINT.obs)
490  SdExceptionsInit                                   isrt.obl(SdExceptions.obs)
491  SdFeatureTree                                      isrt.obl(SdComponentTreeDlg.obs)
492  SdFinish                                           isrt.obl(SdFinishDlg.obs)
493  SdFinishReboot                                     isrt.obl(SdFinishRebootDlg.obs)
494  SdGeneralInit                                      isrt.obl(SDINT.obs)
495  SdInit                                             isrt.obl(SDINT.obs)
496  SdIsStdButton                                      isrt.obl(SDINT.obs)
497  SdLicense2Rtf                                      isrt.obl(SdLicense2Dlg.obs)
498  SdLoadString                                       isrt.obl(SDINT.obs)
499  SdMakeName                                         isrt.obl(SDINT.obs)
500  SdPlugInProductName                                isrt.obl(SDINT.obs)
501  SdSetDlgTitle                                      isrt.obl(SDINT.obs)
502  SdSetStatic                                        isrt.obl(SDINT.obs)
503  SdShowDlgEdit2                                     isrt.obl(SdShowDlgEdit2Dlg.obs)
504  SdShowMsg                                          isrt.obl(SDSMSG.obs)
505  SdStartCopy2                                       isrt.obl(SdStartCopy2Dlg.obs)
506  SdSubstituteProductInfo                            isrt.obl(SDINT.obs)
507  SdUnInit                                           isrt.obl(SDINT.obs)
508  SdWelcome                                          isrt.obl(SdWelcomeDlg.obs)
509  SdWelcomeMaint                                     isrt.obl(SdWelcomeMaintDlg.obs)
510  SelectDir                                          isrt.obl(SelectDir.obs)
511  SelectDirNoLog                                     isrt.obl(SelectDir.obs)
512  SendMessage                                        isrt.obl(Misc.obs)
513  ServiceInitParams                                  isrt.obl(Service.obs)
514  SetCmdLine                                         isrt.obl(SysVars.obs)
515  SetDialogTitle                                     isrt.obl(Dialogs.obs)
516  SetDisplayEffect                                   isrt.obl(ui.obs)
517  SetExtendedErrInfo                                 isrt.obl(IsUtil.obs)
518  SetFolderDesktop                                   isrt.obl(SysVars.obs)
519  SetFolderPrograms                                  isrt.obl(SysVars.obs)
520  SetFolderStartMenu                                 isrt.obl(SysVars.obs)
521  SetFolderStartup                                   isrt.obl(SysVars.obs)
522  SetStatus                                          ifx.obl(EventsSetupPriv.obs)
523  SetStatusEx                                        ifx.obl(EventsSetupPriv.obs)
524  SetStatusWindow                                    isrt.obl(ui.obs)
525  SetTitle                                           isrt.obl(ui.obs)
526  SetupTraceWrite                                    isrt.obl(Misc.obs)
527  ShowObjWizardPages                                 isrt.obl(Objects.obs)
528  ShowWizardPages                                    isrt.obl(Driver.obs)
529  SilentCreateFile                                   isrt.obl(Silent.obs)
530  SilentDoGeneralInfo                                isrt.obl(Silent.obs)
531  SilentFailed                                       isrt.obl(Silent.obs)
532  SilentFinish                                       isrt.obl(Silent.obs)
533  SilentInit                                         isrt.obl(Silent.obs)
534  SilentLogWriteData                                 isrt.obl(Silent.obs)
535  SilentReadData                                     isrt.obl(Silent.obs)
536  SilentSetInfo                                      isrt.obl(Silent.obs)
537  SilentSetMode                                      isrt.obl(Silent.obs)
538  SilentWriteData                                    isrt.obl(Silent.obs)
539  Sprintf                                            isrt.obl(Str.obs)
540  SprintfBox                                         isrt.obl(MsgBox.obs)
541  StatusUpdate                                       isrt.obl(ui.obs)
542  StrAddLastSlash                                    isrt.obl(Str.obs)
543  StrFindEx                                          isrt.obl(Str.obs)
544  StrGetTokens                                       isrt.obl(Str.obs)
545  StrLength                                          isrt.obl(Str.obs)
546  StrRemoveLastSlash                                 isrt.obl(Str.obs)
547  StrRemoveSpaces                                    isrt.obl(Str.obs)
548  StrReplace                                         isrt.obl(Str.obs)
549  StrToNumHex                                        isrt.obl(Str.obs)
550  StrToUpper                                         isrt.obl(Str.obs)
551  SysVarsInit                                        isrt.obl(SysVars.obs)
552  SysVarsTrace                                       isrt.obl(SysVars.obs)
553  SysVarsUnInit                                      isrt.obl(SysVars.obs)
554  System                                             isrt.obl(Misc.obs)
555  TextSubGetValue                                    isrt.obl(TextSub.obs)
556  TextSubParseTextSub                                isrt.obl(TextSub.obs)
557  TextSubSetValue                                    isrt.obl(TextSub.obs)
558  TreeViewCreate                                     isrt.obl(CmptView.obs)
559  USER.EnableWindow                                  Setup.obs
560  USER.GetClassName                                  Setup.obs
561  USER.GetDC                                         Setup.obs
562  USER.GetDlgItem                                    Setup.obs
563  USER.GetFocus                                      Setup.obs
564  USER.GetWindowLong                                 Setup.obs
565  USER.IsIconic                                      Setup.obs
566  USER.IsWindow                                      Setup.obs
567  USER.IsWindowVisible                               Setup.obs
568  USER.PostMessage                                   Setup.obs
569  USER.ReleaseDC                                     Setup.obs
570  USER.SendMessageA                                  Setup.obs
571  USER.SetFocus                                      Setup.obs
572  USER.SetForegroundWindow                           Setup.obs
573  USER.SetWindowPos                                  Setup.obs
574  USER.SetWindowText                                 Setup.obs
575  USER.ShowWindow                                    Setup.obs
576  USER32.CharUpperBuffA                              Setup.obs
577  USER32.DispatchMessage                             Setup.obs
578  USER32.GetSystemMetrics                            Setup.obs
579  USER32.GetWindowText                               Setup.obs
580  USER32.GetWindowTextLength                         Setup.obs
581  USER32.MessageBoxA                                 Setup.obs
582  USER32.PeekMessageA                                Setup.obs
583  USER32.SendMessageA                                Setup.obs
584  USER32.SetWindowLong                               Setup.obs
585  USER32.SetWindowRgn                                Setup.obs
586  USER32.TranslateMessage                            Setup.obs
587  UpdateServiceInit                                  isrt.obl(ISUpdateService.obs)
588  UpdateServiceRegisterAfterReboot                   isrt.obl(ISUpdateService.obs)
589  UpdateServiceRegisterProductEx                     isrt.obl(ISUpdateService.obs)
590  VarInit                                            isrt.obl(SysVars.obs)
591  VarRestore                                         isrt.obl(SysVars.obs)
592  VarSave                                            isrt.obl(SysVars.obs)
593  VerProductCompareVersions                          isrt.obl(version.obs)
594  VerProductGetInstalledVersion                      isrt.obl(version.obs)
595  VerProductIsVersionSupported                       isrt.obl(version.obs)
596  VerProductNumToStr                                 isrt.obl(version.obs)
597  VerProductStrToNum                                 isrt.obl(version.obs)
598  VerProductVerFromVerParts                          isrt.obl(version.obs)
599  VerProductVerPartsFromVer                          isrt.obl(version.obs)
600  WaitOnDialog                                       isrt.obl(CustomDialog.obs)
601  WizardDirection                                    ifx.obl(EventsSetupPriv.obs)
602  WriteLine                                          isrt.obl(Files.obs)
603  WriteProfInt                                       isrt.obl(Profile.obs)
604  WriteProfString                                    isrt.obl(Profile.obs)
605  WriteProperties                                    ifx.obl(PersistPropertyBag.obs)
606  __ISRTDoExit                                       isrt.obl(Misc.obs)
607  __ISRTInit                                         isrt.obl(ISRTInit.obs)
608  __ISRTRestoreMainLog                               isrt.obl(ISRTInit.obs)
609  __ISRTRestoreMainLogEx                             isrt.obl(ISRTInit.obs)
610  __ISRTSetComponentLog                              isrt.obl(ISRTInit.obs)
611  __ISRTUnInit                                       isrt.obl(ISRTInit.obs)
612  __LoadIScriptString                                isrt.obl(LoadStr.obs)
613  program                                            ifx.obl(EventsSetupPriv.obs)
614  sfc.SRSetRestorePoint                              Setup.obs


***** External Variables *****
1    ADDREMOVE                                          isrt.obl(DebugSymbols.obs)
2    ADDREMOVE_COMBINEDBUTTON                           Setup.obs
3    ADDREMOVE_HIDECHANGEOPTION                         Setup.obs
4    ADDREMOVE_HIDEREMOVEOPTION                         Setup.obs
5    ADDREMOVE_HIDEREPAIROPTION                         Setup.obs
6    ADDREMOVE_STRING_REMOVEONLY                        Setup.obs
7    ADDREMOVE_SYSTEMCOMPONENT                          Setup.obs
8    ADMINUSER                                          Setup.obs
9    ALLUSERS                                           Setup.obs
10   BATCH_INSTALL                                      Setup.obs
11   CMDLINE                                            isrt.obl(DebugSymbols.obs)
12   COMMONFILES                                        isrt.obl(DebugSymbols.obs)
13   DISABLE_ALLUSERBTN                                 Setup.obs
14   DISABLE_PERUSERBTN                                 Setup.obs
15   DISK1TARGET                                        Setup.obs
16   ENABLED_ISERVICES                                  isrt.obl(DebugSymbols.obs)
17   ENGINECOMMONDIR                                    isrt.obl(DebugSymbols.obs)
18   ENGINEDIR                                          isrt.obl(DebugSymbols.obs)
19   ERRORFILENAME                                      Setup.obs
20   Err                                                Setup.obs
21   FILETIME                                           Setup.obs
22   FIND_DATA                                          Setup.obs
23   FOLDER_APPDATA                                     isrt.obl(DebugSymbols.obs)
24   FOLDER_COMMON_APPDATA                              isrt.obl(DebugSymbols.obs)
25   FOLDER_DESKTOP                                     isrt.obl(DebugSymbols.obs)
26   FOLDER_FONTS                                       isrt.obl(DebugSymbols.obs)
27   FOLDER_LOCAL_APPDATA                               isrt.obl(DebugSymbols.obs)
28   FOLDER_PERSONAL                                    isrt.obl(DebugSymbols.obs)
29   FOLDER_PROGRAMS                                    isrt.obl(DebugSymbols.obs)
30   FOLDER_STARTMENU                                   isrt.obl(DebugSymbols.obs)
31   FOLDER_STARTUP                                     isrt.obl(DebugSymbols.obs)
32   FOLDER_TEMP                                        isrt.obl(DebugSymbols.obs)
33   FileRegistrar                                      Setup.obs
34   HKEYCURRENTROOTKEY                                 Setup.obs
35   IFX_COMPANY_NAME                                   Setup.obs
36   IFX_DISK1INSTALLED                                 Setup.obs
37   IFX_INITIALIZED                                    Setup.obs
38   IFX_INSTALLED_DISPLAY_VERSION                      Setup.obs
39   IFX_INSTALLED_VERSION                              Setup.obs
40   IFX_KEYPATH_PRODUCT_INFO                           Setup.obs
41   IFX_MULTI_INSTANCE_SUFFIX                          Setup.obs
42   IFX_PRODUCT_COMMENTS                               Setup.obs
43   IFX_PRODUCT_DISPLAY_NAME                           Setup.obs
44   IFX_PRODUCT_DISPLAY_VERSION                        Setup.obs
45   IFX_PRODUCT_ICON                                   Setup.obs
46   IFX_PRODUCT_KEY                                    Setup.obs
47   IFX_PRODUCT_NAME                                   Setup.obs
48   IFX_PRODUCT_README                                 Setup.obs
49   IFX_PRODUCT_REGISTEREDCOMPANY                      Setup.obs
50   IFX_PRODUCT_REGISTEREDOWNER                        Setup.obs
51   IFX_PRODUCT_REGISTEREDSERIALNUM                    Setup.obs
52   IFX_PRODUCT_SUPPORT_CONTACT                        Setup.obs
53   IFX_PRODUCT_SUPPORT_PHONE                          Setup.obs
54   IFX_PRODUCT_SUPPORT_URL                            Setup.obs
55   IFX_PRODUCT_UPDATE_URL                             Setup.obs
56   IFX_PRODUCT_URL                                    Setup.obs
57   IFX_PRODUCT_VERSION                                Setup.obs
58   IFX_SETUP_TITLE                                    Setup.obs
59   IFX_SUPPORTED_VERSIONS                             Setup.obs
60   IISROOTFOLDER                                      isrt.obl(DebugSymbols.obs)
61   INSTALLSCRIPTMSI                                   isrt.obl(DebugSymbols.obs)
62   INSTANCE_GUID                                      isrt.obl(DebugSymbols.obs)
63   ISRES                                              isrt.obl(DebugSymbols.obs)
64   ISUSER                                             isrt.obl(DebugSymbols.obs)
65   ISUTIL_FUNCTION_ACTUAL_ERROR                       Setup.obs
66   ISUTIL_LINE_NUMBER                                 Setup.obs
67   ISUTIL_SCRIPT_FILE                                 Setup.obs
68   ISVERSION                                          isrt.obl(DebugSymbols.obs)
69   InetSRCDIR                                         Setup.obs
70   LAAW_PARAMETERS                                    Setup.obs
71   LAAW_STARTUPINFO                                   Setup.obs
72   LAST_RESULT                                        Setup.obs
73   LogDB                                              Setup.obs
74   MAINTENANCE                                        isrt.obl(DebugSymbols.obs)
75   MAINT_OPTION                                       isrt.obl(DebugSymbols.obs)
76   MEDIA                                              Setup.obs
77   MEDIA_INFO                                         isrt.obl(Feature.obs)
78   MODE                                               Setup.obs
79   MSG                                                Setup.obs
80   MULTI_INSTANCE_COUNT                               isrt.obl(DebugSymbols.obs)
81   MainWindow                                         Setup.obs
82   NOTHING                                            Setup.obs
83   OSINFO_PLATFORM_INFO                               Setup.obs
84   OSVERSIONINFO                                      Setup.obs
85   OSVERSIONINFOEX                                    Setup.obs
86   Objects                                            Setup.obs
87   PACKAGE_LOCATION                                   isrt.obl(DebugSymbols.obs)
88   POINT                                              Setup.obs
89   PRIVILEGED                                         Setup.obs
90   PRODUCT_GUID                                       isrt.obl(DebugSymbols.obs)
91   PROGRAMFILES                                       isrt.obl(DebugSymbols.obs)
92   RECT                                               Setup.obs
93   REMOVEALLMODE                                      isrt.obl(DebugSymbols.obs)
94   REMOVEONLY                                         isrt.obl(DebugSymbols.obs)
95   Reboot                                             Setup.obs
96   SELECTED_LANGUAGE                                  isrt.obl(DebugSymbols.obs)
97   SERVICE_IS_PARAMS                                  Setup.obs
98   SHELL_OBJECT_FOLDER                                Setup.obs
99   SHOW_PASSWORD_DIALOG                               isrt.obl(DebugSymbols.obs)
100  SRCDIR                                             Setup.obs
101  SRCDISK                                            isrt.obl(DebugSymbols.obs)
102  STARTUPINFO                                        Setup.obs
103  SUPPORTDIR                                         isrt.obl(DebugSymbols.obs)
104  SYSTEMTIME                                         Setup.obs
105  SetupInfo                                          Setup.obs
106  StatusDlg                                          Setup.obs
107  TARGETDIR                                          Setup.obs
108  TARGETDISK                                         isrt.obl(DebugSymbols.obs)
109  TextSub                                            Setup.obs
110  UNINST                                             Setup.obs
111  UNINSTALLKEY                                       Setup.obs
112  UNINSTALL_DISPLAYNAME                              Setup.obs
113  UNINSTALL_STRING                                   Setup.obs
114  UPDATEMODE                                         Setup.obs
115  WINDIR                                             isrt.obl(DebugSymbols.obs)
116  WINDISK                                            isrt.obl(DebugSymbols.obs)
117  WINSYSDIR                                          isrt.obl(DebugSymbols.obs)
118  WINSYSDISK                                         isrt.obl(DebugSymbols.obs)
119  _FONTFILEINFO                                      Setup.obs
120  _INT64                                             Setup.obs
121  _LAAW_PARAMETERS                                   Setup.obs
122  _RESTOREINFO_                                      Setup.obs
123  _RESTOREPTINFO                                     Setup.obs
124  _SERVICE_IS_PARAMS                                 Setup.obs
125  _SMGRSTATUS                                        Setup.obs
126  _SMGSTATUS_                                        Setup.obs
127  _WIN9X                                             Setup.obs
128  _WINNT                                             Setup.obs
129  __SYSTEMINFORMATION                                Setup.obs
130  __hContext                                         isrt.obl(Activation.obs)
131  __objGlobalTextSub                                 Setup.obs
132  __szGUID                                           isrt.obl(ISRTInit.obs)
133  bBackButton                                        Setup.obs
134  bCancelButton                                      Setup.obs
135  bEnterDiskBeep                                     isrt.obl(AskDestPathDlg.obs)
136  bFinishButton                                      Setup.obs
137  bIFXLFNoToAll                                      Setup.obs
138  bIFXLFOnRebootToAll                                Setup.obs
139  bIFXLFYesToAll                                     Setup.obs
140  bIFXMD5IgnoreToAll                                 Setup.obs
141  bIFXRONoToAll                                      Setup.obs
142  bIFXROYesToAll                                     Setup.obs
143  bIFXSFNoToAll                                      Setup.obs
144  bIFXSFYesToAll                                     Setup.obs
145  bIfxPCHInitialized                                 Setup.obs
146  bIfxPCHOn                                          Setup.obs
147  bInstall16                                         Setup.obs
148  bNextButton                                        Setup.obs
149  bSdInit                                            Setup.obs
150  bViewCmptKunits                                    Setup.obs
151  bViewCmptUseDecimal                                Setup.obs
152  g_bSuppressMissingStringWarning                    isrt.obl(Enable.obs)
153  nIfxPCHType                                        Setup.obs
154  szAppKey                                           Setup.obs
155  szSdProduct                                        Setup.obs
156  szSdStr_NotEnoughSpace                             Setup.obs
