***** External Functions *****
1    AdminAskPath                                       iswi.obl(AdminAskPath.obs)
2    AllFeaturesDeselected                              iswi.obl(CompHelperFuncs.obs)
3    CHECK_RETURN                                       iswi.obl(ErrHandler.obs)
4    CloseFile                                          isrt.obl(Files.obs)
5    CmdGetHwndDlg                                      isrt.obl(CustomDlg.obs)
6    ComponentErrorInfo                                 iswi.obl(ComponentConv.obs)
7    ComponentFilterLanguage                            iswi.obl(ComponentConv.obs)
8    ComponentFilterOS                                  iswi.obl(ComponentConv.obs)
9    ComponentGetTotalCost                              isrt.obl(component.obs)
10   ComponentIsItemSelected                            iswi.obl(ComponentConv.obs)
11   ComponentListItems                                 iswi.obl(ComponentConv.obs)
12   ComponentRemoveAll                                 iswi.obl(ComponentConv.obs)
13   ComponentSaveTarget                                isrt.obl(component.obs)
14   ComponentSelectItem                                iswi.obl(ComponentConv.obs)
15   ComponentTransferData                              iswi.obl(ComponentConv.obs)
16   ComponentTreeInit                                  isrt.obl(Dialogs.obs)
17   CreateDir                                          isrt.obl(Files.obs)
18   CreateFile                                         isrt.obl(Files.obs)
19   CreateInstallationInfo                             iswi.obl(RegistryConv.obs)
20   CreateObject                                       isrt.obl(Misc.obs)
21   CtrlGetState                                       isrt.obl(CustomDlg.obs)
22   CtrlGetText                                        isrt.obl(CustomDlg.obs)
23   CtrlSelectText                                     isrt.obl(CustomDlg.obs)
24   CtrlSetList                                        isrt.obl(CustomDlg.obs)
25   CtrlSetState                                       isrt.obl(CustomDlg.obs)
26   CtrlSetText                                        isrt.obl(CustomDlg.obs)
27   DefineDialog                                       isrt.obl(CustomDlg.obs)
28   DeleteFile                                         isrt.obl(Files.obs)
29   DialogSetDefaultFont                               isrt.obl(Dialogs.obs)
30   DialogSetFont                                      isrt.obl(Dialogs.obs)
31   DialogSetInfo                                      isrt.obl(Dialogs.obs)
32   Disable                                            isrt.obl(Enable.obs)
33   DllSizeOf                                          isrt.obl(Str.obs)
34   Do                                                 isrt.obl(Misc.obs)
35   Enable                                             isrt.obl(Enable.obs)
36   EndDialog                                          isrt.obl(CustomDlg.obs)
37   ExistsDir                                          isrt.obl(Files.obs)
38   EzDefineDialog                                     isrt.obl(CustomDlg.obs)
39   FeaturesInstalled                                  iswi.obl(FileTransferFuncsConv.obs)
40   FeaturesInstalling                                 iswi.obl(FileTransferFuncsConv.obs)
41   FindFile                                           isrt.obl(Files.obs)
42   FindWindow                                         isrt.obl(Misc.obs)
43   FormatMessage                                      isrt.obl(Misc.obs)
44   GDI32.CreateRectRgn                                iswi.obl(AdminAskPath.obs)
45   GDI32.GetDeviceCaps                                iswi.obl(AdminAskPath.obs)
46   GeneratedMSIScript                                 iswi.obl(FileTransferFuncsConv.obs)
47   GeneratingMSIScript                                iswi.obl(FileTransferFuncsConv.obs)
48   GetBillboard                                       isrt.obl(SysVars.obs)
49   GetComponentsFeatures                              iswi.obl(CompHelperFuncs.obs)
50   GetDialogTitle                                     isrt.obl(Dialogs.obs)
51   GetDir                                             isrt.obl(Str.obs)
52   GetDisk                                            isrt.obl(Str.obs)
53   GetDiskSpace                                       isrt.obl(GSI.obs)
54   GetDiskSpaceEx                                     isrt.obl(GSI.obs)
55   GetExtents                                         isrt.obl(GSI.obs)
56   GetISRes                                           isrt.obl(SysVars.obs)
57   GetMSIFeatureName                                  iswi.obl(CompHelperFuncs.obs)
58   GetMaintenance                                     iswi.obl(ISWiInit.obs)
59   GetMsiFeaturePath                                  iswi.obl(CompHelperFuncs.obs)
60   GetMsiHandle                                       iswi.obl(SysVarsConv.obs)
61   GetMsiNameFromAliasTable                           iswi.obl(CompHelperFuncs.obs)
62   GetOpenFileMode                                    isrt.obl(Files.obs)
63   GetProductGUID                                     iswi.obl(ISWiInit.obs)
64   GetProfString                                      isrt.obl(Profile.obs)
65   GetSelectedLanguage                                isrt.obl(SysVars.obs)
66   GetSourceDir                                       iswi.obl(SysVarsConv.obs)
67   GetSupportDir                                      isrt.obl(SysVars.obs)
68   GetSystemInfo                                      isrt.obl(GSI.obs)
69   GetValidDrivesList                                 isrt.obl(GSI.obs)
70   GetWinDir                                          isrt.obl(SysVars.obs)
71   GetWinSysDir                                       isrt.obl(SysVars.obs)
72   GetWindowHandle                                    iswi.obl(MiscConv.obs)
73   HIWORD                                             isrt.obl(Misc.obs)
74   HexStrToNum                                        isrt.obl(Str.obs)
75   ISDeterminePlatform                                isrt.obl(OsInfo.obs)
76   ISMIF32.InstallStatusMIF                           isrt.obl(MIF.obs)
77   ISRT.ComponentViewSetInfoEx                        isrt.obl(Dialogs.obs)
78   ISRT.EnableHourGlass                               isrt.obl(Enable.obs)
79   ISRT.GetCPUType                                    isrt.obl(GSI.obs)
80   ISRT.GetFontSub                                    isrt.obl(Dialogs.obs)
81   ISRT.GetHandle                                     Setup.obs
82   ISRT.GetPorts                                      isrt.obl(GSI.obs)
83   ISRT.IsEmpty                                       Setup.obs
84   ISRT.IsNTAdmin                                     isrt.obl(Is.obs)
85   ISRT.IsObject                                      Setup.obs
86   ISRT.LangLoadString                                isrt.obl(SDINT.obs)
87   ISRT.MessageBeepP                                  Setup.obs
88   ISRT.PathCompactPathPixel                          isrt.obl(CustomDlg.obs)
89   ISRT.PathGetDir                                    isrt.obl(Str.obs)
90   ISRT.PathGetDrive                                  isrt.obl(Str.obs)
91   ISRT.PathGetFile                                   isrt.obl(Str.obs)
92   ISRT.PathGetFileExt                                isrt.obl(Str.obs)
93   ISRT.PathGetFileName                               isrt.obl(Str.obs)
94   ISRT.PathGetPath                                   isrt.obl(Str.obs)
95   ISRT.PathGetSpecialFolder                          isrt.obl(SysVars.obs)
96   ISRT.PathIsValidSyntax                             isrt.obl(Is.obs)
97   ISRT._BrowseForFolder                              isrt.obl(SelectDir.obs)
98   ISRT._CloseFile                                    isrt.obl(Files.obs)
99   ISRT._CmdGetHwndDlg                                isrt.obl(CustomDlg.obs)
100  ISRT._ComponentGetTotalCost                        isrt.obl(component.obs)
101  ISRT._ComponentSaveTarget                          isrt.obl(component.obs)
102  ISRT._CreateDir                                    isrt.obl(Files.obs)
103  ISRT._CreateObject                                 isrt.obl(Misc.obs)
104  ISRT._DefineDialog                                 isrt.obl(CustomDlg.obs)
105  ISRT._DialogSetFont                                isrt.obl(Dialogs.obs)
106  ISRT._DisableStatus                                isrt.obl(Enable.obs)
107  ISRT._DoSprintf                                    isrt.obl(MsgBox.obs)
108  ISRT._EnableDialogCache                            isrt.obl(Enable.obs)
109  ISRT._EnablePrevDialog                             iswi.obl(AdminAskPath.obs)
110  ISRT._EnableStatus                                 isrt.obl(Enable.obs)
111  ISRT._EndDialog                                    isrt.obl(CustomDlg.obs)
112  ISRT._ExistsDir                                    isrt.obl(Files.obs)
113  ISRT._ExistsFile                                   isrt.obl(Files.obs)
114  ISRT._GetDiskSpaceEx                               isrt.obl(GSI.obs)
115  ISRT._GetGlobalMemorySize                          isrt.obl(GSI.obs)
116  ISRT._GetSupportDir                                isrt.obl(SysVars.obs)
117  ISRT._ListAddItem                                  isrt.obl(scrlist.obs)
118  ISRT._ListAddString                                isrt.obl(scrlist.obs)
119  ISRT._ListCount                                    isrt.obl(scrlist.obs)
120  ISRT._ListCreate                                   isrt.obl(scrlist.obs)
121  ISRT._ListCurrentString                            isrt.obl(scrlist.obs)
122  ISRT._ListDestroy                                  isrt.obl(scrlist.obs)
123  ISRT._ListFindString                               isrt.obl(scrlist.obs)
124  ISRT._ListGetFirstItem                             isrt.obl(scrlist.obs)
125  ISRT._ListGetFirstString                           isrt.obl(scrlist.obs)
126  ISRT._ListGetNextItem                              isrt.obl(scrlist.obs)
127  ISRT._ListGetNextString                            isrt.obl(scrlist.obs)
128  ISRT._ListGetType                                  isrt.obl(scrlist.obs)
129  ISRT._ListSetIndex                                 isrt.obl(scrlist.obs)
130  ISRT._OpenFile                                     isrt.obl(Files.obs)
131  ISRT._RegCreateKey                                 iswi.obl(RegistryConv.obs)
132  ISRT._RegQueryKeyBinaryValue                       iswi.obl(RegistryConv.obs)
133  ISRT._RegQueryKeyValue                             iswi.obl(RegistryConv.obs)
134  ISRT._ReleaseDialog                                isrt.obl(CustomDlg.obs)
135  ISRT._SetAltMainImage                              isrt.obl(Dialogs.obs)
136  ISRT._SetDisplayEffect                             isrt.obl(ui.obs)
137  ISRT._WaitOnDialog                                 isrt.obl(CustomDlg.obs)
138  ISRT._WriteLine                                    isrt.obl(Files.obs)
139  ISRT.__CreateObjectContext                         isrt.obl(ISRTInit.obs)
140  ISRT.__GetCmdLineOptions                           isrt.obl(ISRTInit.obs)
141  ISRT.__GetContextGUID                              isrt.obl(ISRTInit.obs)
142  ISRT.__GetFileRegistrar                            isrt.obl(ISRTInit.obs)
143  ISRT.__GetInfo                                     isrt.obl(ISRTInit.obs)
144  ISRT.__GetLogDB                                    isrt.obl(ISRTInit.obs)
145  ISRT.__GetMainWindow                               Setup.obs
146  ISRT.__GetMaintenanceMode                          isrt.obl(SysVars.obs)
147  ISRT.__GetObjects                                  isrt.obl(ISRTInit.obs)
148  ISRT.__GetProductGuid                              isrt.obl(SysVars.obs)
149  ISRT.__GetProgress                                 Setup.obs
150  ISRT.__GetReboot                                   isrt.obl(ISRTInit.obs)
151  ISRT.__GetTextSub                                  isrt.obl(ISRTInit.obs)
152  ISRT.__ReleaseObjectContext                        isrt.obl(ISRTInit.obs)
153  ISRT.__RestoreMainLog                              isrt.obl(ISRTInit.obs)
154  ISRT.__SetComponentLog                             isrt.obl(ISRTInit.obs)
155  ISWIOnAppSearch                                    iswi.obl(DriverConv.obs)
156  ISWIOnCCPSearch                                    iswi.obl(DriverConv.obs)
157  ISWIOnExitInstall                                  iswi.obl(DriverConv.obs)
158  ISWIOnFirstUIAfter                                 iswi.obl(DriverConv.obs)
159  ISWIOnFirstUIBefore                                iswi.obl(DriverConv.obs)
160  ISWIOnInitInstall                                  iswi.obl(DriverConv.obs)
161  ISWIOnMaintUIAfter                                 iswi.obl(DriverConv.obs)
162  ISWIOnMaintUIBefore                                iswi.obl(DriverConv.obs)
163  ISWIOnMoveData                                     iswi.obl(DriverConv.obs)
164  ISWIPCRestoreAfter                                 iswi.obl(DriverConv.obs)
165  ISWIPCRestoreBefore                                iswi.obl(DriverConv.obs)
166  InstallFilesActionAfter                            iswi.obl(FileTransferFuncsConv.obs)
167  InstallFilesActionBefore                           iswi.obl(FileTransferFuncsConv.obs)
168  Is                                                 isrt.obl(Is.obs)
169  IsOSWinXP                                          iswi.obl(HelperFuncs.obs)
170  KERNEL.GetModuleHandle                             Setup.obs
171  KERNEL32.CloseHandle                               iswi.obl(AdminAskPath.obs)
172  KERNEL32.CreateFileA                               iswi.obl(AdminAskPath.obs)
173  KERNEL32.DeleteFileA                               iswi.obl(AdminAskPath.obs)
174  KERNEL32.FindClose                                 iswi.obl(AdminAskPath.obs)
175  KERNEL32.FindFirstFileA                            iswi.obl(AdminAskPath.obs)
176  KERNEL32.FindNextFileA                             iswi.obl(AdminAskPath.obs)
177  KERNEL32.FormatMessageA                            iswi.obl(AdminAskPath.obs)
178  KERNEL32.GetDriveType                              iswi.obl(AdminAskPath.obs)
179  KERNEL32.GetFileAttributesA                        iswi.obl(AdminAskPath.obs)
180  KERNEL32.GetLocalTime                              iswi.obl(AdminAskPath.obs)
181  KERNEL32.GetLocaleInfo                             iswi.obl(AdminAskPath.obs)
182  KERNEL32.GetPrivateProfileString                   iswi.obl(AdminAskPath.obs)
183  KERNEL32.GetPrivateProfileStringA                  iswi.obl(AdminAskPath.obs)
184  KERNEL32.GetProfileStringA                         iswi.obl(AdminAskPath.obs)
185  KERNEL32.GetSystemDefaultLCID                      iswi.obl(AdminAskPath.obs)
186  KERNEL32.GetUserDefaultLangID                      iswi.obl(AdminAskPath.obs)
187  KERNEL32.GetVersion                                iswi.obl(AdminAskPath.obs)
188  KERNEL32.GetVersionEx                              iswi.obl(AdminAskPath.obs)
189  KERNEL32.GetVolumeInformation                      iswi.obl(AdminAskPath.obs)
190  KERNEL32.GetWindowsDirectory                       iswi.obl(AdminAskPath.obs)
191  KERNEL32.SetFileAttributesA                        iswi.obl(AdminAskPath.obs)
192  KERNEL32.WritePrivateProfileString                 iswi.obl(AdminAskPath.obs)
193  KERNEL32.lstrlen                                   iswi.obl(AdminAskPath.obs)
194  Kernel32.GetModuleHandleA                          iswi.obl(ComponentConv.obs)
195  LOWORD                                             isrt.obl(Misc.obs)
196  ListAddItem                                        isrt.obl(scrlist.obs)
197  ListAddString                                      isrt.obl(scrlist.obs)
198  ListCount                                          isrt.obl(scrlist.obs)
199  ListCreate                                         isrt.obl(scrlist.obs)
200  ListCurrentString                                  isrt.obl(scrlist.obs)
201  ListDestroy                                        isrt.obl(scrlist.obs)
202  ListFindString                                     isrt.obl(scrlist.obs)
203  ListGetFirstItem                                   isrt.obl(scrlist.obs)
204  ListGetFirstString                                 isrt.obl(scrlist.obs)
205  ListGetLastString                                  iswi.obl(CompHelperFuncs.obs)
206  ListGetNextItem                                    isrt.obl(scrlist.obs)
207  ListGetNextString                                  isrt.obl(scrlist.obs)
208  ListGetType                                        isrt.obl(scrlist.obs)
209  ListSetIndex                                       isrt.obl(scrlist.obs)
210  LongPathToQuote                                    isrt.obl(Str.obs)
211  MAKELONG                                           isrt.obl(Misc.obs)
212  MIFCreateMIFFile                                   isrt.obl(MIF.obs)
213  MIFDeleteMIFFile                                   isrt.obl(MIF.obs)
214  MIFInitialize                                      isrt.obl(MIF.obs)
215  MIFSetInformation                                  isrt.obl(MIF.obs)
216  MIFUnInitialize                                    isrt.obl(MIF.obs)
217  MIFWasSetInformationCalled                         isrt.obl(MIF.obs)
218  MessageBeep                                        isrt.obl(Misc.obs)
219  MessageBox                                         isrt.obl(MsgBox.obs)
220  Moved                                              iswi.obl(FileTransferFuncsConv.obs)
221  Moving                                             iswi.obl(FileTransferFuncsConv.obs)
222  MsiCloseHandle                                     iswi.obl(MsiFuncsConv.obs)
223  MsiDatabaseOpenView                                iswi.obl(MsiFuncsConv.obs)
224  MsiGetActiveDatabase                               iswi.obl(MsiFuncsConv.obs)
225  MsiGetFeatureState                                 iswi.obl(MsiFuncsConv.obs)
226  MsiGetProperty                                     iswi.obl(MsiFuncsConv.obs)
227  MsiGetPropertyIS                                   iswi.obl(MsiFuncsConv.obs)
228  MsiGetSourcePath                                   iswi.obl(MsiFuncsConv.obs)
229  MsiGetTargetPath                                   iswi.obl(MsiFuncsConv.obs)
230  MsiInstallProduct                                  iswi.obl(MsiFuncsConv.obs)
231  MsiRecordGetInteger                                iswi.obl(MsiFuncsConv.obs)
232  MsiRecordGetString                                 iswi.obl(MsiFuncsConv.obs)
233  MsiSetProperty                                     iswi.obl(MsiFuncsConv.obs)
234  MsiSetTargetPath                                   iswi.obl(MsiFuncsConv.obs)
235  MsiViewExecute                                     iswi.obl(MsiFuncsConv.obs)
236  MsiViewFetch                                       iswi.obl(MsiFuncsConv.obs)
237  OnAbort                                            iswi.obl(DriverConv.obs)
238  OnAction                                           iswi.obl(ISWiInit.obs)
239  OnAdminInstallUIAfter                              iswi.obl(DriverConv.obs)
240  OnAdminInstallUIBefore                             iswi.obl(DriverConv.obs)
241  OnAdminPatchUIAfter                                iswi.obl(DriverConv.obs)
242  OnAdminPatchUIBefore                               iswi.obl(DriverConv.obs)
243  OnAdvertisementAfter                               iswi.obl(DriverConv.obs)
244  OnAdvertisementBefore                              iswi.obl(DriverConv.obs)
245  OnAppSearch                                        iswi.obl(DriverConv.obs)
246  OnBegin                                            iswi.obl(DriverConv.obs)
247  OnCCPSearch                                        iswi.obl(DriverConv.obs)
248  OnCanceling                                        iswi.obl(DriverConv.obs)
249  OnComponentError                                   iswi.obl(Exceptions.obs)
250  OnEnd                                              iswi.obl(DriverConv.obs)
251  OnError                                            iswi.obl(DriverConv.obs)
252  OnException                                        iswi.obl(Exceptions.obs)
253  OnFeaturesInstalled                                iswi.obl(FileTransferFuncsConv.obs)
254  OnFeaturesInstalling                               iswi.obl(FileTransferFuncsConv.obs)
255  OnFilesInUse                                       iswi.obl(DriverConv.obs)
256  OnFirstUIAfter                                     Setup.obs
257  OnFirstUIBefore                                    Setup.obs
258  OnGeneratedMSIScript                               iswi.obl(FileTransferFuncsConv.obs)
259  OnGeneratingMSIScript                              iswi.obl(FileTransferFuncsConv.obs)
260  OnHelp                                             iswi.obl(DriverConv.obs)
261  OnInstallFilesActionAfter                          iswi.obl(FileTransferFuncsConv.obs)
262  OnInstallFilesActionBefore                         iswi.obl(FileTransferFuncsConv.obs)
263  OnMaintUIAfter                                     iswi.obl(DriverConv.obs)
264  OnMaintUIBefore                                    Setup.obs
265  OnMaintenance                                      iswi.obl(DriverConv.obs)
266  OnMoved                                            iswi.obl(FileTransferFuncsConv.obs)
267  OnMoving                                           iswi.obl(FileTransferFuncsConv.obs)
268  OnMsiSilentInstall                                 iswi.obl(DriverConv.obs)
269  OnOutOfDiskSpace                                   iswi.obl(DriverConv.obs)
270  OnPatchUIAfter                                     iswi.obl(DriverConv.obs)
271  OnPatchUIBefore                                    iswi.obl(DriverConv.obs)
272  OnRebooted                                         iswi.obl(DriverConv.obs)
273  OnSelfRegistrationError                            iswi.obl(Exceptions.obs)
274  OnUnhandledException                               iswi.obl(DriverConv.obs)
275  OnUninstall                                        iswi.obl(DriverConv.obs)
276  OnWarning                                          iswi.obl(DriverConv.obs)
277  OpenFile                                           isrt.obl(Files.obs)
278  OpenFileMode                                       isrt.obl(Files.obs)
279  ParsePath                                          isrt.obl(Str.obs)
280  ProgDefGroupType                                   isrt.obl(Shell.obs)
281  ProgGetGroupType                                   isrt.obl(Shell.obs)
282  PthFixPath                                         isrt.obl(Pth.obs)
283  PthIsAbsPath                                       isrt.obl(Pth.obs)
284  RebootNeeded                                       iswi.obl(FileTransferFuncsConv.obs)
285  RedirectMsiCloseHandle                             iswi.obl(RedirectedMsiFuncsConv.obs)
286  RedirectMsiGetActiveDatabase                       iswi.obl(RedirectedMsiFuncsConv.obs)
287  RedirectMsiRecordGetInteger                        iswi.obl(RedirectedMsiFuncsConv.obs)
288  RedirectMsiViewExecute                             iswi.obl(RedirectedMsiFuncsConv.obs)
289  RedirectMsiViewFetch                               iswi.obl(RedirectedMsiFuncsConv.obs)
290  RegDBInit                                          iswi.obl(RegistryConv.obs)
291  RegDBQueryValue                                    iswi.obl(RegistryConv.obs)
292  ReleaseDialog                                      isrt.obl(CustomDlg.obs)
293  RemoveSpaces                                       iswi.obl(HelperFuncs.obs)
294  ResolveShellObjectsFolder                          iswi.obl(CompHelperFuncs.obs)
295  SdAskDestPath                                      isrt.obl(SDADPATH.obs)
296  SdCloseDlg                                         isrt.obl(SDINT.obs)
297  SdDlgToTop                                         isrt.obl(SDINT.obs)
298  SdDoStdButton                                      isrt.obl(SDINT.obs)
299  SdEnablement                                       isrt.obl(SDINT.obs)
300  SdError                                            isrt.obl(SDINT.obs)
301  SdFilesInUse                                       iswi.obl(SdFilesInUse.obs)
302  SdFinish                                           isrt.obl(SDFINISH.obs)
303  SdFinishEx                                         isrt.obl(SdFinishEx.obs)
304  SdFinishReboot                                     isrt.obl(SDFINBOT.obs)
305  SdGeneralInit                                      isrt.obl(SDINT.obs)
306  SdInit                                             isrt.obl(SDINT.obs)
307  SdIsStdButton                                      isrt.obl(SDINT.obs)
308  SdLoadString                                       isrt.obl(SDINT.obs)
309  SdMakeName                                         isrt.obl(SDINT.obs)
310  SdOutOfDiskSpace                                   iswi.obl(SdDiskReqs.obs)
311  SdPatchWelcome                                     iswi.obl(SdPatchWel.obs)
312  SdPlugInProductName                                isrt.obl(SDINT.obs)
313  SdProductName                                      iswi.obl(SdprodctConv.obs)
314  SdSetDlgTitle                                      isrt.obl(SDINT.obs)
315  SdSetStatic                                        isrt.obl(SDINT.obs)
316  SdSetupCompleteError                               iswi.obl(SdSetupCompleteError.obs)
317  SdUnInit                                           isrt.obl(SDINT.obs)
318  SdWelcome                                          isrt.obl(SDWEL.obs)
319  SelectDir                                          isrt.obl(SelectDir.obs)
320  SelectDirNoLog                                     isrt.obl(SelectDir.obs)
321  SendMessage                                        isrt.obl(Misc.obs)
322  SetCmdLine                                         isrt.obl(SysVars.obs)
323  SetDisplayEffect                                   isrt.obl(ui.obs)
324  SetFolderDesktop                                   isrt.obl(SysVars.obs)
325  SetFolderPrograms                                  isrt.obl(SysVars.obs)
326  SetFolderStartMenu                                 isrt.obl(SysVars.obs)
327  SetFolderStartup                                   isrt.obl(SysVars.obs)
328  SetGlobalVars                                      iswi.obl(ISWiInit.obs)
329  SetInstallationInfo                                iswi.obl(RegistryConv.obs)
330  SetMsiHandle                                       iswi.obl(SysVarsConv.obs)
331  SetPatch                                           iswi.obl(SysVarsConv.obs)
332  SetSourceDir                                       iswi.obl(SysVarsConv.obs)
333  SilentDoGeneralInfo                                isrt.obl(Silent.obs)
334  SilentFailed                                       isrt.obl(Silent.obs)
335  SilentFinish                                       isrt.obl(Silent.obs)
336  SilentGetMode                                      isrt.obl(Silent.obs)
337  SilentInit                                         isrt.obl(Silent.obs)
338  SilentReadData                                     isrt.obl(Silent.obs)
339  SilentSetInfo                                      isrt.obl(Silent.obs)
340  SilentSetMode                                      isrt.obl(Silent.obs)
341  SilentWriteData                                    isrt.obl(Silent.obs)
342  Sprintf                                            isrt.obl(Str.obs)
343  SprintfBox                                         isrt.obl(MsgBox.obs)
344  StrDelete                                          iswi.obl(HelperFuncs.obs)
345  StrGetTokens                                       isrt.obl(Str.obs)
346  StrLength                                          isrt.obl(Str.obs)
347  StrRemoveLastSlash                                 isrt.obl(Str.obs)
348  StrRemoveSpaces                                    isrt.obl(Str.obs)
349  StrToUpper                                         isrt.obl(Str.obs)
350  SysVarsInit                                        isrt.obl(SysVars.obs)
351  SysVarsInitConv                                    iswi.obl(SysVarsConv.obs)
352  SysVarsUnInit                                      iswi.obl(SysVarsConv.obs)
353  System                                             isrt.obl(Misc.obs)
354  USER.EnableWindow                                  Setup.obs
355  USER.GetClassName                                  Setup.obs
356  USER.GetDC                                         Setup.obs
357  USER.GetDlgItem                                    Setup.obs
358  USER.GetFocus                                      Setup.obs
359  USER.GetWindowLong                                 Setup.obs
360  USER.IsIconic                                      Setup.obs
361  USER.IsWindow                                      Setup.obs
362  USER.IsWindowVisible                               iswi.obl(AdminAskPath.obs)
363  USER.ReleaseDC                                     Setup.obs
364  USER.SendMessageA                                  iswi.obl(AdminAskPath.obs)
365  USER.SetFocus                                      Setup.obs
366  USER.SetForegroundWindow                           iswi.obl(AdminAskPath.obs)
367  USER.SetWindowPos                                  Setup.obs
368  USER.SetWindowText                                 Setup.obs
369  USER.ShowWindow                                    Setup.obs
370  USER32.CharUpperBuffA                              iswi.obl(AdminAskPath.obs)
371  USER32.FindWindowA                                 iswi.obl(AdminAskPath.obs)
372  USER32.GetDlgItem                                  iswi.obl(SdDiskReqs.obs)
373  USER32.GetSystemMetrics                            iswi.obl(AdminAskPath.obs)
374  USER32.GetWindowRect                               iswi.obl(SdDiskReqs.obs)
375  USER32.GetWindowText                               iswi.obl(AdminAskPath.obs)
376  USER32.GetWindowTextLength                         iswi.obl(AdminAskPath.obs)
377  USER32.MessageBoxA                                 iswi.obl(AdminAskPath.obs)
378  USER32.SendMessageA                                iswi.obl(AdminAskPath.obs)
379  USER32.SetWindowLong                               iswi.obl(AdminAskPath.obs)
380  USER32.SetWindowRgn                                iswi.obl(AdminAskPath.obs)
381  User32.DestroyWindow                               iswi.obl(SdDiskReqs.obs)
382  User32.LoadStringA                                 iswi.obl(ComponentConv.obs)
383  WaitOnDialog                                       isrt.obl(CustomDlg.obs)
384  WriteLine                                          isrt.obl(Files.obs)
385  _HandleException                                   isrt.obl(exceptions.obs)
386  __AddIntegerToArray                                iswi.obl(HelperFuncs.obs)
387  __AddStringToArray                                 iswi.obl(HelperFuncs.obs)
388  __ComponentListItemsEx                             iswi.obl(CompHelperFuncs.obs)
389  __ComponentListItemsExInstall                      iswi.obl(CompHelperFuncs.obs)
390  __ComponentListItemsExUnInstall                    iswi.obl(CompHelperFuncs.obs)
391  __ComponentMoveXferData                            iswi.obl(CompHelperFuncs.obs)
392  __DefaultExitHandler                               isrt.obl(handlers.obs)
393  __GetFinishMode                                    iswi.obl(ISWiInit.obs)
394  __HandleError                                      iswi.obl(ErrHandler.obs)
395  __ISRTDoExit                                       isrt.obl(Misc.obs)
396  __ISRTInit                                         isrt.obl(ISRTInit.obs)
397  __ISRTRestoreMainLog                               isrt.obl(ISRTInit.obs)
398  __ISRTSetComponentLog                              isrt.obl(ISRTInit.obs)
399  __ISRTUnInit                                       isrt.obl(ISRTInit.obs)
400  __ISWIInit                                         iswi.obl(ISWiInit.obs)
401  __ISWIMsiHandle                                    iswi.obl(ISWiInit.obs)
402  __ISWIUnInit                                       iswi.obl(ISWiInit.obs)
403  __IsArrayEmpty                                     iswi.obl(HelperFuncs.obs)
404  __LoadIScriptString                                iswi.obl(ISWiInit.obs)
405  __MsiGetFeatureState                               iswi.obl(MsiWrappersConv.obs)
406  __MsiOpenView                                      iswi.obl(CompHelperFuncs.obs)
407  __MsiRecordGetString                               iswi.obl(MsiWrappersConv.obs)
408  __OnAbort                                          iswi.obl(DriverConv.obs)
409  __OnAdminPatch                                     iswi.obl(DriverConv.obs)
410  __OnAdministrativeInstall                          iswi.obl(DriverConv.obs)
411  __OnAdvertisement                                  iswi.obl(DriverConv.obs)
412  __OnBegin                                          iswi.obl(DriverConv.obs)
413  __OnCanceling                                      iswi.obl(DriverConv.obs)
414  __OnEnd                                            iswi.obl(DriverConv.obs)
415  __OnError                                          iswi.obl(DriverConv.obs)
416  __OnMsiMaintenance                                 iswi.obl(DriverConv.obs)
417  __OnMsiRebooted                                    iswi.obl(DriverConv.obs)
418  __OnMsiSilentInstall                               iswi.obl(DriverConv.obs)
419  __OnMsiUninstall                                   iswi.obl(DriverConv.obs)
420  __OnPatch                                          iswi.obl(DriverConv.obs)
421  __OnWarning                                        iswi.obl(DriverConv.obs)
422  __ResetMsiObject                                   iswi.obl(ISWiInit.obs)
423  __SetMaintenance                                   iswi.obl(ISWiInit.obs)
424  __SetMsiServer                                     iswi.obl(ISWiInit.obs)
425  isrt.IsEmpty                                       iswi.obl(HelperFuncs.obs)
426  isrt.IsObject                                      iswi.obl(MsiFuncsConv.obs)
427  isrt._ComponentIsItemSelected                      iswi.obl(ComponentConv.obs)
428  isrt._ComponentListItems                           iswi.obl(ComponentConv.obs)
429  isrt._ComponentRemoveAll                           iswi.obl(ComponentConv.obs)
430  isrt._ComponentSelectItem                          iswi.obl(ComponentConv.obs)
431  isrt._EnableDialogCache                            iswi.obl(ISWiInit.obs)
432  kernel32.GetLocalTime                              iswi.obl(ErrHandler.obs)
433  kernel32.GetWindowsDirectoryA                      iswi.obl(ErrHandler.obs)
434  msi.MsiCloseHandle                                 iswi.obl(RedirectedMsiFuncsConv.obs)
435  msi.MsiDatabaseOpenViewA                           Setup.obs
436  msi.MsiDoActionA                                   Setup.obs
437  msi.MsiGetActiveDatabase                           iswi.obl(RedirectedMsiFuncsConv.obs)
438  msi.MsiGetFeatureStateA                            Setup.obs
439  msi.MsiGetProductInfoA                             Setup.obs
440  msi.MsiGetPropertyA                                Setup.obs
441  msi.MsiGetSourcePathA                              Setup.obs
442  msi.MsiGetTargetPathA                              Setup.obs
443  msi.MsiRecordGetInteger                            iswi.obl(RedirectedMsiFuncsConv.obs)
444  msi.MsiRecordGetStringA                            Setup.obs
445  msi.MsiSetPropertyA                                Setup.obs
446  msi.MsiSetTargetPathA                              Setup.obs
447  msi.MsiViewExecute                                 iswi.obl(RedirectedMsiFuncsConv.obs)
448  msi.MsiViewFetch                                   iswi.obl(RedirectedMsiFuncsConv.obs)
449  program                                            iswi.obl(DriverConv.obs)
450  sfc.SRSetRestorePoint                              Setup.obs


***** External Variables *****
1    AdminToolsFolder                                   iswi.obl(DebugSymbolsConv.obs)
2    AppDataFolder                                      iswi.obl(DebugSymbolsConv.obs)
3    BATCH_INSTALL                                      Setup.obs
4    CMDLINE                                            iswi.obl(DebugSymbolsConv.obs)
5    CMPTFILTERLANGOBJ                                  iswi.obl(CompHelperFuncs.obs)
6    COMMONFILES                                        iswi.obl(DebugSymbolsConv.obs)
7    CommonAppDataFolder                                iswi.obl(DebugSymbolsConv.obs)
8    CommonFilesFolder                                  iswi.obl(DebugSymbolsConv.obs)
9    DISK1TARGET                                        Setup.obs
10   DesktopFolder                                      iswi.obl(DebugSymbolsConv.obs)
11   ERRORFILENAME                                      Setup.obs
12   ERRORINFO                                          iswi.obl(ComponentConv.obs)
13   Err                                                Setup.obs
14   FEATURE                                            iswi.obl(ComponentConv.obs)
15   FILEERROR                                          iswi.obl(ComponentConv.obs)
16   FILETIME                                           iswi.obl(AdminAskPath.obs)
17   FIND_DATA                                          iswi.obl(AdminAskPath.obs)
18   FOLDER_DESKTOP                                     iswi.obl(DebugSymbolsConv.obs)
19   FOLDER_PROGRAMS                                    iswi.obl(DebugSymbolsConv.obs)
20   FOLDER_STARTMENU                                   iswi.obl(DebugSymbolsConv.obs)
21   FOLDER_STARTUP                                     iswi.obl(DebugSymbolsConv.obs)
22   FavoritesFolder                                    iswi.obl(DebugSymbolsConv.obs)
23   FileRegistrar                                      Setup.obs
24   FontsFolder                                        iswi.obl(DebugSymbolsConv.obs)
25   INSTALLDIR                                         Setup.obs
26   ISMSI_HANDLE                                       iswi.obl(DebugSymbolsConv.obs)
27   ISRES                                              iswi.obl(DebugSymbolsConv.obs)
28   ISUSER                                             iswi.obl(DebugSymbolsConv.obs)
29   ISUTIL_FUNCTION_ERROR                              iswi.obl(CompHelperFuncs.obs)
30   ISUTIL_LINE_NUMBER                                 iswi.obl(CompHelperFuncs.obs)
31   ISUTIL_POSITIVE_ERROR                              iswi.obl(CompHelperFuncs.obs)
32   ISUTIL_SCRIPT_FILE                                 iswi.obl(CompHelperFuncs.obs)
33   ISVERSION                                          iswi.obl(DebugSymbolsConv.obs)
34   LAST_RESULT                                        Setup.obs
35   LVITEM                                             iswi.obl(SdDiskReqs.obs)
36   LV_COLUMN                                          iswi.obl(SdDiskReqs.obs)
37   LocalAppDataFolder                                 iswi.obl(DebugSymbolsConv.obs)
38   LogDB                                              Setup.obs
39   MAINTENANCE                                        iswi.obl(DebugSymbolsConv.obs)
40   MEDIA                                              Setup.obs
41   MODE                                               iswi.obl(DebugSymbolsConv.obs)
42   MainWindow                                         Setup.obs
43   MyPicturesFolder                                   iswi.obl(DebugSymbolsConv.obs)
44   NOTHING                                            Setup.obs
45   NetHoodFolder                                      iswi.obl(DebugSymbolsConv.obs)
46   OSINFO_PLATFORM_INFO                               Setup.obs
47   OSVERSIONINFO                                      iswi.obl(AdminAskPath.obs)
48   OSVERSIONINFOEX                                    iswi.obl(AdminAskPath.obs)
49   Objects                                            Setup.obs
50   PATCH                                              iswi.obl(DebugSymbolsConv.obs)
51   PRODUCT_GUID                                       iswi.obl(DebugSymbolsConv.obs)
52   PROGRAMFILES                                       iswi.obl(DebugSymbolsConv.obs)
53   PersonalFolder                                     iswi.obl(DebugSymbolsConv.obs)
54   PrintHoodFolder                                    iswi.obl(DebugSymbolsConv.obs)
55   ProgramFilesFolder                                 iswi.obl(DebugSymbolsConv.obs)
56   ProgramMenuFolder                                  iswi.obl(DebugSymbolsConv.obs)
57   RECT                                               iswi.obl(AdminAskPath.obs)
58   Reboot                                             Setup.obs
59   RecentFolder                                       iswi.obl(DebugSymbolsConv.obs)
60   SELECTED_LANGUAGE                                  iswi.obl(DebugSymbolsConv.obs)
61   SHELL_OBJECT_FOLDER                                Setup.obs
62   SRCDIR                                             Setup.obs
63   SRCDISK                                            iswi.obl(DebugSymbolsConv.obs)
64   SUPPORTDIR                                         iswi.obl(DebugSymbolsConv.obs)
65   SYSTEMTIME                                         iswi.obl(AdminAskPath.obs)
66   SYSTEMTIME2                                        iswi.obl(ErrHandler.obs)
67   SendToFolder                                       iswi.obl(DebugSymbolsConv.obs)
68   SetupInfo                                          Setup.obs
69   SourceDir                                          iswi.obl(DebugSymbolsConv.obs)
70   StartMenuFolder                                    iswi.obl(DebugSymbolsConv.obs)
71   StartupFolder                                      iswi.obl(DebugSymbolsConv.obs)
72   StatusDlg                                          Setup.obs
73   System16Folder                                     iswi.obl(DebugSymbolsConv.obs)
74   SystemFolder                                       iswi.obl(DebugSymbolsConv.obs)
75   TARGETDIR                                          Setup.obs
76   TARGETDISK                                         iswi.obl(DebugSymbolsConv.obs)
77   TempFolder                                         iswi.obl(DebugSymbolsConv.obs)
78   TemplateFolder                                     iswi.obl(DebugSymbolsConv.obs)
79   TextSub                                            Setup.obs
80   UNINST                                             Setup.obs
81   UNINSTALL_STRING                                   Setup.obs
82   WINDIR                                             iswi.obl(DebugSymbolsConv.obs)
83   WINDISK                                            iswi.obl(DebugSymbolsConv.obs)
84   WINSYSDIR                                          iswi.obl(DebugSymbolsConv.obs)
85   WINSYSDISK                                         iswi.obl(DebugSymbolsConv.obs)
86   WindowsFolder                                      iswi.obl(DebugSymbolsConv.obs)
87   WindowsVolume                                      iswi.obl(DebugSymbolsConv.obs)
88   _INT64                                             Setup.obs
89   _RESTOREINFO_                                      Setup.obs
90   _RESTOREPTINFO                                     Setup.obs
91   _SMGRSTATUS                                        Setup.obs
92   _SMGSTATUS_                                        Setup.obs
93   _WIN9X                                             Setup.obs
94   _WINNT                                             Setup.obs
95   __SYSTEMINFORMATION                                Setup.obs
96   __gbAliasingOff                                    iswi.obl(CompHelperFuncs.obs)
97   __gbGetTarget                                      iswi.obl(CompHelperFuncs.obs)
98   __gbMaintenance                                    iswi.obl(CompHelperFuncs.obs)
99   __gbReopening                                      iswi.obl(CompHelperFuncs.obs)
100  __ghActiveDataBase                                 iswi.obl(CompHelperFuncs.obs)
101  __ghErrFileHandle                                  iswi.obl(CompHelperFuncs.obs)
102  __ghMsiInstall                                     iswi.obl(CompHelperFuncs.obs)
103  __gnButtonSelected                                 iswi.obl(CompHelperFuncs.obs)
104  __gnLastError                                      iswi.obl(CompHelperFuncs.obs)
105  __gnMsiReturn                                      iswi.obl(CompHelperFuncs.obs)
106  __gnOSMask                                         iswi.obl(CompHelperFuncs.obs)
107  __gnScriptMode                                     iswi.obl(CompHelperFuncs.obs)
108  __goISDriver                                       iswi.obl(CompHelperFuncs.obs)
109  __goLanguageFilter                                 iswi.obl(CompHelperFuncs.obs)
110  __goMsiServer                                      iswi.obl(CompHelperFuncs.obs)
111  __gsINSTALLDIR                                     iswi.obl(CompHelperFuncs.obs)
112  __gsProductGuid                                    iswi.obl(CompHelperFuncs.obs)
113  __gsSourceDir                                      iswi.obl(CompHelperFuncs.obs)
114  __hContext                                         iswi.obl(CompHelperFuncs.obs)
115  __objGlobalTextSub                                 Setup.obs
116  __objStringTable                                   iswi.obl(ISWiInit.obs)
117  __szGUID                                           iswi.obl(RegistryConv.obs)
118  bBackButton                                        Setup.obs
119  bCancelButton                                      Setup.obs
120  bEnterDiskBeep                                     iswi.obl(AdminAskPath.obs)
121  bFinishButton                                      Setup.obs
122  bIfxPCHInitialized                                 Setup.obs
123  bIfxPCHOn                                          Setup.obs
124  bInstall16                                         Setup.obs
125  bNextButton                                        Setup.obs
126  bSdInit                                            Setup.obs
127  bViewCmptKunits                                    Setup.obs
128  bViewCmptUseDecimal                                Setup.obs
129  g_bSuppressMissingStringWarning                    iswi.obl(DriverConv.obs)
130  nIfxPCHType                                        Setup.obs
131  szAppKey                                           Setup.obs
132  szInstallDeinstKey                                 Setup.obs
133  szSdProduct                                        Setup.obs
134  szSdStr_NotEnoughSpace                             Setup.obs
