//////////////////////////////////////////////////////////////////////
/////////////////////////////// Summary //////////////////////////////
//////////////////////////////////////////////////////////////////////

		Features:  			        13
		Components:			        13
		Number of Files:		        24
		Size of Files:   		       1323311
		Size in Library:		        631075


		<Support>
			Engine
				Log
				Kernel
			Main Installation
				Script
				Setup
				StrTbl
				RunTime
				Resource
		<Data>
			Disk<1>
			OWSearchFeature


//////////////////////////////////////////////////////////////////////
///////////////////////////// Features ///////////////////////////////
//////////////////////////////////////////////////////////////////////

*<Support>*

		Component
		------------------------------------------------------

*<Support>\Engine*

		Component
		------------------------------------------------------

*<Support>\Engine\Log*

		Component
		------------------------------------------------------

*<Support>\Engine\Kernel*

		Component
		------------------------------------------------------
		"<Engine>Kernel Placeholder"
		"<Engine>EngineCommonPlaceHolder"

*<Support>\Main Installation*

		Component
		------------------------------------------------------

*<Support>\Main Installation\Script*

		Component
		------------------------------------------------------
		"<Support>Script"

*<Support>\Main Installation\Setup*

		Component
		------------------------------------------------------
		"<Support>Language Independent OS Independent Files"
		"<Support>Portuguese (Standard) OS Independent Files"
		"<Support>Misc Support Files"
		"<Support>Build Generated Support Files"

*<Support>\Main Installation\StrTbl*

		Component
		------------------------------------------------------
		"<Support>Portuguese (Standard) String Tables"

*<Support>\Main Installation\RunTime*

		Component
		------------------------------------------------------
		"<Support>Non-SelfRegistering"

*<Support>\Main Installation\Resource*

		Component
		------------------------------------------------------
		"<Support>Portuguese (Standard) Files"

*<Data>*

		Component
		------------------------------------------------------

*<Data>\Disk<1>*

		Component
		------------------------------------------------------
		"<Disk1>Disk1 Files(1)"
		"<Disk1>Disk1 Files(2)"
		"<Disk1>Disk1 Files(4)"

*<Data>\OWSearchFeature*

		Component
		------------------------------------------------------


//////////////////////////////////////////////////////////////////////
///////////////////////////// Components ////////////////////////////
//////////////////////////////////////////////////////////////////////

><Engine>Kernel Placeholder<

		Size of Files:   		             0


		File                                                    Date        Time         Size         Version            Attributes    MD5                                     Source file
		------------------------------------------------------  ----------  -----------  -----------  -----------------  ------------  --------------------------------------  ------------------------------------------------
		"ikernel.dll"                                           26-04-2002     19:48:38            0  ""                 "A"           "d98c1dd4-008f-04b2-e980-0998ecf8427e"  "c:\program files\installshield 10.5\support\build\ikernel.dll"
		"setup.dll"                                             25-03-2002     17:11:12            0  ""                 "A"           "d98c1dd4-008f-04b2-e980-0998ecf8427e"  "c:\program files\installshield 10.5\support\build\setup.dll"
		"dotnetinstaller.exe"                                   25-03-2002     17:11:28            0  ""                 "A"           "d98c1dd4-008f-04b2-e980-0998ecf8427e"  "c:\program files\installshield 10.5\support\build\dotnetinstaller.exe"
		"iscript.dll"                                           09-04-2002     22:24:12            0  ""                 "A"           "d98c1dd4-008f-04b2-e980-0998ecf8427e"  "c:\program files\installshield 10.5\support\build\iscript.dll"
		"ctor.dll"                                              09-04-2002     22:24:40            0  ""                 "A"           "d98c1dd4-008f-04b2-e980-0998ecf8427e"  "c:\program files\installshield 10.5\support\build\ctor.dll"
		"iuser.dll"                                             09-04-2002     22:24:54            0  ""                 "A"           "d98c1dd4-008f-04b2-e980-0998ecf8427e"  "c:\program files\installshield 10.5\support\build\iuser.dll"
		"igdi.dll"                                              25-04-2002     21:21:50            0  ""                 "A"           "d98c1dd4-008f-04b2-e980-0998ecf8427e"  "c:\program files\installshield 10.5\support\build\igdi.dll"

><Engine>EngineCommonPlaceHolder<

		Size of Files:   		             0


		File                                                    Date        Time         Size         Version            Attributes    MD5                                     Source file
		------------------------------------------------------  ----------  -----------  -----------  -----------------  ------------  --------------------------------------  ------------------------------------------------
		"isprobe.tlb"                                           26-11-2001     10:13:10            0  ""                 "A"           "d98c1dd4-008f-04b2-e980-0998ecf8427e"  "c:\program files\installshield 10.5\support\build\isprobe.tlb"
		"objectps.dll"                                          12-07-1999     13:45:30            0  ""                 "A"           "d98c1dd4-008f-04b2-e980-0998ecf8427e"  "c:\program files\installshield 10.5\support\build\objectps.dll"

><Support>Script<

		Size of Files:   		        201452
		Size in Library:		        144078


		File                                                    Date        Time         Size         Version            Attributes    MD5                                     Source file
		------------------------------------------------------  ----------  -----------  -----------  -----------------  ------------  --------------------------------------  ------------------------------------------------
		"setup.inx"                                             10-05-2005     20:19:16       201452  ""                 "A"           "2522c820-1f6a-6e9d-6e26-d23ae6a68ba4"  "d:\work\ownet\versão 5.0.0\sources\setup\owsearchsetup\owsearchsetup\script files\setup.inx"

><Support>Language Independent OS Independent Files<

		Size of Files:   		         14435
		Size in Library:		          4261


		File                                                    Date        Time         Size         Version            Attributes    MD5                                     Source file
		------------------------------------------------------  ----------  -----------  -----------  -----------------  ------------  --------------------------------------  ------------------------------------------------
		"licenca_utilizacao_owsearch.rtf"                       09-05-2005     15:05:10        14435  ""                 "RA"          "31adc3e0-5a9f-bf15-c4a2-12c6f01eb649"  "z:\setup\licenses\licenca_utilizacao_owsearch.rtf"

><Support>Portuguese (Standard) OS Independent Files<

		Size of Files:   		         61440
		Size in Library:		          4309


		File                                                    Date        Time         Size         Version            Attributes    MD5                                     Source file
		------------------------------------------------------  ----------  -----------  -----------  -----------------  ------------  --------------------------------------  ------------------------------------------------
		"_isuser.dll"                                           10-05-2005     20:19:18        61440  ""                 "A"           "3346dce9-02ad-0451-915e-3e7a6ccbf76a"  "d:\work\ownet\versão 5.0.0\sources\setup\owsearchsetup\owsearchsetup\_isuser\2070\_isuser.dll"

><Support>Misc Support Files<

		Size of Files:   		         65503
		Size in Library:		         12414


		File                                                    Date        Time         Size         Version            Attributes    MD5                                     Source file
		------------------------------------------------------  ----------  -----------  -----------  -----------------  ------------  --------------------------------------  ------------------------------------------------
		"corecomp.ini"                                          15-04-2002     17:04:36        65503  ""                 "A"           "ec8cd309-a0a6-f412-ce5b-54f03db9b21a"  "c:\program files\installshield 10.5\redist\compressed files\language independent\os independent\corecomp.ini"

><Support>Build Generated Support Files<

		Size of Files:   		            40
		Size in Library:		            44


		File                                                    Date        Time         Size         Version            Attributes    MD5                                     Source file
		------------------------------------------------------  ----------  -----------  -----------  -----------------  ------------  --------------------------------------  ------------------------------------------------
		"fontdata.ini"                                          10-05-2005     20:19:18           40  ""                 "A"           "3727ed57-b92f-ddc3-52a8-e90b1c6727b0"  "c:\docume~1\nma~1.par\locals~1\temp\fontdata.ini"

><Support>Portuguese (Standard) String Tables<

		Size of Files:   		          3869
		Size in Library:		          1045


		File                                                    Date        Time         Size         Version            Attributes    MD5                                     Source file
		------------------------------------------------------  ----------  -----------  -----------  -----------------  ------------  --------------------------------------  ------------------------------------------------
		"stringtable-0816-portuguese (standard).ips"            10-05-2005     20:19:16         3869  ""                 "A"           "2c105128-2b90-309c-e701-79f46ca64d5e"  "d:\work\ownet\versão 5.0.0\sources\setup\owsearchsetup\owsearchsetup\string tables\stringtable-0816-portuguese (standard).ips"

><Support>Non-SelfRegistering<

		Size of Files:   		        414864
		Size in Library:		        206850


		File                                                    Date        Time         Size         Version            Attributes    MD5                                     Source file
		------------------------------------------------------  ----------  -----------  -----------  -----------------  ------------  --------------------------------------  ------------------------------------------------
		"isrt.dll"                                              22-10-2004     02:18:38       413696  "10.50.0.125"      "A"           "9ce63a98-bbe1-3b1c-4b95-fe4a3d36f7be"  "c:\program files\installshield 10.5\redist\compressed files\language independent\intel 32\isrt.dll"
		"default.pal"                                           16-09-1999     10:24:10         1168  ""                 "A"           "3ffeba0a-d069-4953-4405-061de2629c82"  "c:\program files\installshield 10.5\redist\compressed files\language independent\intel 32\default.pal"

><Support>Portuguese (Standard) Files<

		Size of Files:   		        397312
		Size in Library:		         93678


		File                                                    Date        Time         Size         Version            Attributes    MD5                                     Source file
		------------------------------------------------------  ----------  -----------  -----------  -----------------  ------------  --------------------------------------  ------------------------------------------------
		"_isres.dll"                                            22-10-2004     03:53:16       397312  "10.50.0.125"      "A"           "cda9303f-6dff-a353-7be0-a2d91425a3ac"  "c:\program files\installshield 10.5\redist\0816\i386\skins\_isres.dll"

><Disk1>Disk1 Files(1)<

		Size of Files:   		             0


		File                                                    Date        Time         Size         Version            Attributes    MD5                                     Source file
		------------------------------------------------------  ----------  -----------  -----------  -----------------  ------------  --------------------------------------  ------------------------------------------------
		"layout.bin"                                            28-06-1999     18:30:10            0  ""                 "A"           "d98c1dd4-008f-04b2-e980-0998ecf8427e"  "c:\program files\installshield 10.5\support\build\layout.bin"
		"data1.hdr"                                             28-06-1999     18:30:10            0  ""                 "A"           "d98c1dd4-008f-04b2-e980-0998ecf8427e"  "c:\program files\installshield 10.5\support\build\data1.hdr"
		"data1.cab"                                             28-06-1999     18:30:10            0  ""                 "A"           "d98c1dd4-008f-04b2-e980-0998ecf8427e"  "c:\program files\installshield 10.5\support\build\data1.cab"

><Disk1>Disk1 Files(2)<

		Size of Files:   		        163957
		Size in Library:		        163957


		File                                                    Date        Time         Size         Version            Attributes    MD5                                     Source file
		------------------------------------------------------  ----------  -----------  -----------  -----------------  ------------  --------------------------------------  ------------------------------------------------
		"setup.exe"                                             24-03-2005     11:02:00       119016  "10.50.0.132"      "A"           "efde1976-2fc8-ddc6-4fc3-7f1a31fac22e"  "d:\work\ownet\versão 5.0.0\sources\setup\owsearchsetup\owsearchsetup\media\release 1\disk images\disk1\setup.exe"
		"setup.isn"                                             22-10-2004     04:17:22        44941  ""                 "A"           "bea6b413-33b3-b653-3de3-1e771072cb6b"  "d:\work\ownet\versão 5.0.0\sources\setup\owsearchsetup\owsearchsetup\media\release 1\disk images\disk1\setup.isn"

><Disk1>Disk1 Files(4)<

		Size of Files:   		           439
		Size in Library:		           439


		File                                                    Date        Time         Size         Version            Attributes    MD5                                     Source file
		------------------------------------------------------  ----------  -----------  -----------  -----------------  ------------  --------------------------------------  ------------------------------------------------
		"setup.ini"                                             10-05-2005     20:19:18          439  ""                 "A"           "542a850b-6bd3-5064-267e-b35950d5adf8"  "d:\work\ownet\versão 5.0.0\sources\setup\owsearchsetup\owsearchsetup\media\release 1\disk images\disk1\setup.ini"
